19:22:19 **** Build of configuration Debug for project RTOS ****
make -j8 all 
arm-none-eabi-gcc -mcpu=cortex-m3 -g3 -DDEBUG -c -x assembler-with-cpp -MMD -MP -MF"Startup/startup_stm32f103c8tx.d" -MT"Startup/startup_stm32f103c8tx.o" --specs=nano.specs -mfloat-abi=soft -mthumb -o "Startup/startup_stm32f103c8tx.o" "../Startup/startup_stm32f103c8tx.s"
arm-none-eabi-gcc "../Src/KRTOS_cfg.c" -mcpu=cortex-m3 -std=gnu11 -g3 -DDEBUG -DSTM32 -DSTM32F1 -DSTM32F103C8Tx -c -I"C:/RTOS/STM32Cube/RTOS/KRTOS/inc" -I../Inc -I"C:/RTOS/STM32Cube/RTOS/Inc/CMSIS/Include" -I"C:/RTOS/STM32Cube/RTOS/Inc/CMSIS/Device/ST/STM32F1xx/Include" -O0 -ffunction-sections -fdata-sections -Wall -fstack-usage -fcyclomatic-complexity -MMD -MP -MF"Src/KRTOS_cfg.d" -MT"Src/KRTOS_cfg.o" --specs=nano.specs -mfloat-abi=soft -mthumb -o "Src/KRTOS_cfg.o"
arm-none-eabi-gcc "../Src/Time_Base.c" -mcpu=cortex-m3 -std=gnu11 -g3 -DDEBUG -DSTM32 -DSTM32F1 -DSTM32F103C8Tx -c -I"C:/RTOS/STM32Cube/RTOS/KRTOS/inc" -I../Inc -I"C:/RTOS/STM32Cube/RTOS/Inc/CMSIS/Include" -I"C:/RTOS/STM32Cube/RTOS/Inc/CMSIS/Device/ST/STM32F1xx/Include" -O0 -ffunction-sections -fdata-sections -Wall -fstack-usage -fcyclomatic-complexity -MMD -MP -MF"Src/Time_Base.d" -MT"Src/Time_Base.o" --specs=nano.specs -mfloat-abi=soft -mthumb -o "Src/Time_Base.o"
arm-none-eabi-gcc "../Src/main.c" -mcpu=cortex-m3 -std=gnu11 -g3 -DDEBUG -DSTM32 -DSTM32F1 -DSTM32F103C8Tx -c -I"C:/RTOS/STM32Cube/RTOS/KRTOS/inc" -I../Inc -I"C:/RTOS/STM32Cube/RTOS/Inc/CMSIS/Include" -I"C:/RTOS/STM32Cube/RTOS/Inc/CMSIS/Device/ST/STM32F1xx/Include" -O0 -ffunction-sections -fdata-sections -Wall -fstack-usage -fcyclomatic-complexity -MMD -MP -MF"Src/main.d" -MT"Src/main.o" --specs=nano.specs -mfloat-abi=soft -mthumb -o "Src/main.o"
arm-none-eabi-gcc "../Src/syscalls.c" -mcpu=cortex-m3 -std=gnu11 -g3 -DDEBUG -DSTM32 -DSTM32F1 -DSTM32F103C8Tx -c -I"C:/RTOS/STM32Cube/RTOS/KRTOS/inc" -I../Inc -I"C:/RTOS/STM32Cube/RTOS/Inc/CMSIS/Include" -I"C:/RTOS/STM32Cube/RTOS/Inc/CMSIS/Device/ST/STM32F1xx/Include" -O0 -ffunction-sections -fdata-sections -Wall -fstack-usage -fcyclomatic-complexity -MMD -MP -MF"Src/syscalls.d" -MT"Src/syscalls.o" --specs=nano.specs -mfloat-abi=soft -mthumb -o "Src/syscalls.o"
arm-none-eabi-gcc "../Src/sysmem.c" -mcpu=cortex-m3 -std=gnu11 -g3 -DDEBUG -DSTM32 -DSTM32F1 -DSTM32F103C8Tx -c -I"C:/RTOS/STM32Cube/RTOS/KRTOS/inc" -I../Inc -I"C:/RTOS/STM32Cube/RTOS/Inc/CMSIS/Include" -I"C:/RTOS/STM32Cube/RTOS/Inc/CMSIS/Device/ST/STM32F1xx/Include" -O0 -ffunction-sections -fdata-sections -Wall -fstack-usage -fcyclomatic-complexity -MMD -MP -MF"Src/sysmem.d" -MT"Src/sysmem.o" --specs=nano.specs -mfloat-abi=soft -mthumb -o "Src/sysmem.o"
arm-none-eabi-gcc "../KRTOS/src/osKernel.c" -mcpu=cortex-m3 -std=gnu11 -g3 -DDEBUG -DSTM32 -DSTM32F1 -DSTM32F103C8Tx -c -I"C:/RTOS/STM32Cube/RTOS/KRTOS/inc" -I../Inc -I"C:/RTOS/STM32Cube/RTOS/Inc/CMSIS/Include" -I"C:/RTOS/STM32Cube/RTOS/Inc/CMSIS/Device/ST/STM32F1xx/Include" -O0 -ffunction-sections -fdata-sections -Wall -fstack-usage -fcyclomatic-complexity -MMD -MP -MF"KRTOS/src/osKernel.d" -MT"KRTOS/src/osKernel.o" --specs=nano.specs -mfloat-abi=soft -mthumb -o "KRTOS/src/osKernel.o"
../KRTOS/src/osKernel.c: In function 'osKernel_ThreadCreate':
../KRTOS/src/osKernel.c:35:42: warning: pointer targets in assignment from 'int32_t *' {aka 'long int *'} to 'uint32_t *' {aka 'long unsigned int *'} differ in signedness [-Wpointer-sign]
   35 |                 tcbs[Tasks_number].stack = (int32_t *)calloc(tcbs[Tasks_number].stack_size, sizeof(uint32_t));
      |                                          ^
../KRTOS/src/osKernel.c: In function 'osKernelStack_Init':
../KRTOS/src/osKernel.c:50:29: warning: pointer targets in assignment from 'uint32_t *' {aka 'long unsigned int *'} to 'int32_t *' {aka 'long int *'} differ in signedness [-Wpointer-sign]
   50 |         tcbs[index].stackpt = &tcbs[index].stack[stack_size - 16];
      |                             ^
../KRTOS/src/osKernel.c: In function 'osKernel_ThreadCreate':
../KRTOS/src/osKernel.c:43:1: warning: control reaches end of non-void function [-Wreturn-type]
   43 | }
      | ^
../KRTOS/src/osKernel.c: In function 'osKernel_init':
../KRTOS/src/osKernel.c:89:1: warning: control reaches end of non-void function [-Wreturn-type]
   89 | }
      | ^
At top level:
../KRTOS/src/osKernel.c:91:13: warning: 'osSchedular_Launch' defined but not used [-Wunused-function]
   91 | static void osSchedular_Launch(void)
      |             ^~~~~~~~~~~~~~~~~~
arm-none-eabi-gcc -o "RTOS.elf" @"objects.list"   -mcpu=cortex-m3 -T"C:\RTOS\STM32Cube\RTOS\STM32F103C8TX_FLASH.ld" --specs=nosys.specs -Wl,-Map="RTOS.map" -Wl,--gc-sections -static --specs=nano.specs -mfloat-abi=soft -mthumb -Wl,--start-group -lc -lm -Wl,--end-group
Finished building target: RTOS.elf
 
arm-none-eabi-size   RTOS.elf 
arm-none-eabi-objdump -h -S  RTOS.elf  > "RTOS.list"
   text	   data	    bss	    dec	    hex	filename
   2312	     88	   2240	   4640	   1220	RTOS.elf
Finished building: default.size.stdout
 
Finished building: RTOS.list
 
19:22:34 **** Incremental Build of configuration Debug for project 5_RoundRobinScheduler ****
make -j8 all 
arm-none-eabi-size   5_RoundRobinScheduler.elf 
   text	   data	    bss	    dec	    hex	filename
   6120	    100	   6748	  12968	   32a8	5_RoundRobinScheduler.elf
Finished building: default.size.stdout
 
19:22:45 **** Incremental Build of configuration Debug for project RTOS ****
make -j8 all 
arm-none-eabi-size   RTOS.elf 
   text	   data	    bss	    dec	    hex	filename
   2312	     88	   2240	   4640	   1220	RTOS.elf
Finished building: default.size.stdout
 
19:23:32 **** Incremental Build of configuration Debug for project RTOS ****
make -j8 all 
arm-none-eabi-gcc "../KRTOS/src/osKernel.c" -mcpu=cortex-m3 -std=gnu11 -g3 -DDEBUG -DSTM32 -DSTM32F1 -DSTM32F103C8Tx -c -I"C:/RTOS/STM32Cube/RTOS/KRTOS/inc" -I../Inc -I"C:/RTOS/STM32Cube/RTOS/Inc/CMSIS/Include" -I"C:/RTOS/STM32Cube/RTOS/Inc/CMSIS/Device/ST/STM32F1xx/Include" -O0 -ffunction-sections -fdata-sections -Wall -fstack-usage -fcyclomatic-complexity -MMD -MP -MF"KRTOS/src/osKernel.d" -MT"KRTOS/src/osKernel.o" --specs=nano.specs -mfloat-abi=soft -mthumb -o "KRTOS/src/osKernel.o"
../KRTOS/src/osKernel.c: In function 'osKernel_ThreadCreate':
../KRTOS/src/osKernel.c:35:42: warning: pointer targets in assignment from 'int32_t *' {aka 'long int *'} to 'uint32_t *' {aka 'long unsigned int *'} differ in signedness [-Wpointer-sign]
   35 |                 tcbs[Tasks_number].stack = (int32_t *)calloc(tcbs[Tasks_number].stack_size, sizeof(uint32_t));
      |                                          ^
../KRTOS/src/osKernel.c: In function 'osKernelStack_Init':
../KRTOS/src/osKernel.c:50:29: warning: pointer targets in assignment from 'uint32_t *' {aka 'long unsigned int *'} to 'int32_t *' {aka 'long int *'} differ in signedness [-Wpointer-sign]
   50 |         tcbs[index].stackpt = &tcbs[index].stack[stack_size - 16];
      |                             ^
../KRTOS/src/osKernel.c: In function 'osKernel_ThreadCreate':
../KRTOS/src/osKernel.c:43:1: warning: control reaches end of non-void function [-Wreturn-type]
   43 | }
      | ^
../KRTOS/src/osKernel.c: In function 'osKernel_init':
../KRTOS/src/osKernel.c:89:1: warning: control reaches end of non-void function [-Wreturn-type]
   89 | }
      | ^
arm-none-eabi-gcc -o "RTOS.elf" @"objects.list"   -mcpu=cortex-m3 -T"C:\RTOS\STM32Cube\RTOS\STM32F103C8TX_FLASH.ld" --specs=nosys.specs -Wl,-Map="RTOS.map" -Wl,--gc-sections -static --specs=nano.specs -mfloat-abi=soft -mthumb -Wl,--start-group -lc -lm -Wl,--end-group
Finished building target: RTOS.elf
 
arm-none-eabi-size   RTOS.elf 
arm-none-eabi-objdump -h -S  RTOS.elf  > "RTOS.list"
   text	   data	    bss	    dec	    hex	filename
   2364	     88	   2240	   4692	   1254	RTOS.elf
Finished building: default.size.stdout
 
Finished building: RTOS.list
 
19:23:45 **** Incremental Build of configuration Debug for project RTOS ****
make -j8 all 
arm-none-eabi-size   RTOS.elf 
   text	   data	    bss	    dec	    hex	filename
   2364	     88	   2240	   4692	   1254	RTOS.elf
Finished building: default.size.stdout
 
19:26:38 **** Incremental Build of configuration Debug for project 5_RoundRobinScheduler ****
make -j8 all 
arm-none-eabi-size   5_RoundRobinScheduler.elf 
   text	   data	    bss	    dec	    hex	filename
   6120	    100	   6748	  12968	   32a8	5_RoundRobinScheduler.elf
Finished building: default.size.stdout
 
19:26:38 **** Incremental Build of configuration Debug for project RTOS ****
make -j8 all 
arm-none-eabi-gcc "../KRTOS/src/osKernel.c" -mcpu=cortex-m3 -std=gnu11 -g3 -DDEBUG -DSTM32 -DSTM32F1 -DSTM32F103C8Tx -c -I"C:/RTOS/STM32Cube/RTOS/KRTOS/inc" -I../Inc -I"C:/RTOS/STM32Cube/RTOS/Inc/CMSIS/Include" -I"C:/RTOS/STM32Cube/RTOS/Inc/CMSIS/Device/ST/STM32F1xx/Include" -O0 -ffunction-sections -fdata-sections -Wall -fstack-usage -fcyclomatic-complexity -MMD -MP -MF"KRTOS/src/osKernel.d" -MT"KRTOS/src/osKernel.o" --specs=nano.specs -mfloat-abi=soft -mthumb -o "KRTOS/src/osKernel.o"
../KRTOS/src/osKernel.c: In function 'osKernel_ThreadCreate':
../KRTOS/src/osKernel.c:35:42: warning: pointer targets in assignment from 'int32_t *' {aka 'long int *'} to 'uint32_t *' {aka 'long unsigned int *'} differ in signedness [-Wpointer-sign]
   35 |                 tcbs[Tasks_number].stack = (int32_t *)calloc(tcbs[Tasks_number].stack_size, sizeof(uint32_t));
      |                                          ^
../KRTOS/src/osKernel.c:43:1: warning: control reaches end of non-void function [-Wreturn-type]
   43 | }
      | ^
../KRTOS/src/osKernel.c: In function 'osKernel_init':
../KRTOS/src/osKernel.c:89:1: warning: control reaches end of non-void function [-Wreturn-type]
   89 | }
      | ^
arm-none-eabi-gcc -o "RTOS.elf" @"objects.list"   -mcpu=cortex-m3 -T"C:\RTOS\STM32Cube\RTOS\STM32F103C8TX_FLASH.ld" --specs=nosys.specs -Wl,-Map="RTOS.map" -Wl,--gc-sections -static --specs=nano.specs -mfloat-abi=soft -mthumb -Wl,--start-group -lc -lm -Wl,--end-group
Finished building target: RTOS.elf
 
arm-none-eabi-size   RTOS.elf 
arm-none-eabi-objdump -h -S  RTOS.elf  > "RTOS.list"
   text	   data	    bss	    dec	    hex	filename
   2364	     88	   2240	   4692	   1254	RTOS.elf
Finished building: default.size.stdout
 
Finished building: RTOS.list
 
19:26:41 **** Incremental Build of configuration Debug for project RTOS ****
make -j8 all 
arm-none-eabi-size   RTOS.elf 
   text	   data	    bss	    dec	    hex	filename
   2364	     88	   2240	   4692	   1254	RTOS.elf
Finished building: default.size.stdout
 
19:38:26 **** Incremental Build of configuration Debug for project RTOS ****
make -j8 all 
arm-none-eabi-size   RTOS.elf 
   text	   data	    bss	    dec	    hex	filename
   2364	     88	   2240	   4692	   1254	RTOS.elf
Finished building: default.size.stdout
 
19:38:35 **** Incremental Build of configuration Debug for project RTOS ****
make -j8 all 
arm-none-eabi-size   RTOS.elf 
   text	   data	    bss	    dec	    hex	filename
   2364	     88	   2240	   4692	   1254	RTOS.elf
Finished building: default.size.stdout
 
19:38:51 **** Incremental Build of configuration Debug for project 5_RoundRobinScheduler ****
make -j8 all 
arm-none-eabi-size   5_RoundRobinScheduler.elf 
   text	   data	    bss	    dec	    hex	filename
   6120	    100	   6748	  12968	   32a8	5_RoundRobinScheduler.elf
Finished building: default.size.stdout
 
19:39:20 **** Incremental Build of configuration Debug for project 5_RoundRobinScheduler ****
make -j8 all 
arm-none-eabi-size   5_RoundRobinScheduler.elf 
   text	   data	    bss	    dec	    hex	filename
   6120	    100	   6748	  12968	   32a8	5_RoundRobinScheduler.elf
Finished building: default.size.stdout
 
20:10:59 **** Incremental Build of configuration Debug for project RTOS ****
make -j8 all 
arm-none-eabi-size   RTOS.elf 
   text	   data	    bss	    dec	    hex	filename
   2364	     88	   2240	   4692	   1254	RTOS.elf
Finished building: default.size.stdout
 
20:13:27 **** Incremental Build of configuration Debug for project RTOS ****
make -j8 all 
arm-none-eabi-gcc "../KRTOS/src/osKernel.c" -mcpu=cortex-m3 -std=gnu11 -g3 -DDEBUG -DSTM32 -DSTM32F1 -DSTM32F103C8Tx -c -I"C:/RTOS/STM32Cube/RTOS/KRTOS/inc" -I../Inc -I"C:/RTOS/STM32Cube/RTOS/Inc/CMSIS/Include" -I"C:/RTOS/STM32Cube/RTOS/Inc/CMSIS/Device/ST/STM32F1xx/Include" -O0 -ffunction-sections -fdata-sections -Wall -fstack-usage -fcyclomatic-complexity -MMD -MP -MF"KRTOS/src/osKernel.d" -MT"KRTOS/src/osKernel.o" --specs=nano.specs -mfloat-abi=soft -mthumb -o "KRTOS/src/osKernel.o"
../KRTOS/src/osKernel.c: In function 'osKernel_ThreadCreate':
../KRTOS/src/osKernel.c:35:42: warning: pointer targets in assignment from 'int32_t *' {aka 'long int *'} to 'uint32_t *' {aka 'long unsigned int *'} differ in signedness [-Wpointer-sign]
   35 |                 tcbs[Tasks_number].stack = (int32_t *)calloc(tcbs[Tasks_number].stack_size, sizeof(uint32_t));
      |                                          ^
../KRTOS/src/osKernel.c:43:1: warning: control reaches end of non-void function [-Wreturn-type]
   43 | }
      | ^
../KRTOS/src/osKernel.c: In function 'osKernel_init':
../KRTOS/src/osKernel.c:89:1: warning: control reaches end of non-void function [-Wreturn-type]
   89 | }
      | ^
arm-none-eabi-gcc -o "RTOS.elf" @"objects.list"   -mcpu=cortex-m3 -T"C:\RTOS\STM32Cube\RTOS\STM32F103C8TX_FLASH.ld" --specs=nosys.specs -Wl,-Map="RTOS.map" -Wl,--gc-sections -static --specs=nano.specs -mfloat-abi=soft -mthumb -Wl,--start-group -lc -lm -Wl,--end-group
Finished building target: RTOS.elf
 
arm-none-eabi-size   RTOS.elf 
arm-none-eabi-objdump -h -S  RTOS.elf  > "RTOS.list"
   text	   data	    bss	    dec	    hex	filename
   2364	     88	   2240	   4692	   1254	RTOS.elf
Finished building: default.size.stdout
 
Finished building: RTOS.list
 
20:23:21 **** Incremental Build of configuration Debug for project 5_RoundRobinScheduler ****
make -j8 all 
arm-none-eabi-size   5_RoundRobinScheduler.elf 
   text	   data	    bss	    dec	    hex	filename
   6120	    100	   6748	  12968	   32a8	5_RoundRobinScheduler.elf
Finished building: default.size.stdout
 
20:28:57 **** Incremental Build of configuration Debug for project RTOS ****
make -j8 all 
arm-none-eabi-size   RTOS.elf 
   text	   data	    bss	    dec	    hex	filename
   2364	     88	   2240	   4692	   1254	RTOS.elf
Finished building: default.size.stdout
 
20:32:36 **** Incremental Build of configuration Debug for project RTOS ****
make -j8 all 
arm-none-eabi-gcc "../KRTOS/src/osKernel.c" -mcpu=cortex-m3 -std=gnu11 -g3 -DDEBUG -DSTM32 -DSTM32F1 -DSTM32F103C8Tx -c -I"C:/RTOS/STM32Cube/RTOS/KRTOS/inc" -I../Inc -I"C:/RTOS/STM32Cube/RTOS/Inc/CMSIS/Include" -I"C:/RTOS/STM32Cube/RTOS/Inc/CMSIS/Device/ST/STM32F1xx/Include" -O0 -ffunction-sections -fdata-sections -Wall -fstack-usage -fcyclomatic-complexity -MMD -MP -MF"KRTOS/src/osKernel.d" -MT"KRTOS/src/osKernel.o" --specs=nano.specs -mfloat-abi=soft -mthumb -o "KRTOS/src/osKernel.o"
../KRTOS/src/osKernel.c: In function 'osKernel_ThreadCreate':
../KRTOS/src/osKernel.c:35:42: warning: pointer targets in assignment from 'int32_t *' {aka 'long int *'} to 'uint32_t *' {aka 'long unsigned int *'} differ in signedness [-Wpointer-sign]
   35 |                 tcbs[Tasks_number].stack = (int32_t *)calloc(tcbs[Tasks_number].stack_size, sizeof(uint32_t));
      |                                          ^
../KRTOS/src/osKernel.c:43:1: warning: control reaches end of non-void function [-Wreturn-type]
   43 | }
      | ^
../KRTOS/src/osKernel.c: In function 'osKernel_init':
../KRTOS/src/osKernel.c:97:1: warning: control reaches end of non-void function [-Wreturn-type]
   97 | }
      | ^
arm-none-eabi-gcc -o "RTOS.elf" @"objects.list"   -mcpu=cortex-m3 -T"C:\RTOS\STM32Cube\RTOS\STM32F103C8TX_FLASH.ld" --specs=nosys.specs -Wl,-Map="RTOS.map" -Wl,--gc-sections -static --specs=nano.specs -mfloat-abi=soft -mthumb -Wl,--start-group -lc -lm -Wl,--end-group
Finished building target: RTOS.elf
 
arm-none-eabi-size   RTOS.elf 
arm-none-eabi-objdump -h -S  RTOS.elf  > "RTOS.list"
   text	   data	    bss	    dec	    hex	filename
   2588	     88	   2240	   4916	   1334	RTOS.elf
Finished building: default.size.stdout
 
Finished building: RTOS.list
 
20:40:45 **** Incremental Build of configuration Debug for project RTOS ****
make -j8 all 
arm-none-eabi-gcc "../Src/KRTOS_cfg.c" -mcpu=cortex-m3 -std=gnu11 -g3 -DDEBUG -DSTM32 -DSTM32F1 -DSTM32F103C8Tx -c -I"C:/RTOS/STM32Cube/RTOS/KRTOS/inc" -I../Inc -I"C:/RTOS/STM32Cube/RTOS/Inc/CMSIS/Include" -I"C:/RTOS/STM32Cube/RTOS/Inc/CMSIS/Device/ST/STM32F1xx/Include" -O0 -ffunction-sections -fdata-sections -Wall -fstack-usage -fcyclomatic-complexity -MMD -MP -MF"Src/KRTOS_cfg.d" -MT"Src/KRTOS_cfg.o" --specs=nano.specs -mfloat-abi=soft -mthumb -o "Src/KRTOS_cfg.o"
arm-none-eabi-gcc "../Src/main.c" -mcpu=cortex-m3 -std=gnu11 -g3 -DDEBUG -DSTM32 -DSTM32F1 -DSTM32F103C8Tx -c -I"C:/RTOS/STM32Cube/RTOS/KRTOS/inc" -I../Inc -I"C:/RTOS/STM32Cube/RTOS/Inc/CMSIS/Include" -I"C:/RTOS/STM32Cube/RTOS/Inc/CMSIS/Device/ST/STM32F1xx/Include" -O0 -ffunction-sections -fdata-sections -Wall -fstack-usage -fcyclomatic-complexity -MMD -MP -MF"Src/main.d" -MT"Src/main.o" --specs=nano.specs -mfloat-abi=soft -mthumb -o "Src/main.o"
arm-none-eabi-gcc "../KRTOS/src/osKernel.c" -mcpu=cortex-m3 -std=gnu11 -g3 -DDEBUG -DSTM32 -DSTM32F1 -DSTM32F103C8Tx -c -I"C:/RTOS/STM32Cube/RTOS/KRTOS/inc" -I../Inc -I"C:/RTOS/STM32Cube/RTOS/Inc/CMSIS/Include" -I"C:/RTOS/STM32Cube/RTOS/Inc/CMSIS/Device/ST/STM32F1xx/Include" -O0 -ffunction-sections -fdata-sections -Wall -fstack-usage -fcyclomatic-complexity -MMD -MP -MF"KRTOS/src/osKernel.d" -MT"KRTOS/src/osKernel.o" --specs=nano.specs -mfloat-abi=soft -mthumb -o "KRTOS/src/osKernel.o"
../KRTOS/src/osKernel.c: In function 'osKernel_ThreadCreate':
../KRTOS/src/osKernel.c:43:1: warning: control reaches end of non-void function [-Wreturn-type]
   43 | }
      | ^
../KRTOS/src/osKernel.c: In function 'osKernel_init':
../KRTOS/src/osKernel.c:97:1: warning: control reaches end of non-void function [-Wreturn-type]
   97 | }
      | ^
arm-none-eabi-gcc -o "RTOS.elf" @"objects.list"   -mcpu=cortex-m3 -T"C:\RTOS\STM32Cube\RTOS\STM32F103C8TX_FLASH.ld" --specs=nosys.specs -Wl,-Map="RTOS.map" -Wl,--gc-sections -static --specs=nano.specs -mfloat-abi=soft -mthumb -Wl,--start-group -lc -lm -Wl,--end-group
Finished building target: RTOS.elf
 
arm-none-eabi-size   RTOS.elf 
arm-none-eabi-objdump -h -S  RTOS.elf  > "RTOS.list"
   text	   data	    bss	    dec	    hex	filename
   2588	     88	   2240	   4916	   1334	RTOS.elf
Finished building: default.size.stdout
 
Finished building: RTOS.list
 
20:41:20 **** Incremental Build of configuration Debug for project RTOS ****
make -j8 all 
arm-none-eabi-size   RTOS.elf 
   text	   data	    bss	    dec	    hex	filename
   2588	     88	   2240	   4916	   1334	RTOS.elf
Finished building: default.size.stdout
 
20:45:53 **** Incremental Build of configuration Debug for project RTOS ****
make -j8 all 
arm-none-eabi-gcc "../Src/KRTOS_cfg.c" -mcpu=cortex-m3 -std=gnu11 -g3 -DDEBUG -DSTM32 -DSTM32F1 -DSTM32F103C8Tx -c -I"C:/RTOS/STM32Cube/RTOS/KRTOS/inc" -I../Inc -I"C:/RTOS/STM32Cube/RTOS/Inc/CMSIS/Include" -I"C:/RTOS/STM32Cube/RTOS/Inc/CMSIS/Device/ST/STM32F1xx/Include" -O0 -ffunction-sections -fdata-sections -Wall -fstack-usage -fcyclomatic-complexity -MMD -MP -MF"Src/KRTOS_cfg.d" -MT"Src/KRTOS_cfg.o" --specs=nano.specs -mfloat-abi=soft -mthumb -o "Src/KRTOS_cfg.o"
arm-none-eabi-gcc "../Src/main.c" -mcpu=cortex-m3 -std=gnu11 -g3 -DDEBUG -DSTM32 -DSTM32F1 -DSTM32F103C8Tx -c -I"C:/RTOS/STM32Cube/RTOS/KRTOS/inc" -I../Inc -I"C:/RTOS/STM32Cube/RTOS/Inc/CMSIS/Include" -I"C:/RTOS/STM32Cube/RTOS/Inc/CMSIS/Device/ST/STM32F1xx/Include" -O0 -ffunction-sections -fdata-sections -Wall -fstack-usage -fcyclomatic-complexity -MMD -MP -MF"Src/main.d" -MT"Src/main.o" --specs=nano.specs -mfloat-abi=soft -mthumb -o "Src/main.o"
arm-none-eabi-gcc "../KRTOS/src/osKernel.c" -mcpu=cortex-m3 -std=gnu11 -g3 -DDEBUG -DSTM32 -DSTM32F1 -DSTM32F103C8Tx -c -I"C:/RTOS/STM32Cube/RTOS/KRTOS/inc" -I../Inc -I"C:/RTOS/STM32Cube/RTOS/Inc/CMSIS/Include" -I"C:/RTOS/STM32Cube/RTOS/Inc/CMSIS/Device/ST/STM32F1xx/Include" -O0 -ffunction-sections -fdata-sections -Wall -fstack-usage -fcyclomatic-complexity -MMD -MP -MF"KRTOS/src/osKernel.d" -MT"KRTOS/src/osKernel.o" --specs=nano.specs -mfloat-abi=soft -mthumb -o "KRTOS/src/osKernel.o"
../KRTOS/src/osKernel.c: In function 'osKernel_ThreadCreate':
../KRTOS/src/osKernel.c:30:36: error: 'TCBType' {aka 'struct tcb'} has no member named 'stack'; did you mean 'stackPt'?
   30 |                 tcbs[Tasks_number].stack = (int32_t *)calloc(tcbs[Tasks_number].stack_size, sizeof(uint32_t));
      |                                    ^~~~~
      |                                    stackPt
../KRTOS/src/osKernel.c:30:80: error: 'TCBType' {aka 'struct tcb'} has no member named 'stack_size'
   30 |                 tcbs[Tasks_number].stack = (int32_t *)calloc(tcbs[Tasks_number].stack_size, sizeof(uint32_t));
      |                                                                                ^
../KRTOS/src/osKernel.c:31:36: error: 'TCBType' {aka 'struct tcb'} has no member named 'stack'; did you mean 'stackPt'?
   31 |                 tcbs[Tasks_number].stack[stack_size - 2] = task->callback_function;
      |                                    ^~~~~
      |                                    stackPt
../KRTOS/src/osKernel.c:31:42: error: 'stack_size' undeclared (first use in this function)
   31 |                 tcbs[Tasks_number].stack[stack_size - 2] = task->callback_function;
      |                                          ^~~~~~~~~~
../KRTOS/src/osKernel.c:31:42: note: each undeclared identifier is reported only once for each function it appears in
../KRTOS/src/osKernel.c:38:17: error: too many arguments to function 'osKernelStack_Init'
   38 |                 osKernelStack_Init(Tasks_number, task->stack_size);
      |                 ^~~~~~~~~~~~~~~~~~
../KRTOS/src/osKernel.c:21:13: note: declared here
   21 | static void osKernelStack_Init(uint32_t thread);
      |             ^~~~~~~~~~~~~~~~~~
../KRTOS/src/osKernel.c: At top level:
../KRTOS/src/osKernel.c:46:13: error: conflicting types for 'osKernelStack_Init'; have 'void(uint32_t,  int32_t)' {aka 'void(long unsigned int,  long int)'}
   46 | static void osKernelStack_Init(uint32_t index , int32_t stack_size)
      |             ^~~~~~~~~~~~~~~~~~
../KRTOS/src/osKernel.c:21:13: note: previous declaration of 'osKernelStack_Init' with type 'void(uint32_t)' {aka 'void(long unsigned int)'}
   21 | static void osKernelStack_Init(uint32_t thread);
      |             ^~~~~~~~~~~~~~~~~~
../KRTOS/src/osKernel.c: In function 'osKernelStack_Init':
../KRTOS/src/osKernel.c:50:21: error: 'TCBType' {aka 'struct tcb'} has no member named 'stack'; did you mean 'stackPt'?
   50 |         tcbs[index].stack = &tcbs[index].stack[stack_size - 16];
      |                     ^~~~~
      |                     stackPt
../KRTOS/src/osKernel.c:50:42: error: 'TCBType' {aka 'struct tcb'} has no member named 'stack'; did you mean 'stackPt'?
   50 |         tcbs[index].stack = &tcbs[index].stack[stack_size - 16];
      |                                          ^~~~~
      |                                          stackPt
../KRTOS/src/osKernel.c:53:21: error: 'TCBType' {aka 'struct tcb'} has no member named 'stack'; did you mean 'stackPt'?
   53 |         tcbs[index].stack[stack_size - 1] = 1U<<24;
      |                     ^~~~~
      |                     stackPt
../KRTOS/src/osKernel.c:55:21: error: 'TCBType' {aka 'struct tcb'} has no member named 'stack'; did you mean 'stackPt'?
   55 |         tcbs[index].stack[stack_size - 2] = (int32_t)(tcbs[index].callback_function);
      |                     ^~~~~
      |                     stackPt
../KRTOS/src/osKernel.c:55:66: error: 'TCBType' {aka 'struct tcb'} has no member named 'callback_function'
   55 |         tcbs[index].stack[stack_size - 2] = (int32_t)(tcbs[index].callback_function);
      |                                                                  ^
../KRTOS/src/osKernel.c:57:21: error: 'TCBType' {aka 'struct tcb'} has no member named 'stack'; did you mean 'stackPt'?
   57 |         tcbs[index].stack[stack_size - 3] = 0xAAAAAAAA;  /*R14 (LR)*/
      |                     ^~~~~
      |                     stackPt
../KRTOS/src/osKernel.c:58:21: error: 'TCBType' {aka 'struct tcb'} has no member named 'stack'; did you mean 'stackPt'?
   58 |         tcbs[index].stack[stack_size - 4] = 0xAAAAAAAA;  /*R12*/
      |                     ^~~~~
      |                     stackPt
../KRTOS/src/osKernel.c:59:21: error: 'TCBType' {aka 'struct tcb'} has no member named 'stack'; did you mean 'stackPt'?
   59 |         tcbs[index].stack[stack_size - 5] = 0xAAAAAAAA;  /*R3*/
      |                     ^~~~~
      |                     stackPt
../KRTOS/src/osKernel.c:60:21: error: 'TCBType' {aka 'struct tcb'} has no member named 'stack'; did you mean 'stackPt'?
   60 |         tcbs[index].stack[stack_size - 6] = 0xAAAAAAAA;  /*R2*/
      |                     ^~~~~
      |                     stackPt
../KRTOS/src/osKernel.c:61:21: error: 'TCBType' {aka 'struct tcb'} has no member named 'stack'; did you mean 'stackPt'?
   61 |         tcbs[index].stack[stack_size - 7] = 0xAAAAAAAA;  /*R1*/
      |                     ^~~~~
      |                     stackPt
../KRTOS/src/osKernel.c:62:21: error: 'TCBType' {aka 'struct tcb'} has no member named 'stack'; did you mean 'stackPt'?
   62 |         tcbs[index].stack[stack_size - 8] = 0xAAAAAAAA;  /*R0*/
      |                     ^~~~~
      |                     stackPt
../KRTOS/src/osKernel.c:64:21: error: 'TCBType' {aka 'struct tcb'} has no member named 'stack'; did you mean 'stackPt'?
   64 |         tcbs[index].stack[stack_size - 9] = 0xAAAAAAAA;   /*R11*/
      |                     ^~~~~
      |                     stackPt
../KRTOS/src/osKernel.c:65:21: error: 'TCBType' {aka 'struct tcb'} has no member named 'stack'; did you mean 'stackPt'?
   65 |         tcbs[index].stack[stack_size - 10] = 0xAAAAAAAA;  /*R10*/
      |                     ^~~~~
      |                     stackPt
../KRTOS/src/osKernel.c:66:21: error: 'TCBType' {aka 'struct tcb'} has no member named 'stack'; did you mean 'stackPt'?
   66 |         tcbs[index].stack[stack_size - 11] = 0xAAAAAAAA;  /*R9*/
      |                     ^~~~~
      |                     stackPt
../KRTOS/src/osKernel.c:67:21: error: 'TCBType' {aka 'struct tcb'} has no member named 'stack'; did you mean 'stackPt'?
   67 |         tcbs[index].stack[stack_size - 12] = 0xAAAAAAAA;  /*R8*/
      |                     ^~~~~
      |                     stackPt
../KRTOS/src/osKernel.c:68:21: error: 'TCBType' {aka 'struct tcb'} has no member named 'stack'; did you mean 'stackPt'?
   68 |         tcbs[index].stack[stack_size - 13] = 0xAAAAAAAA;  /*R7*/
      |                     ^~~~~
      |                     stackPt
../KRTOS/src/osKernel.c:69:21: error: 'TCBType' {aka 'struct tcb'} has no member named 'stack'; did you mean 'stackPt'?
   69 |         tcbs[index].stack[stack_size - 14] = 0xAAAAAAAA;  /*R6*/
      |                     ^~~~~
      |                     stackPt
../KRTOS/src/osKernel.c:70:21: error: 'TCBType' {aka 'struct tcb'} has no member named 'stack'; did you mean 'stackPt'?
   70 |         tcbs[index].stack[stack_size - 15] = 0xAAAAAAAA;  /*R5*/
      |                     ^~~~~
      |                     stackPt
../KRTOS/src/osKernel.c:71:21: error: 'TCBType' {aka 'struct tcb'} has no member named 'stack'; did you mean 'stackPt'?
   71 |         tcbs[index].stack[stack_size - 16] = 0xAAAAAAAA;  /*R4*/
      |                     ^~~~~
      |                     stackPt
../KRTOS/src/osKernel.c: In function 'osKernel_init':
../KRTOS/src/osKernel.c:83:32: error: 'TCBType' {aka 'struct tcb'} has no member named 'next_thread'
   83 |                         tcbs[i].next_thread = &tcbs[i+1];
      |                                ^
../KRTOS/src/osKernel.c:87:32: error: 'TCBType' {aka 'struct tcb'} has no member named 'next_thread'
   87 |                         tcbs[i].next_thread = &tcbs[0];
      |                                ^
../KRTOS/src/osKernel.c: At top level:
../KRTOS/src/osKernel.c:21:13: warning: 'osKernelStack_Init' used but never defined
   21 | static void osKernelStack_Init(uint32_t thread);
      |             ^~~~~~~~~~~~~~~~~~
../KRTOS/src/osKernel.c: In function 'osKernel_ThreadCreate':
../KRTOS/src/osKernel.c:43:1: warning: control reaches end of non-void function [-Wreturn-type]
   43 | }
      | ^
../KRTOS/src/osKernel.c: In function 'osKernel_init':
../KRTOS/src/osKernel.c:97:1: warning: control reaches end of non-void function [-Wreturn-type]
   97 | }
      | ^
At top level:
../KRTOS/src/osKernel.c:46:13: warning: 'osKernelStack_Init' defined but not used [-Wunused-function]
   46 | static void osKernelStack_Init(uint32_t index , int32_t stack_size)
      |             ^~~~~~~~~~~~~~~~~~
make: *** [KRTOS/src/subdir.mk:19: KRTOS/src/osKernel.o] Error 1
make: *** Waiting for unfinished jobs....
"make -j8 all" terminated with exit code 2. Build might be incomplete.
20:46:12 **** Incremental Build of configuration Debug for project 5_RoundRobinScheduler ****
make -j8 all 
arm-none-eabi-size   5_RoundRobinScheduler.elf 
   text	   data	    bss	    dec	    hex	filename
   6120	    100	   6748	  12968	   32a8	5_RoundRobinScheduler.elf
Finished building: default.size.stdout
 
20:46:13 **** Incremental Build of configuration Debug for project RTOS ****
make -j8 all 
arm-none-eabi-gcc "../KRTOS/src/osKernel.c" -mcpu=cortex-m3 -std=gnu11 -g3 -DDEBUG -DSTM32 -DSTM32F1 -DSTM32F103C8Tx -c -I"C:/RTOS/STM32Cube/RTOS/KRTOS/inc" -I../Inc -I"C:/RTOS/STM32Cube/RTOS/Inc/CMSIS/Include" -I"C:/RTOS/STM32Cube/RTOS/Inc/CMSIS/Device/ST/STM32F1xx/Include" -O0 -ffunction-sections -fdata-sections -Wall -fstack-usage -fcyclomatic-complexity -MMD -MP -MF"KRTOS/src/osKernel.d" -MT"KRTOS/src/osKernel.o" --specs=nano.specs -mfloat-abi=soft -mthumb -o "KRTOS/src/osKernel.o"
../KRTOS/src/osKernel.c: In function 'osKernel_ThreadCreate':
../KRTOS/src/osKernel.c:30:36: error: 'TCBType' {aka 'struct tcb'} has no member named 'stack'; did you mean 'stackPt'?
   30 |                 tcbs[Tasks_number].stack = (int32_t *)calloc(tcbs[Tasks_number].stack_size, sizeof(uint32_t));
      |                                    ^~~~~
      |                                    stackPt
../KRTOS/src/osKernel.c:30:80: error: 'TCBType' {aka 'struct tcb'} has no member named 'stack_size'
   30 |                 tcbs[Tasks_number].stack = (int32_t *)calloc(tcbs[Tasks_number].stack_size, sizeof(uint32_t));
      |                                                                                ^
../KRTOS/src/osKernel.c:31:36: error: 'TCBType' {aka 'struct tcb'} has no member named 'stack'; did you mean 'stackPt'?
   31 |                 tcbs[Tasks_number].stack[stack_size - 2] = task->callback_function;
      |                                    ^~~~~
      |                                    stackPt
../KRTOS/src/osKernel.c:31:42: error: 'stack_size' undeclared (first use in this function)
   31 |                 tcbs[Tasks_number].stack[stack_size - 2] = task->callback_function;
      |                                          ^~~~~~~~~~
../KRTOS/src/osKernel.c:31:42: note: each undeclared identifier is reported only once for each function it appears in
../KRTOS/src/osKernel.c: In function 'osKernelStack_Init':
../KRTOS/src/osKernel.c:50:21: error: 'TCBType' {aka 'struct tcb'} has no member named 'stack'; did you mean 'stackPt'?
   50 |         tcbs[index].stack = &tcbs[index].stack[stack_size - 16];
      |                     ^~~~~
      |                     stackPt
../KRTOS/src/osKernel.c:50:42: error: 'TCBType' {aka 'struct tcb'} has no member named 'stack'; did you mean 'stackPt'?
   50 |         tcbs[index].stack = &tcbs[index].stack[stack_size - 16];
      |                                          ^~~~~
      |                                          stackPt
../KRTOS/src/osKernel.c:53:21: error: 'TCBType' {aka 'struct tcb'} has no member named 'stack'; did you mean 'stackPt'?
   53 |         tcbs[index].stack[stack_size - 1] = 1U<<24;
      |                     ^~~~~
      |                     stackPt
../KRTOS/src/osKernel.c:55:21: error: 'TCBType' {aka 'struct tcb'} has no member named 'stack'; did you mean 'stackPt'?
   55 |         tcbs[index].stack[stack_size - 2] = (int32_t)(tcbs[index].callback_function);
      |                     ^~~~~
      |                     stackPt
../KRTOS/src/osKernel.c:55:66: error: 'TCBType' {aka 'struct tcb'} has no member named 'callback_function'
   55 |         tcbs[index].stack[stack_size - 2] = (int32_t)(tcbs[index].callback_function);
      |                                                                  ^
../KRTOS/src/osKernel.c:57:21: error: 'TCBType' {aka 'struct tcb'} has no member named 'stack'; did you mean 'stackPt'?
   57 |         tcbs[index].stack[stack_size - 3] = 0xAAAAAAAA;  /*R14 (LR)*/
      |                     ^~~~~
      |                     stackPt
../KRTOS/src/osKernel.c:58:21: error: 'TCBType' {aka 'struct tcb'} has no member named 'stack'; did you mean 'stackPt'?
   58 |         tcbs[index].stack[stack_size - 4] = 0xAAAAAAAA;  /*R12*/
      |                     ^~~~~
      |                     stackPt
../KRTOS/src/osKernel.c:59:21: error: 'TCBType' {aka 'struct tcb'} has no member named 'stack'; did you mean 'stackPt'?
   59 |         tcbs[index].stack[stack_size - 5] = 0xAAAAAAAA;  /*R3*/
      |                     ^~~~~
      |                     stackPt
../KRTOS/src/osKernel.c:60:21: error: 'TCBType' {aka 'struct tcb'} has no member named 'stack'; did you mean 'stackPt'?
   60 |         tcbs[index].stack[stack_size - 6] = 0xAAAAAAAA;  /*R2*/
      |                     ^~~~~
      |                     stackPt
../KRTOS/src/osKernel.c:61:21: error: 'TCBType' {aka 'struct tcb'} has no member named 'stack'; did you mean 'stackPt'?
   61 |         tcbs[index].stack[stack_size - 7] = 0xAAAAAAAA;  /*R1*/
      |                     ^~~~~
      |                     stackPt
../KRTOS/src/osKernel.c:62:21: error: 'TCBType' {aka 'struct tcb'} has no member named 'stack'; did you mean 'stackPt'?
   62 |         tcbs[index].stack[stack_size - 8] = 0xAAAAAAAA;  /*R0*/
      |                     ^~~~~
      |                     stackPt
../KRTOS/src/osKernel.c:64:21: error: 'TCBType' {aka 'struct tcb'} has no member named 'stack'; did you mean 'stackPt'?
   64 |         tcbs[index].stack[stack_size - 9] = 0xAAAAAAAA;   /*R11*/
      |                     ^~~~~
      |                     stackPt
../KRTOS/src/osKernel.c:65:21: error: 'TCBType' {aka 'struct tcb'} has no member named 'stack'; did you mean 'stackPt'?
   65 |         tcbs[index].stack[stack_size - 10] = 0xAAAAAAAA;  /*R10*/
      |                     ^~~~~
      |                     stackPt
../KRTOS/src/osKernel.c:66:21: error: 'TCBType' {aka 'struct tcb'} has no member named 'stack'; did you mean 'stackPt'?
   66 |         tcbs[index].stack[stack_size - 11] = 0xAAAAAAAA;  /*R9*/
      |                     ^~~~~
      |                     stackPt
../KRTOS/src/osKernel.c:67:21: error: 'TCBType' {aka 'struct tcb'} has no member named 'stack'; did you mean 'stackPt'?
   67 |         tcbs[index].stack[stack_size - 12] = 0xAAAAAAAA;  /*R8*/
      |                     ^~~~~
      |                     stackPt
../KRTOS/src/osKernel.c:68:21: error: 'TCBType' {aka 'struct tcb'} has no member named 'stack'; did you mean 'stackPt'?
   68 |         tcbs[index].stack[stack_size - 13] = 0xAAAAAAAA;  /*R7*/
      |                     ^~~~~
      |                     stackPt
../KRTOS/src/osKernel.c:69:21: error: 'TCBType' {aka 'struct tcb'} has no member named 'stack'; did you mean 'stackPt'?
   69 |         tcbs[index].stack[stack_size - 14] = 0xAAAAAAAA;  /*R6*/
      |                     ^~~~~
      |                     stackPt
../KRTOS/src/osKernel.c:70:21: error: 'TCBType' {aka 'struct tcb'} has no member named 'stack'; did you mean 'stackPt'?
   70 |         tcbs[index].stack[stack_size - 15] = 0xAAAAAAAA;  /*R5*/
      |                     ^~~~~
      |                     stackPt
../KRTOS/src/osKernel.c:71:21: error: 'TCBType' {aka 'struct tcb'} has no member named 'stack'; did you mean 'stackPt'?
   71 |         tcbs[index].stack[stack_size - 16] = 0xAAAAAAAA;  /*R4*/
      |                     ^~~~~
      |                     stackPt
../KRTOS/src/osKernel.c: In function 'osKernel_init':
../KRTOS/src/osKernel.c:83:32: error: 'TCBType' {aka 'struct tcb'} has no member named 'next_thread'
   83 |                         tcbs[i].next_thread = &tcbs[i+1];
      |                                ^
../KRTOS/src/osKernel.c:87:32: error: 'TCBType' {aka 'struct tcb'} has no member named 'next_thread'
   87 |                         tcbs[i].next_thread = &tcbs[0];
      |                                ^
../KRTOS/src/osKernel.c: In function 'osKernel_ThreadCreate':
../KRTOS/src/osKernel.c:43:1: warning: control reaches end of non-void function [-Wreturn-type]
   43 | }
      | ^
../KRTOS/src/osKernel.c: In function 'osKernel_init':
../KRTOS/src/osKernel.c:97:1: warning: control reaches end of non-void function [-Wreturn-type]
   97 | }
      | ^
make: *** [KRTOS/src/subdir.mk:19: KRTOS/src/osKernel.o] Error 1
"make -j8 all" terminated with exit code 2. Build might be incomplete.
20:46:49 **** Incremental Build of configuration Debug for project 5_RoundRobinScheduler ****
make -j8 all 
arm-none-eabi-size   5_RoundRobinScheduler.elf 
   text	   data	    bss	    dec	    hex	filename
   6120	    100	   6748	  12968	   32a8	5_RoundRobinScheduler.elf
Finished building: default.size.stdout
 
20:46:49 **** Incremental Build of configuration Debug for project RTOS ****
make -j8 all 
arm-none-eabi-gcc "../KRTOS/src/osKernel.c" -mcpu=cortex-m3 -std=gnu11 -g3 -DDEBUG -DSTM32 -DSTM32F1 -DSTM32F103C8Tx -c -I"C:/RTOS/STM32Cube/RTOS/KRTOS/inc" -I../Inc -I"C:/RTOS/STM32Cube/RTOS/Inc/CMSIS/Include" -I"C:/RTOS/STM32Cube/RTOS/Inc/CMSIS/Device/ST/STM32F1xx/Include" -O0 -ffunction-sections -fdata-sections -Wall -fstack-usage -fcyclomatic-complexity -MMD -MP -MF"KRTOS/src/osKernel.d" -MT"KRTOS/src/osKernel.o" --specs=nano.specs -mfloat-abi=soft -mthumb -o "KRTOS/src/osKernel.o"
../KRTOS/src/osKernel.c: In function 'osKernel_ThreadCreate':
../KRTOS/src/osKernel.c:30:82: error: 'TCBType' {aka 'struct tcb'} has no member named 'stack_size'
   30 |                 tcbs[Tasks_number].stackPt = (int32_t *)calloc(tcbs[Tasks_number].stack_size, sizeof(uint32_t));
      |                                                                                  ^
../KRTOS/src/osKernel.c:31:44: error: 'stack_size' undeclared (first use in this function)
   31 |                 tcbs[Tasks_number].stackPt[stack_size - 2] = task->callback_function;
      |                                            ^~~~~~~~~~
../KRTOS/src/osKernel.c:31:44: note: each undeclared identifier is reported only once for each function it appears in
../KRTOS/src/osKernel.c: In function 'osKernelStack_Init':
../KRTOS/src/osKernel.c:50:21: error: 'TCBType' {aka 'struct tcb'} has no member named 'stack'; did you mean 'stackPt'?
   50 |         tcbs[index].stack = &tcbs[index].stack[stack_size - 16];
      |                     ^~~~~
      |                     stackPt
../KRTOS/src/osKernel.c:50:42: error: 'TCBType' {aka 'struct tcb'} has no member named 'stack'; did you mean 'stackPt'?
   50 |         tcbs[index].stack = &tcbs[index].stack[stack_size - 16];
      |                                          ^~~~~
      |                                          stackPt
../KRTOS/src/osKernel.c:53:21: error: 'TCBType' {aka 'struct tcb'} has no member named 'stack'; did you mean 'stackPt'?
   53 |         tcbs[index].stack[stack_size - 1] = 1U<<24;
      |                     ^~~~~
      |                     stackPt
../KRTOS/src/osKernel.c:55:21: error: 'TCBType' {aka 'struct tcb'} has no member named 'stack'; did you mean 'stackPt'?
   55 |         tcbs[index].stack[stack_size - 2] = (int32_t)(tcbs[index].callback_function);
      |                     ^~~~~
      |                     stackPt
../KRTOS/src/osKernel.c:55:66: error: 'TCBType' {aka 'struct tcb'} has no member named 'callback_function'
   55 |         tcbs[index].stack[stack_size - 2] = (int32_t)(tcbs[index].callback_function);
      |                                                                  ^
../KRTOS/src/osKernel.c:57:21: error: 'TCBType' {aka 'struct tcb'} has no member named 'stack'; did you mean 'stackPt'?
   57 |         tcbs[index].stack[stack_size - 3] = 0xAAAAAAAA;  /*R14 (LR)*/
      |                     ^~~~~
      |                     stackPt
../KRTOS/src/osKernel.c:58:21: error: 'TCBType' {aka 'struct tcb'} has no member named 'stack'; did you mean 'stackPt'?
   58 |         tcbs[index].stack[stack_size - 4] = 0xAAAAAAAA;  /*R12*/
      |                     ^~~~~
      |                     stackPt
../KRTOS/src/osKernel.c:59:21: error: 'TCBType' {aka 'struct tcb'} has no member named 'stack'; did you mean 'stackPt'?
   59 |         tcbs[index].stack[stack_size - 5] = 0xAAAAAAAA;  /*R3*/
      |                     ^~~~~
      |                     stackPt
../KRTOS/src/osKernel.c:60:21: error: 'TCBType' {aka 'struct tcb'} has no member named 'stack'; did you mean 'stackPt'?
   60 |         tcbs[index].stack[stack_size - 6] = 0xAAAAAAAA;  /*R2*/
      |                     ^~~~~
      |                     stackPt
../KRTOS/src/osKernel.c:61:21: error: 'TCBType' {aka 'struct tcb'} has no member named 'stack'; did you mean 'stackPt'?
   61 |         tcbs[index].stack[stack_size - 7] = 0xAAAAAAAA;  /*R1*/
      |                     ^~~~~
      |                     stackPt
../KRTOS/src/osKernel.c:62:21: error: 'TCBType' {aka 'struct tcb'} has no member named 'stack'; did you mean 'stackPt'?
   62 |         tcbs[index].stack[stack_size - 8] = 0xAAAAAAAA;  /*R0*/
      |                     ^~~~~
      |                     stackPt
../KRTOS/src/osKernel.c:64:21: error: 'TCBType' {aka 'struct tcb'} has no member named 'stack'; did you mean 'stackPt'?
   64 |         tcbs[index].stack[stack_size - 9] = 0xAAAAAAAA;   /*R11*/
      |                     ^~~~~
      |                     stackPt
../KRTOS/src/osKernel.c:65:21: error: 'TCBType' {aka 'struct tcb'} has no member named 'stack'; did you mean 'stackPt'?
   65 |         tcbs[index].stack[stack_size - 10] = 0xAAAAAAAA;  /*R10*/
      |                     ^~~~~
      |                     stackPt
../KRTOS/src/osKernel.c:66:21: error: 'TCBType' {aka 'struct tcb'} has no member named 'stack'; did you mean 'stackPt'?
   66 |         tcbs[index].stack[stack_size - 11] = 0xAAAAAAAA;  /*R9*/
      |                     ^~~~~
      |                     stackPt
../KRTOS/src/osKernel.c:67:21: error: 'TCBType' {aka 'struct tcb'} has no member named 'stack'; did you mean 'stackPt'?
   67 |         tcbs[index].stack[stack_size - 12] = 0xAAAAAAAA;  /*R8*/
      |                     ^~~~~
      |                     stackPt
../KRTOS/src/osKernel.c:68:21: error: 'TCBType' {aka 'struct tcb'} has no member named 'stack'; did you mean 'stackPt'?
   68 |         tcbs[index].stack[stack_size - 13] = 0xAAAAAAAA;  /*R7*/
      |                     ^~~~~
      |                     stackPt
../KRTOS/src/osKernel.c:69:21: error: 'TCBType' {aka 'struct tcb'} has no member named 'stack'; did you mean 'stackPt'?
   69 |         tcbs[index].stack[stack_size - 14] = 0xAAAAAAAA;  /*R6*/
      |                     ^~~~~
      |                     stackPt
../KRTOS/src/osKernel.c:70:21: error: 'TCBType' {aka 'struct tcb'} has no member named 'stack'; did you mean 'stackPt'?
   70 |         tcbs[index].stack[stack_size - 15] = 0xAAAAAAAA;  /*R5*/
      |                     ^~~~~
      |                     stackPt
../KRTOS/src/osKernel.c:71:21: error: 'TCBType' {aka 'struct tcb'} has no member named 'stack'; did you mean 'stackPt'?
   71 |         tcbs[index].stack[stack_size - 16] = 0xAAAAAAAA;  /*R4*/
      |                     ^~~~~
      |                     stackPt
../KRTOS/src/osKernel.c: In function 'osKernel_ThreadCreate':
../KRTOS/src/osKernel.c:43:1: warning: control reaches end of non-void function [-Wreturn-type]
   43 | }
      | ^
../KRTOS/src/osKernel.c: In function 'osKernel_init':
../KRTOS/src/osKernel.c:97:1: warning: control reaches end of non-void function [-Wreturn-type]
   97 | }
      | ^
make: *** [KRTOS/src/subdir.mk:19: KRTOS/src/osKernel.o] Error 1
"make -j8 all" terminated with exit code 2. Build might be incomplete.
20:47:42 **** Incremental Build of configuration Debug for project 5_RoundRobinScheduler ****
make -j8 all 
arm-none-eabi-size   5_RoundRobinScheduler.elf 
   text	   data	    bss	    dec	    hex	filename
   6120	    100	   6748	  12968	   32a8	5_RoundRobinScheduler.elf
Finished building: default.size.stdout
 
20:47:42 **** Incremental Build of configuration Debug for project RTOS ****
make -j8 all 
arm-none-eabi-gcc "../KRTOS/src/osKernel.c" -mcpu=cortex-m3 -std=gnu11 -g3 -DDEBUG -DSTM32 -DSTM32F1 -DSTM32F103C8Tx -c -I"C:/RTOS/STM32Cube/RTOS/KRTOS/inc" -I../Inc -I"C:/RTOS/STM32Cube/RTOS/Inc/CMSIS/Include" -I"C:/RTOS/STM32Cube/RTOS/Inc/CMSIS/Device/ST/STM32F1xx/Include" -O0 -ffunction-sections -fdata-sections -Wall -fstack-usage -fcyclomatic-complexity -MMD -MP -MF"KRTOS/src/osKernel.d" -MT"KRTOS/src/osKernel.o" --specs=nano.specs -mfloat-abi=soft -mthumb -o "KRTOS/src/osKernel.o"
../KRTOS/src/osKernel.c: In function 'osKernel_ThreadCreate':
../KRTOS/src/osKernel.c:30:82: error: 'TCBType' {aka 'struct tcb'} has no member named 'stack_size'
   30 |                 tcbs[Tasks_number].stackPt = (int32_t *)calloc(tcbs[Tasks_number].stack_size, sizeof(uint32_t));
      |                                                                                  ^
../KRTOS/src/osKernel.c:31:44: error: 'stack_size' undeclared (first use in this function)
   31 |                 tcbs[Tasks_number].stackPt[stack_size - 2] = task->callback_function;
      |                                            ^~~~~~~~~~
../KRTOS/src/osKernel.c:31:44: note: each undeclared identifier is reported only once for each function it appears in
../KRTOS/src/osKernel.c: In function 'osKernelStack_Init':
../KRTOS/src/osKernel.c:50:44: error: 'TCBType' {aka 'struct tcb'} has no member named 'stack'; did you mean 'stackPt'?
   50 |         tcbs[index].stackPt = &tcbs[index].stack[stack_size - 16];
      |                                            ^~~~~
      |                                            stackPt
../KRTOS/src/osKernel.c:55:68: error: 'TCBType' {aka 'struct tcb'} has no member named 'callback_function'
   55 |         tcbs[index].stackPt[stack_size - 2] = (int32_t)(tcbs[index].callback_function);
      |                                                                    ^
../KRTOS/src/osKernel.c: In function 'osKernel_ThreadCreate':
../KRTOS/src/osKernel.c:43:1: warning: control reaches end of non-void function [-Wreturn-type]
   43 | }
      | ^
../KRTOS/src/osKernel.c: In function 'osKernel_init':
../KRTOS/src/osKernel.c:97:1: warning: control reaches end of non-void function [-Wreturn-type]
   97 | }
      | ^
make: *** [KRTOS/src/subdir.mk:19: KRTOS/src/osKernel.o] Error 1
"make -j8 all" terminated with exit code 2. Build might be incomplete.
20:48:14 **** Incremental Build of configuration Debug for project 5_RoundRobinScheduler ****
make -j8 all 
arm-none-eabi-size   5_RoundRobinScheduler.elf 
   text	   data	    bss	    dec	    hex	filename
   6120	    100	   6748	  12968	   32a8	5_RoundRobinScheduler.elf
Finished building: default.size.stdout
 
20:48:14 **** Incremental Build of configuration Debug for project RTOS ****
make -j8 all 
arm-none-eabi-gcc "../KRTOS/src/osKernel.c" -mcpu=cortex-m3 -std=gnu11 -g3 -DDEBUG -DSTM32 -DSTM32F1 -DSTM32F103C8Tx -c -I"C:/RTOS/STM32Cube/RTOS/KRTOS/inc" -I../Inc -I"C:/RTOS/STM32Cube/RTOS/Inc/CMSIS/Include" -I"C:/RTOS/STM32Cube/RTOS/Inc/CMSIS/Device/ST/STM32F1xx/Include" -O0 -ffunction-sections -fdata-sections -Wall -fstack-usage -fcyclomatic-complexity -MMD -MP -MF"KRTOS/src/osKernel.d" -MT"KRTOS/src/osKernel.o" --specs=nano.specs -mfloat-abi=soft -mthumb -o "KRTOS/src/osKernel.o"
../KRTOS/src/osKernel.c: In function 'osKernel_ThreadCreate':
../KRTOS/src/osKernel.c:30:82: error: 'TCBType' {aka 'struct tcb'} has no member named 'stack_size'
   30 |                 tcbs[Tasks_number].stackPt = (int32_t *)calloc(tcbs[Tasks_number].stack_size, sizeof(uint32_t));
      |                                                                                  ^
../KRTOS/src/osKernel.c:32:44: error: 'stack_size' undeclared (first use in this function)
   32 |                 tcbs[Tasks_number].stackPt[stack_size - 2] = task->callback_function;
      |                                            ^~~~~~~~~~
../KRTOS/src/osKernel.c:32:44: note: each undeclared identifier is reported only once for each function it appears in
../KRTOS/src/osKernel.c: In function 'osKernelStack_Init':
../KRTOS/src/osKernel.c:51:44: error: 'TCBType' {aka 'struct tcb'} has no member named 'stack'; did you mean 'stackPt'?
   51 |         tcbs[index].stackPt = &tcbs[index].stack[stack_size - 16];
      |                                            ^~~~~
      |                                            stackPt
../KRTOS/src/osKernel.c: In function 'osKernel_ThreadCreate':
../KRTOS/src/osKernel.c:44:1: warning: control reaches end of non-void function [-Wreturn-type]
   44 | }
      | ^
../KRTOS/src/osKernel.c: In function 'osKernel_init':
../KRTOS/src/osKernel.c:96:1: warning: control reaches end of non-void function [-Wreturn-type]
   96 | }
      | ^
make: *** [KRTOS/src/subdir.mk:19: KRTOS/src/osKernel.o] Error 1
"make -j8 all" terminated with exit code 2. Build might be incomplete.
20:48:49 **** Incremental Build of configuration Debug for project 5_RoundRobinScheduler ****
make -j8 all 
arm-none-eabi-size   5_RoundRobinScheduler.elf 
   text	   data	    bss	    dec	    hex	filename
   6120	    100	   6748	  12968	   32a8	5_RoundRobinScheduler.elf
Finished building: default.size.stdout
 
20:48:49 **** Incremental Build of configuration Debug for project RTOS ****
make -j8 all 
arm-none-eabi-gcc "../KRTOS/src/osKernel.c" -mcpu=cortex-m3 -std=gnu11 -g3 -DDEBUG -DSTM32 -DSTM32F1 -DSTM32F103C8Tx -c -I"C:/RTOS/STM32Cube/RTOS/KRTOS/inc" -I../Inc -I"C:/RTOS/STM32Cube/RTOS/Inc/CMSIS/Include" -I"C:/RTOS/STM32Cube/RTOS/Inc/CMSIS/Device/ST/STM32F1xx/Include" -O0 -ffunction-sections -fdata-sections -Wall -fstack-usage -fcyclomatic-complexity -MMD -MP -MF"KRTOS/src/osKernel.d" -MT"KRTOS/src/osKernel.o" --specs=nano.specs -mfloat-abi=soft -mthumb -o "KRTOS/src/osKernel.o"
../KRTOS/src/osKernel.c: In function 'osKernel_ThreadCreate':
../KRTOS/src/osKernel.c:32:44: error: 'stack_size' undeclared (first use in this function)
   32 |                 tcbs[Tasks_number].stackPt[stack_size - 2] = task->callback_function;
      |                                            ^~~~~~~~~~
../KRTOS/src/osKernel.c:32:44: note: each undeclared identifier is reported only once for each function it appears in
../KRTOS/src/osKernel.c: In function 'osKernelStack_Init':
../KRTOS/src/osKernel.c:51:44: error: 'TCBType' {aka 'struct tcb'} has no member named 'stack'; did you mean 'stackPt'?
   51 |         tcbs[index].stackPt = &tcbs[index].stack[stack_size - 16];
      |                                            ^~~~~
      |                                            stackPt
../KRTOS/src/osKernel.c: In function 'osKernel_ThreadCreate':
../KRTOS/src/osKernel.c:44:1: warning: control reaches end of non-void function [-Wreturn-type]
   44 | }
      | ^
../KRTOS/src/osKernel.c: In function 'osKernel_init':
../KRTOS/src/osKernel.c:96:1: warning: control reaches end of non-void function [-Wreturn-type]
   96 | }
      | ^
make: *** [KRTOS/src/subdir.mk:19: KRTOS/src/osKernel.o] Error 1
"make -j8 all" terminated with exit code 2. Build might be incomplete.
20:49:01 **** Incremental Build of configuration Debug for project 5_RoundRobinScheduler ****
make -j8 all 
arm-none-eabi-size   5_RoundRobinScheduler.elf 
   text	   data	    bss	    dec	    hex	filename
   6120	    100	   6748	  12968	   32a8	5_RoundRobinScheduler.elf
Finished building: default.size.stdout
 
20:49:01 **** Incremental Build of configuration Debug for project RTOS ****
make -j8 all 
arm-none-eabi-gcc "../KRTOS/src/osKernel.c" -mcpu=cortex-m3 -std=gnu11 -g3 -DDEBUG -DSTM32 -DSTM32F1 -DSTM32F103C8Tx -c -I"C:/RTOS/STM32Cube/RTOS/KRTOS/inc" -I../Inc -I"C:/RTOS/STM32Cube/RTOS/Inc/CMSIS/Include" -I"C:/RTOS/STM32Cube/RTOS/Inc/CMSIS/Device/ST/STM32F1xx/Include" -O0 -ffunction-sections -fdata-sections -Wall -fstack-usage -fcyclomatic-complexity -MMD -MP -MF"KRTOS/src/osKernel.d" -MT"KRTOS/src/osKernel.o" --specs=nano.specs -mfloat-abi=soft -mthumb -o "KRTOS/src/osKernel.o"
../KRTOS/src/osKernel.c: In function 'osKernel_ThreadCreate':
../KRTOS/src/osKernel.c:32:44: error: 'stack_size' undeclared (first use in this function)
   32 |                 tcbs[Tasks_number].stackPt[stack_size - 2] = task->callback_function;
      |                                            ^~~~~~~~~~
../KRTOS/src/osKernel.c:32:44: note: each undeclared identifier is reported only once for each function it appears in
../KRTOS/src/osKernel.c: In function 'osKernelStack_Init':
../KRTOS/src/osKernel.c:51:44: error: 'TCBType' {aka 'struct tcb'} has no member named 'stackpt'; did you mean 'stackPt'?
   51 |         tcbs[index].stackPt = &tcbs[index].stackpt[stack_size - 16];
      |                                            ^~~~~~~
      |                                            stackPt
../KRTOS/src/osKernel.c: In function 'osKernel_ThreadCreate':
../KRTOS/src/osKernel.c:44:1: warning: control reaches end of non-void function [-Wreturn-type]
   44 | }
      | ^
../KRTOS/src/osKernel.c: In function 'osKernel_init':
../KRTOS/src/osKernel.c:96:1: warning: control reaches end of non-void function [-Wreturn-type]
   96 | }
      | ^
make: *** [KRTOS/src/subdir.mk:19: KRTOS/src/osKernel.o] Error 1
"make -j8 all" terminated with exit code 2. Build might be incomplete.
20:49:11 **** Incremental Build of configuration Debug for project 5_RoundRobinScheduler ****
make -j8 all 
arm-none-eabi-size   5_RoundRobinScheduler.elf 
   text	   data	    bss	    dec	    hex	filename
   6120	    100	   6748	  12968	   32a8	5_RoundRobinScheduler.elf
Finished building: default.size.stdout
 
20:49:11 **** Incremental Build of configuration Debug for project RTOS ****
make -j8 all 
arm-none-eabi-gcc "../KRTOS/src/osKernel.c" -mcpu=cortex-m3 -std=gnu11 -g3 -DDEBUG -DSTM32 -DSTM32F1 -DSTM32F103C8Tx -c -I"C:/RTOS/STM32Cube/RTOS/KRTOS/inc" -I../Inc -I"C:/RTOS/STM32Cube/RTOS/Inc/CMSIS/Include" -I"C:/RTOS/STM32Cube/RTOS/Inc/CMSIS/Device/ST/STM32F1xx/Include" -O0 -ffunction-sections -fdata-sections -Wall -fstack-usage -fcyclomatic-complexity -MMD -MP -MF"KRTOS/src/osKernel.d" -MT"KRTOS/src/osKernel.o" --specs=nano.specs -mfloat-abi=soft -mthumb -o "KRTOS/src/osKernel.o"
../KRTOS/src/osKernel.c: In function 'osKernel_ThreadCreate':
../KRTOS/src/osKernel.c:32:44: error: 'stack_size' undeclared (first use in this function)
   32 |                 tcbs[Tasks_number].stackPt[stack_size - 2] = task->callback_function;
      |                                            ^~~~~~~~~~
../KRTOS/src/osKernel.c:32:44: note: each undeclared identifier is reported only once for each function it appears in
../KRTOS/src/osKernel.c:44:1: warning: control reaches end of non-void function [-Wreturn-type]
   44 | }
      | ^
../KRTOS/src/osKernel.c: In function 'osKernel_init':
../KRTOS/src/osKernel.c:96:1: warning: control reaches end of non-void function [-Wreturn-type]
   96 | }
      | ^
make: *** [KRTOS/src/subdir.mk:19: KRTOS/src/osKernel.o] Error 1
"make -j8 all" terminated with exit code 2. Build might be incomplete.
20:50:08 **** Incremental Build of configuration Debug for project 5_RoundRobinScheduler ****
make -j8 all 
arm-none-eabi-size   5_RoundRobinScheduler.elf 
   text	   data	    bss	    dec	    hex	filename
   6120	    100	   6748	  12968	   32a8	5_RoundRobinScheduler.elf
Finished building: default.size.stdout
 
20:50:09 **** Incremental Build of configuration Debug for project RTOS ****
make -j8 all 
arm-none-eabi-gcc "../KRTOS/src/osKernel.c" -mcpu=cortex-m3 -std=gnu11 -g3 -DDEBUG -DSTM32 -DSTM32F1 -DSTM32F103C8Tx -c -I"C:/RTOS/STM32Cube/RTOS/KRTOS/inc" -I../Inc -I"C:/RTOS/STM32Cube/RTOS/Inc/CMSIS/Include" -I"C:/RTOS/STM32Cube/RTOS/Inc/CMSIS/Device/ST/STM32F1xx/Include" -O0 -ffunction-sections -fdata-sections -Wall -fstack-usage -fcyclomatic-complexity -MMD -MP -MF"KRTOS/src/osKernel.d" -MT"KRTOS/src/osKernel.o" --specs=nano.specs -mfloat-abi=soft -mthumb -o "KRTOS/src/osKernel.o"
../KRTOS/src/osKernel.c: In function 'osKernel_ThreadCreate':
../KRTOS/src/osKernel.c:32:84: warning: assignment to 'int32_t' {aka 'long int'} from 'callback_function_t' {aka 'void (*)(void)'} makes integer from pointer without a cast [-Wint-conversion]
   32 |                 tcbs[Tasks_number].stackPt[task->stack_size * sizeof(int32_t) - 2] = task->callback_function;
      |                                                                                    ^
../KRTOS/src/osKernel.c:44:1: warning: control reaches end of non-void function [-Wreturn-type]
   44 | }
      | ^
../KRTOS/src/osKernel.c: In function 'osKernel_init':
../KRTOS/src/osKernel.c:96:1: warning: control reaches end of non-void function [-Wreturn-type]
   96 | }
      | ^
arm-none-eabi-gcc -o "RTOS.elf" @"objects.list"   -mcpu=cortex-m3 -T"C:\RTOS\STM32Cube\RTOS\STM32F103C8TX_FLASH.ld" --specs=nosys.specs -Wl,-Map="RTOS.map" -Wl,--gc-sections -static --specs=nano.specs -mfloat-abi=soft -mthumb -Wl,--start-group -lc -lm -Wl,--end-group
Finished building target: RTOS.elf
 
arm-none-eabi-size   RTOS.elf 
arm-none-eabi-objdump -h -S  RTOS.elf  > "RTOS.list"
   text	   data	    bss	    dec	    hex	filename
   2408	     88	   2000	   4496	   1190	RTOS.elf
Finished building: default.size.stdout
 
Finished building: RTOS.list
 
20:50:15 **** Incremental Build of configuration Debug for project RTOS ****
make -j8 all 
arm-none-eabi-size   RTOS.elf 
   text	   data	    bss	    dec	    hex	filename
   2408	     88	   2000	   4496	   1190	RTOS.elf
Finished building: default.size.stdout
 
19:46:34 **** Incremental Build of configuration Debug for project RTOS ****
make -j8 all 
arm-none-eabi-gcc -mcpu=cortex-m3 -g3 -DDEBUG -c -x assembler-with-cpp -MMD -MP -MF"Startup/startup_stm32f103c8tx.d" -MT"Startup/startup_stm32f103c8tx.o" --specs=nano.specs -mfloat-abi=soft -mthumb -o "Startup/startup_stm32f103c8tx.o" "../Startup/startup_stm32f103c8tx.s"
arm-none-eabi-gcc "../Src/KRTOS_cfg.c" -mcpu=cortex-m3 -std=gnu11 -g3 -DDEBUG -DSTM32 -DSTM32F1 -DSTM32F103C8Tx -c -I"C:/RTOS/STM32Cube/RTOS/KRTOS/inc" -I../Inc -I"C:/RTOS/STM32Cube/RTOS/Inc/CMSIS/Include" -I"C:/RTOS/STM32Cube/RTOS/Inc/CMSIS/Device/ST/STM32F1xx/Include" -O0 -ffunction-sections -fdata-sections -Wall -fstack-usage -fcyclomatic-complexity -MMD -MP -MF"Src/KRTOS_cfg.d" -MT"Src/KRTOS_cfg.o" --specs=nano.specs -mfloat-abi=soft -mthumb -o "Src/KRTOS_cfg.o"
arm-none-eabi-gcc "../Src/Time_Base.c" -mcpu=cortex-m3 -std=gnu11 -g3 -DDEBUG -DSTM32 -DSTM32F1 -DSTM32F103C8Tx -c -I"C:/RTOS/STM32Cube/RTOS/KRTOS/inc" -I../Inc -I"C:/RTOS/STM32Cube/RTOS/Inc/CMSIS/Include" -I"C:/RTOS/STM32Cube/RTOS/Inc/CMSIS/Device/ST/STM32F1xx/Include" -O0 -ffunction-sections -fdata-sections -Wall -fstack-usage -fcyclomatic-complexity -MMD -MP -MF"Src/Time_Base.d" -MT"Src/Time_Base.o" --specs=nano.specs -mfloat-abi=soft -mthumb -o "Src/Time_Base.o"
arm-none-eabi-gcc "../Src/main.c" -mcpu=cortex-m3 -std=gnu11 -g3 -DDEBUG -DSTM32 -DSTM32F1 -DSTM32F103C8Tx -c -I"C:/RTOS/STM32Cube/RTOS/KRTOS/inc" -I../Inc -I"C:/RTOS/STM32Cube/RTOS/Inc/CMSIS/Include" -I"C:/RTOS/STM32Cube/RTOS/Inc/CMSIS/Device/ST/STM32F1xx/Include" -O0 -ffunction-sections -fdata-sections -Wall -fstack-usage -fcyclomatic-complexity -MMD -MP -MF"Src/main.d" -MT"Src/main.o" --specs=nano.specs -mfloat-abi=soft -mthumb -o "Src/main.o"
arm-none-eabi-gcc "../Src/syscalls.c" -mcpu=cortex-m3 -std=gnu11 -g3 -DDEBUG -DSTM32 -DSTM32F1 -DSTM32F103C8Tx -c -I"C:/RTOS/STM32Cube/RTOS/KRTOS/inc" -I../Inc -I"C:/RTOS/STM32Cube/RTOS/Inc/CMSIS/Include" -I"C:/RTOS/STM32Cube/RTOS/Inc/CMSIS/Device/ST/STM32F1xx/Include" -O0 -ffunction-sections -fdata-sections -Wall -fstack-usage -fcyclomatic-complexity -MMD -MP -MF"Src/syscalls.d" -MT"Src/syscalls.o" --specs=nano.specs -mfloat-abi=soft -mthumb -o "Src/syscalls.o"
arm-none-eabi-gcc "../Src/sysmem.c" -mcpu=cortex-m3 -std=gnu11 -g3 -DDEBUG -DSTM32 -DSTM32F1 -DSTM32F103C8Tx -c -I"C:/RTOS/STM32Cube/RTOS/KRTOS/inc" -I../Inc -I"C:/RTOS/STM32Cube/RTOS/Inc/CMSIS/Include" -I"C:/RTOS/STM32Cube/RTOS/Inc/CMSIS/Device/ST/STM32F1xx/Include" -O0 -ffunction-sections -fdata-sections -Wall -fstack-usage -fcyclomatic-complexity -MMD -MP -MF"Src/sysmem.d" -MT"Src/sysmem.o" --specs=nano.specs -mfloat-abi=soft -mthumb -o "Src/sysmem.o"
arm-none-eabi-gcc "../KRTOS/src/osKernel.c" -mcpu=cortex-m3 -std=gnu11 -g3 -DDEBUG -DSTM32 -DSTM32F1 -DSTM32F103C8Tx -c -I"C:/RTOS/STM32Cube/RTOS/KRTOS/inc" -I../Inc -I"C:/RTOS/STM32Cube/RTOS/Inc/CMSIS/Include" -I"C:/RTOS/STM32Cube/RTOS/Inc/CMSIS/Device/ST/STM32F1xx/Include" -O0 -ffunction-sections -fdata-sections -Wall -fstack-usage -fcyclomatic-complexity -MMD -MP -MF"KRTOS/src/osKernel.d" -MT"KRTOS/src/osKernel.o" --specs=nano.specs -mfloat-abi=soft -mthumb -o "KRTOS/src/osKernel.o"
../KRTOS/src/osKernel.c: In function 'osKernel_ThreadCreate':
../KRTOS/src/osKernel.c:32:84: warning: assignment to 'int32_t' {aka 'long int'} from 'callback_function_t' {aka 'void (*)(void)'} makes integer from pointer without a cast [-Wint-conversion]
   32 |                 tcbs[Tasks_number].stackPt[task->stack_size * sizeof(int32_t) - 2] = task->callback_function;
      |                                                                                    ^
../KRTOS/src/osKernel.c:44:1: warning: control reaches end of non-void function [-Wreturn-type]
   44 | }
      | ^
../KRTOS/src/osKernel.c: In function 'osKernel_init':
../KRTOS/src/osKernel.c:96:1: warning: control reaches end of non-void function [-Wreturn-type]
   96 | }
      | ^
arm-none-eabi-gcc -o "RTOS.elf" @"objects.list"   -mcpu=cortex-m3 -T"C:\RTOS\STM32Cube\RTOS\STM32F103C8TX_FLASH.ld" --specs=nosys.specs -Wl,-Map="RTOS.map" -Wl,--gc-sections -static --specs=nano.specs -mfloat-abi=soft -mthumb -Wl,--start-group -lc -lm -Wl,--end-group
Finished building target: RTOS.elf
 
arm-none-eabi-size   RTOS.elf 
arm-none-eabi-objdump -h -S  RTOS.elf  > "RTOS.list"
   text	   data	    bss	    dec	    hex	filename
   2408	     88	   2000	   4496	   1190	RTOS.elf
Finished building: default.size.stdout
 
Finished building: RTOS.list
 
19:49:12 **** Build of configuration Debug for project 5_RoundRobinScheduler ****
make -j8 all 
arm-none-eabi-size   5_RoundRobinScheduler.elf 
   text	   data	    bss	    dec	    hex	filename
   6120	    100	   6748	  12968	   32a8	5_RoundRobinScheduler.elf
Finished building: default.size.stdout
 
19:56:56 **** Incremental Build of configuration Debug for project RTOS ****
make -j8 all 
arm-none-eabi-size   RTOS.elf 
   text	   data	    bss	    dec	    hex	filename
   2408	     88	   2000	   4496	   1190	RTOS.elf
Finished building: default.size.stdout
 
19:57:08 **** Incremental Build of configuration Debug for project RTOS ****
make -j8 all 
arm-none-eabi-size   RTOS.elf 
   text	   data	    bss	    dec	    hex	filename
   2408	     88	   2000	   4496	   1190	RTOS.elf
Finished building: default.size.stdout
 
19:57:12 **** Incremental Build of configuration Debug for project RTOS ****
make -j8 all 
arm-none-eabi-size   RTOS.elf 
   text	   data	    bss	    dec	    hex	filename
   2408	     88	   2000	   4496	   1190	RTOS.elf
Finished building: default.size.stdout
 
20:06:35 **** Incremental Build of configuration Debug for project 5_RoundRobinScheduler ****
make -j8 all 
arm-none-eabi-size   5_RoundRobinScheduler.elf 
   text	   data	    bss	    dec	    hex	filename
   6120	    100	   6748	  12968	   32a8	5_RoundRobinScheduler.elf
Finished building: default.size.stdout
 
20:06:36 **** Incremental Build of configuration Debug for project RTOS ****
make -j8 all 
arm-none-eabi-gcc "../KRTOS/src/osKernel.c" -mcpu=cortex-m3 -std=gnu11 -g3 -DDEBUG -DSTM32 -DSTM32F1 -DSTM32F103C8Tx -c -I"C:/RTOS/STM32Cube/RTOS/KRTOS/inc" -I../Inc -I"C:/RTOS/STM32Cube/RTOS/Inc/CMSIS/Include" -I"C:/RTOS/STM32Cube/RTOS/Inc/CMSIS/Device/ST/STM32F1xx/Include" -O0 -ffunction-sections -fdata-sections -Wall -fstack-usage -fcyclomatic-complexity -MMD -MP -MF"KRTOS/src/osKernel.d" -MT"KRTOS/src/osKernel.o" --specs=nano.specs -mfloat-abi=soft -mthumb -o "KRTOS/src/osKernel.o"
../KRTOS/src/osKernel.c: In function 'osKernel_ThreadCreate':
../KRTOS/src/osKernel.c:32:84: warning: assignment to 'int32_t' {aka 'long int'} from 'callback_function_t' {aka 'void (*)(void)'} makes integer from pointer without a cast [-Wint-conversion]
   32 |                 tcbs[Tasks_number].stackPt[task->stack_size * sizeof(int32_t) - 2] = task->callback_function;
      |                                                                                    ^
../KRTOS/src/osKernel.c: In function 'osKernelStack_Init':
../KRTOS/src/osKernel.c:51:43: error: invalid type argument of '->' (have 'TCBType' {aka 'struct tcb'})
   51 |         tcbs[index].stackPt = &tcbs[index]->stackPt[stack_size - 16];
      |                                           ^~
../KRTOS/src/osKernel.c: In function 'osKernel_ThreadCreate':
../KRTOS/src/osKernel.c:44:1: warning: control reaches end of non-void function [-Wreturn-type]
   44 | }
      | ^
../KRTOS/src/osKernel.c: In function 'osKernel_init':
../KRTOS/src/osKernel.c:96:1: warning: control reaches end of non-void function [-Wreturn-type]
   96 | }
      | ^
make: *** [KRTOS/src/subdir.mk:19: KRTOS/src/osKernel.o] Error 1
"make -j8 all" terminated with exit code 2. Build might be incomplete.
20:07:17 **** Incremental Build of configuration Debug for project 5_RoundRobinScheduler ****
make -j8 all 
arm-none-eabi-size   5_RoundRobinScheduler.elf 
   text	   data	    bss	    dec	    hex	filename
   6120	    100	   6748	  12968	   32a8	5_RoundRobinScheduler.elf
Finished building: default.size.stdout
 
20:07:17 **** Incremental Build of configuration Debug for project RTOS ****
make -j8 all 
arm-none-eabi-gcc "../KRTOS/src/osKernel.c" -mcpu=cortex-m3 -std=gnu11 -g3 -DDEBUG -DSTM32 -DSTM32F1 -DSTM32F103C8Tx -c -I"C:/RTOS/STM32Cube/RTOS/KRTOS/inc" -I../Inc -I"C:/RTOS/STM32Cube/RTOS/Inc/CMSIS/Include" -I"C:/RTOS/STM32Cube/RTOS/Inc/CMSIS/Device/ST/STM32F1xx/Include" -O0 -ffunction-sections -fdata-sections -Wall -fstack-usage -fcyclomatic-complexity -MMD -MP -MF"KRTOS/src/osKernel.d" -MT"KRTOS/src/osKernel.o" --specs=nano.specs -mfloat-abi=soft -mthumb -o "KRTOS/src/osKernel.o"
../KRTOS/src/osKernel.c: In function 'osKernel_ThreadCreate':
../KRTOS/src/osKernel.c:32:84: warning: assignment to 'int32_t' {aka 'long int'} from 'callback_function_t' {aka 'void (*)(void)'} makes integer from pointer without a cast [-Wint-conversion]
   32 |                 tcbs[Tasks_number].stackPt[task->stack_size * sizeof(int32_t) - 2] = task->callback_function;
      |                                                                                    ^
../KRTOS/src/osKernel.c:44:1: warning: control reaches end of non-void function [-Wreturn-type]
   44 | }
      | ^
../KRTOS/src/osKernel.c: In function 'osKernel_init':
../KRTOS/src/osKernel.c:96:1: warning: control reaches end of non-void function [-Wreturn-type]
   96 | }
      | ^
arm-none-eabi-gcc -o "RTOS.elf" @"objects.list"   -mcpu=cortex-m3 -T"C:\RTOS\STM32Cube\RTOS\STM32F103C8TX_FLASH.ld" --specs=nosys.specs -Wl,-Map="RTOS.map" -Wl,--gc-sections -static --specs=nano.specs -mfloat-abi=soft -mthumb -Wl,--start-group -lc -lm -Wl,--end-group
Finished building target: RTOS.elf
 
arm-none-eabi-size   RTOS.elf 
arm-none-eabi-objdump -h -S  RTOS.elf  > "RTOS.list"
   text	   data	    bss	    dec	    hex	filename
   2408	     88	   2000	   4496	   1190	RTOS.elf
Finished building: default.size.stdout
 
Finished building: RTOS.list
 
20:07:25 **** Incremental Build of configuration Debug for project RTOS ****
make -j8 all 
arm-none-eabi-size   RTOS.elf 
   text	   data	    bss	    dec	    hex	filename
   2408	     88	   2000	   4496	   1190	RTOS.elf
Finished building: default.size.stdout
 
20:07:57 **** Incremental Build of configuration Debug for project RTOS ****
make -j8 all 
arm-none-eabi-size   RTOS.elf 
   text	   data	    bss	    dec	    hex	filename
   2408	     88	   2000	   4496	   1190	RTOS.elf
Finished building: default.size.stdout
 
20:08:01 **** Incremental Build of configuration Debug for project RTOS ****
make -j8 all 
arm-none-eabi-size   RTOS.elf 
   text	   data	    bss	    dec	    hex	filename
   2408	     88	   2000	   4496	   1190	RTOS.elf
Finished building: default.size.stdout
 
20:12:30 **** Incremental Build of configuration Debug for project RTOS ****
make -j8 all 
arm-none-eabi-gcc "../KRTOS/src/osKernel.c" -mcpu=cortex-m3 -std=gnu11 -g3 -DDEBUG -DSTM32 -DSTM32F1 -DSTM32F103C8Tx -c -I"C:/RTOS/STM32Cube/RTOS/KRTOS/inc" -I../Inc -I"C:/RTOS/STM32Cube/RTOS/Inc/CMSIS/Include" -I"C:/RTOS/STM32Cube/RTOS/Inc/CMSIS/Device/ST/STM32F1xx/Include" -O0 -ffunction-sections -fdata-sections -Wall -fstack-usage -fcyclomatic-complexity -MMD -MP -MF"KRTOS/src/osKernel.d" -MT"KRTOS/src/osKernel.o" --specs=nano.specs -mfloat-abi=soft -mthumb -o "KRTOS/src/osKernel.o"
../KRTOS/src/osKernel.c: In function 'osKernel_ThreadCreate':
../KRTOS/src/osKernel.c:32:84: warning: assignment to 'int32_t' {aka 'long int'} from 'callback_function_t' {aka 'void (*)(void)'} makes integer from pointer without a cast [-Wint-conversion]
   32 |                 tcbs[Tasks_number].stackPt[task->stack_size * sizeof(int32_t) - 2] = task->callback_function;
      |                                                                                    ^
../KRTOS/src/osKernel.c:44:1: warning: control reaches end of non-void function [-Wreturn-type]
   44 | }
      | ^
../KRTOS/src/osKernel.c: In function 'osKernel_init':
../KRTOS/src/osKernel.c:96:1: warning: control reaches end of non-void function [-Wreturn-type]
   96 | }
      | ^
arm-none-eabi-gcc -o "RTOS.elf" @"objects.list"   -mcpu=cortex-m3 -T"C:\RTOS\STM32Cube\RTOS\STM32F103C8TX_FLASH.ld" --specs=nosys.specs -Wl,-Map="RTOS.map" -Wl,--gc-sections -static --specs=nano.specs -mfloat-abi=soft -mthumb -Wl,--start-group -lc -lm -Wl,--end-group
Finished building target: RTOS.elf
 
arm-none-eabi-size   RTOS.elf 
arm-none-eabi-objdump -h -S  RTOS.elf  > "RTOS.list"
   text	   data	    bss	    dec	    hex	filename
   2404	     88	   2000	   4492	   118c	RTOS.elf
Finished building: default.size.stdout
 
Finished building: RTOS.list
 
20:14:55 **** Incremental Build of configuration Debug for project RTOS ****
make -j8 all 
arm-none-eabi-gcc "../KRTOS/src/osKernel.c" -mcpu=cortex-m3 -std=gnu11 -g3 -DDEBUG -DSTM32 -DSTM32F1 -DSTM32F103C8Tx -c -I"C:/RTOS/STM32Cube/RTOS/KRTOS/inc" -I../Inc -I"C:/RTOS/STM32Cube/RTOS/Inc/CMSIS/Include" -I"C:/RTOS/STM32Cube/RTOS/Inc/CMSIS/Device/ST/STM32F1xx/Include" -O0 -ffunction-sections -fdata-sections -Wall -fstack-usage -fcyclomatic-complexity -MMD -MP -MF"KRTOS/src/osKernel.d" -MT"KRTOS/src/osKernel.o" --specs=nano.specs -mfloat-abi=soft -mthumb -o "KRTOS/src/osKernel.o"
../KRTOS/src/osKernel.c: In function 'osKernel_ThreadCreate':
../KRTOS/src/osKernel.c:32:84: warning: assignment to 'int32_t' {aka 'long int'} from 'callback_function_t' {aka 'void (*)(void)'} makes integer from pointer without a cast [-Wint-conversion]
   32 |                 tcbs[Tasks_number].stackPt[task->stack_size * sizeof(int32_t) - 2] = task->callback_function;
      |                                                                                    ^
../KRTOS/src/osKernel.c:44:1: warning: control reaches end of non-void function [-Wreturn-type]
   44 | }
      | ^
../KRTOS/src/osKernel.c: In function 'osKernel_init':
../KRTOS/src/osKernel.c:97:1: warning: control reaches end of non-void function [-Wreturn-type]
   97 | }
      | ^
arm-none-eabi-gcc -o "RTOS.elf" @"objects.list"   -mcpu=cortex-m3 -T"C:\RTOS\STM32Cube\RTOS\STM32F103C8TX_FLASH.ld" --specs=nosys.specs -Wl,-Map="RTOS.map" -Wl,--gc-sections -static --specs=nano.specs -mfloat-abi=soft -mthumb -Wl,--start-group -lc -lm -Wl,--end-group
Finished building target: RTOS.elf
 
arm-none-eabi-size   RTOS.elf 
arm-none-eabi-objdump -h -S  RTOS.elf  > "RTOS.list"
   text	   data	    bss	    dec	    hex	filename
   2404	     88	   2000	   4492	   118c	RTOS.elf
Finished building: default.size.stdout
 
Finished building: RTOS.list
 
20:16:17 **** Incremental Build of configuration Debug for project RTOS ****
make -j8 all 
arm-none-eabi-gcc "../KRTOS/src/osKernel.c" -mcpu=cortex-m3 -std=gnu11 -g3 -DDEBUG -DSTM32 -DSTM32F1 -DSTM32F103C8Tx -c -I"C:/RTOS/STM32Cube/RTOS/KRTOS/inc" -I../Inc -I"C:/RTOS/STM32Cube/RTOS/Inc/CMSIS/Include" -I"C:/RTOS/STM32Cube/RTOS/Inc/CMSIS/Device/ST/STM32F1xx/Include" -O0 -ffunction-sections -fdata-sections -Wall -fstack-usage -fcyclomatic-complexity -MMD -MP -MF"KRTOS/src/osKernel.d" -MT"KRTOS/src/osKernel.o" --specs=nano.specs -mfloat-abi=soft -mthumb -o "KRTOS/src/osKernel.o"
../KRTOS/src/osKernel.c: In function 'osKernel_ThreadCreate':
../KRTOS/src/osKernel.c:32:84: warning: assignment to 'int32_t' {aka 'long int'} from 'callback_function_t' {aka 'void (*)(void)'} makes integer from pointer without a cast [-Wint-conversion]
   32 |                 tcbs[Tasks_number].stackPt[task->stack_size * sizeof(int32_t) - 2] = task->callback_function;
      |                                                                                    ^
../KRTOS/src/osKernel.c:44:1: warning: control reaches end of non-void function [-Wreturn-type]
   44 | }
      | ^
../KRTOS/src/osKernel.c: In function 'osKernel_init':
../KRTOS/src/osKernel.c:97:1: warning: control reaches end of non-void function [-Wreturn-type]
   97 | }
      | ^
arm-none-eabi-gcc -o "RTOS.elf" @"objects.list"   -mcpu=cortex-m3 -T"C:\RTOS\STM32Cube\RTOS\STM32F103C8TX_FLASH.ld" --specs=nosys.specs -Wl,-Map="RTOS.map" -Wl,--gc-sections -static --specs=nano.specs -mfloat-abi=soft -mthumb -Wl,--start-group -lc -lm -Wl,--end-group
Finished building target: RTOS.elf
 
arm-none-eabi-size   RTOS.elf 
arm-none-eabi-objdump -h -S  RTOS.elf  > "RTOS.list"
   text	   data	    bss	    dec	    hex	filename
   2408	     88	   2000	   4496	   1190	RTOS.elf
Finished building: default.size.stdout
 
Finished building: RTOS.list
 
20:16:37 **** Incremental Build of configuration Debug for project RTOS ****
make -j8 all 
arm-none-eabi-size   RTOS.elf 
   text	   data	    bss	    dec	    hex	filename
   2408	     88	   2000	   4496	   1190	RTOS.elf
Finished building: default.size.stdout
 
20:36:55 **** Incremental Build of configuration Debug for project RTOS ****
make -j8 all 
arm-none-eabi-gcc "../Src/main.c" -mcpu=cortex-m3 -std=gnu11 -g3 -DDEBUG -DSTM32 -DSTM32F1 -DSTM32F103C8Tx -c -I"C:/RTOS/STM32Cube/RTOS/KRTOS/inc" -I../Inc -I"C:/RTOS/STM32Cube/RTOS/Inc/CMSIS/Include" -I"C:/RTOS/STM32Cube/RTOS/Inc/CMSIS/Device/ST/STM32F1xx/Include" -O0 -ffunction-sections -fdata-sections -Wall -fstack-usage -fcyclomatic-complexity -MMD -MP -MF"Src/main.d" -MT"Src/main.o" --specs=nano.specs -mfloat-abi=soft -mthumb -o "Src/main.o"
arm-none-eabi-gcc -o "RTOS.elf" @"objects.list"   -mcpu=cortex-m3 -T"C:\RTOS\STM32Cube\RTOS\STM32F103C8TX_FLASH.ld" --specs=nosys.specs -Wl,-Map="RTOS.map" -Wl,--gc-sections -static --specs=nano.specs -mfloat-abi=soft -mthumb -Wl,--start-group -lc -lm -Wl,--end-group
Finished building target: RTOS.elf
 
arm-none-eabi-size   RTOS.elf 
arm-none-eabi-objdump -h -S  RTOS.elf  > "RTOS.list"
   text	   data	    bss	    dec	    hex	filename
   2408	     88	   2000	   4496	   1190	RTOS.elf
Finished building: default.size.stdout
 
Finished building: RTOS.list
 
