18:22:26 **** Incremental Build of configuration Debug for project RTOS ****
make -j8 all 
arm-none-eabi-gcc "../Src/Time_Base.c" -mcpu=cortex-m3 -std=gnu11 -g3 -DDEBUG -DSTM32 -DSTM32F1 -DSTM32F103C8Tx -c -I"C:/RTOS/STM32Cube/RTOS/KRTOS/inc" -I../Inc -I"C:/RTOS/STM32Cube/RTOS/Inc/CMSIS/Include" -I"C:/RTOS/STM32Cube/RTOS/Inc/CMSIS/Device/ST/STM32F1xx/Include" -O0 -ffunction-sections -fdata-sections -Wall -fstack-usage -fcyclomatic-complexity -MMD -MP -MF"Src/Time_Base.d" -MT"Src/Time_Base.o" --specs=nano.specs -mfloat-abi=soft -mthumb -o "Src/Time_Base.o"
../Src/Time_Base.c: In function 'SysTick_HandlerSet':
../Src/Time_Base.c:76:34: error: 'NULL' undeclared (first use in this function)
   76 |         if (callbcak_function != NULL)
      |                                  ^~~~
../Src/Time_Base.c:3:1: note: 'NULL' is defined in header '<stddef.h>'; did you forget to '#include <stddef.h>'?
    2 | #include "stm32f103x6.h"
  +++ |+#include <stddef.h>
    3 | 
../Src/Time_Base.c:76:34: note: each undeclared identifier is reported only once for each function it appears in
   76 |         if (callbcak_function != NULL)
      |                                  ^~~~
../Src/Time_Base.c:78:17: error: 'SysTick_Handler' undeclared (first use in this function); did you mean 'SysTick_HandlerSet'?
   78 |                 SysTick_Handler = callbcak_function;
      |                 ^~~~~~~~~~~~~~~
      |                 SysTick_HandlerSet
make: *** [Src/subdir.mk:31: Src/Time_Base.o] Error 1
"make -j8 all" terminated with exit code 2. Build might be incomplete.
18:22:47 **** Incremental Build of configuration Debug for project RTOS ****
make -j8 all 
arm-none-eabi-gcc "../Src/Time_Base.c" -mcpu=cortex-m3 -std=gnu11 -g3 -DDEBUG -DSTM32 -DSTM32F1 -DSTM32F103C8Tx -c -I"C:/RTOS/STM32Cube/RTOS/KRTOS/inc" -I../Inc -I"C:/RTOS/STM32Cube/RTOS/Inc/CMSIS/Include" -I"C:/RTOS/STM32Cube/RTOS/Inc/CMSIS/Device/ST/STM32F1xx/Include" -O0 -ffunction-sections -fdata-sections -Wall -fstack-usage -fcyclomatic-complexity -MMD -MP -MF"Src/Time_Base.d" -MT"Src/Time_Base.o" --specs=nano.specs -mfloat-abi=soft -mthumb -o "Src/Time_Base.o"
../Src/Time_Base.c: In function 'SysTick_HandlerSet':
../Src/Time_Base.c:80:17: error: 'SysTick_Handler' undeclared (first use in this function); did you mean 'SysTick_HandlerSet'?
   80 |                 SysTick_Handler = callbcak_function;
      |                 ^~~~~~~~~~~~~~~
      |                 SysTick_HandlerSet
../Src/Time_Base.c:80:17: note: each undeclared identifier is reported only once for each function it appears in
make: *** [Src/subdir.mk:31: Src/Time_Base.o] Error 1
"make -j8 all" terminated with exit code 2. Build might be incomplete.
18:24:31 **** Incremental Build of configuration Debug for project RTOS ****
make -j8 all 
arm-none-eabi-gcc "../Src/Time_Base.c" -mcpu=cortex-m3 -std=gnu11 -g3 -DDEBUG -DSTM32 -DSTM32F1 -DSTM32F103C8Tx -c -I"C:/RTOS/STM32Cube/RTOS/KRTOS/inc" -I../Inc -I"C:/RTOS/STM32Cube/RTOS/Inc/CMSIS/Include" -I"C:/RTOS/STM32Cube/RTOS/Inc/CMSIS/Device/ST/STM32F1xx/Include" -O0 -ffunction-sections -fdata-sections -Wall -fstack-usage -fcyclomatic-complexity -MMD -MP -MF"Src/Time_Base.d" -MT"Src/Time_Base.o" --specs=nano.specs -mfloat-abi=soft -mthumb -o "Src/Time_Base.o"
arm-none-eabi-gcc -o "RTOS.elf" @"objects.list"   -mcpu=cortex-m3 -T"C:\RTOS\STM32Cube\RTOS\STM32F103C8TX_FLASH.ld" --specs=nosys.specs -Wl,-Map="RTOS.map" -Wl,--gc-sections -static --specs=nano.specs -mfloat-abi=soft -mthumb -Wl,--start-group -lc -lm -Wl,--end-group
Finished building target: RTOS.elf
 
arm-none-eabi-size   RTOS.elf 
arm-none-eabi-objdump -h -S  RTOS.elf  > "RTOS.list"
   text	   data	    bss	    dec	    hex	filename
    724	      8	   1568	   2300	    8fc	RTOS.elf
Finished building: default.size.stdout
 
Finished building: RTOS.list
 
18:39:44 **** Incremental Build of configuration Debug for project RTOS ****
make -j8 all 
arm-none-eabi-gcc "../KRTOS/src/osKernel.c" -mcpu=cortex-m3 -std=gnu11 -g3 -DDEBUG -DSTM32 -DSTM32F1 -DSTM32F103C8Tx -c -I"C:/RTOS/STM32Cube/RTOS/KRTOS/inc" -I../Inc -I"C:/RTOS/STM32Cube/RTOS/Inc/CMSIS/Include" -I"C:/RTOS/STM32Cube/RTOS/Inc/CMSIS/Device/ST/STM32F1xx/Include" -O0 -ffunction-sections -fdata-sections -Wall -fstack-usage -fcyclomatic-complexity -MMD -MP -MF"KRTOS/src/osKernel.d" -MT"KRTOS/src/osKernel.o" --specs=nano.specs -mfloat-abi=soft -mthumb -o "KRTOS/src/osKernel.o"
../KRTOS/src/osKernel.c: In function 'osKernel_ThreadCreate':
../KRTOS/src/osKernel.c:35:56: warning: implicit declaration of function 'malloc' [-Wimplicit-function-declaration]
   35 |                 tcbs[Tasks_number].stack = (uint32_t *)malloc(task_stackSize);
      |                                                        ^~~~~~
../KRTOS/src/osKernel.c:10:1: note: include '<stdlib.h>' or provide a declaration of 'malloc'
    9 | #include "osKernel.h"
  +++ |+#include <stdlib.h>
   10 | 
../KRTOS/src/osKernel.c:35:56: warning: incompatible implicit declaration of built-in function 'malloc' [-Wbuiltin-declaration-mismatch]
   35 |                 tcbs[Tasks_number].stack = (uint32_t *)malloc(task_stackSize);
      |                                                        ^~~~~~
../KRTOS/src/osKernel.c:35:56: note: include '<stdlib.h>' or provide a declaration of 'malloc'
../KRTOS/src/osKernel.c: In function 'osKernelStack_Init':
../KRTOS/src/osKernel.c:51:57: error: 'task' undeclared (first use in this function)
   51 |         tcbs[index].stack[tcbs[index].stack_size - 2] = task->callback_function;
      |                                                         ^~~~
../KRTOS/src/osKernel.c:51:57: note: each undeclared identifier is reported only once for each function it appears in
../KRTOS/src/osKernel.c:60:29: warning: assignment to 'uint32_t *' {aka 'long unsigned int *'} from 'uint32_t' {aka 'long unsigned int'} makes pointer from integer without a cast [-Wint-conversion]
   60 |         tcbs[index].stackpt = tcbs[index].stack[tcbs[index].stack_size - 16];
      |                             ^
../KRTOS/src/osKernel.c: In function 'osKernel_ThreadCreate':
../KRTOS/src/osKernel.c:43:1: warning: control reaches end of non-void function [-Wreturn-type]
   43 | }
      | ^
../KRTOS/src/osKernel.c: In function 'osKernel_init':
../KRTOS/src/osKernel.c:71:1: warning: control reaches end of non-void function [-Wreturn-type]
   71 | }
      | ^
make: *** [KRTOS/src/subdir.mk:19: KRTOS/src/osKernel.o] Error 1
"make -j8 all" terminated with exit code 2. Build might be incomplete.
18:40:13 **** Incremental Build of configuration Debug for project RTOS ****
make -j8 all 
arm-none-eabi-gcc "../KRTOS/src/osKernel.c" -mcpu=cortex-m3 -std=gnu11 -g3 -DDEBUG -DSTM32 -DSTM32F1 -DSTM32F103C8Tx -c -I"C:/RTOS/STM32Cube/RTOS/KRTOS/inc" -I../Inc -I"C:/RTOS/STM32Cube/RTOS/Inc/CMSIS/Include" -I"C:/RTOS/STM32Cube/RTOS/Inc/CMSIS/Device/ST/STM32F1xx/Include" -O0 -ffunction-sections -fdata-sections -Wall -fstack-usage -fcyclomatic-complexity -MMD -MP -MF"KRTOS/src/osKernel.d" -MT"KRTOS/src/osKernel.o" --specs=nano.specs -mfloat-abi=soft -mthumb -o "KRTOS/src/osKernel.o"
../KRTOS/src/osKernel.c: In function 'osKernel_ThreadCreate':
../KRTOS/src/osKernel.c:35:56: warning: implicit declaration of function 'malloc' [-Wimplicit-function-declaration]
   35 |                 tcbs[Tasks_number].stack = (uint32_t *)malloc(task_stackSize);
      |                                                        ^~~~~~
../KRTOS/src/osKernel.c:10:1: note: include '<stdlib.h>' or provide a declaration of 'malloc'
    9 | #include "osKernel.h"
  +++ |+#include <stdlib.h>
   10 | 
../KRTOS/src/osKernel.c:35:56: warning: incompatible implicit declaration of built-in function 'malloc' [-Wbuiltin-declaration-mismatch]
   35 |                 tcbs[Tasks_number].stack = (uint32_t *)malloc(task_stackSize);
      |                                                        ^~~~~~
../KRTOS/src/osKernel.c:35:56: note: include '<stdlib.h>' or provide a declaration of 'malloc'
../KRTOS/src/osKernel.c: In function 'osKernelStack_Init':
../KRTOS/src/osKernel.c:51:55: warning: assignment to 'uint32_t' {aka 'long unsigned int'} from 'callback_function_t' {aka 'void (*)(void)'} makes integer from pointer without a cast [-Wint-conversion]
   51 |         tcbs[index].stack[tcbs[index].stack_size - 2] = tcbs[index].callback_function;
      |                                                       ^
../KRTOS/src/osKernel.c:60:29: warning: assignment to 'uint32_t *' {aka 'long unsigned int *'} from 'uint32_t' {aka 'long unsigned int'} makes pointer from integer without a cast [-Wint-conversion]
   60 |         tcbs[index].stackpt = tcbs[index].stack[tcbs[index].stack_size - 16];
      |                             ^
../KRTOS/src/osKernel.c: In function 'osKernel_ThreadCreate':
../KRTOS/src/osKernel.c:43:1: warning: control reaches end of non-void function [-Wreturn-type]
   43 | }
      | ^
../KRTOS/src/osKernel.c: In function 'osKernel_init':
../KRTOS/src/osKernel.c:71:1: warning: control reaches end of non-void function [-Wreturn-type]
   71 | }
      | ^
arm-none-eabi-gcc -o "RTOS.elf" @"objects.list"   -mcpu=cortex-m3 -T"C:\RTOS\STM32Cube\RTOS\STM32F103C8TX_FLASH.ld" --specs=nosys.specs -Wl,-Map="RTOS.map" -Wl,--gc-sections -static --specs=nano.specs -mfloat-abi=soft -mthumb -Wl,--start-group -lc -lm -Wl,--end-group
Finished building target: RTOS.elf
 
arm-none-eabi-size   RTOS.elf 
arm-none-eabi-objdump -h -S  RTOS.elf  > "RTOS.list"
   text	   data	    bss	    dec	    hex	filename
    724	      8	   1568	   2300	    8fc	RTOS.elf
Finished building: default.size.stdout
 
Finished building: RTOS.list
 
18:45:02 **** Incremental Build of configuration Debug for project RTOS ****
make -j8 all 
arm-none-eabi-gcc "../Src/main.c" -mcpu=cortex-m3 -std=gnu11 -g3 -DDEBUG -DSTM32 -DSTM32F1 -DSTM32F103C8Tx -c -I"C:/RTOS/STM32Cube/RTOS/KRTOS/inc" -I../Inc -I"C:/RTOS/STM32Cube/RTOS/Inc/CMSIS/Include" -I"C:/RTOS/STM32Cube/RTOS/Inc/CMSIS/Device/ST/STM32F1xx/Include" -O0 -ffunction-sections -fdata-sections -Wall -fstack-usage -fcyclomatic-complexity -MMD -MP -MF"Src/main.d" -MT"Src/main.o" --specs=nano.specs -mfloat-abi=soft -mthumb -o "Src/main.o"
arm-none-eabi-gcc "../KRTOS/src/osKernel.c" -mcpu=cortex-m3 -std=gnu11 -g3 -DDEBUG -DSTM32 -DSTM32F1 -DSTM32F103C8Tx -c -I"C:/RTOS/STM32Cube/RTOS/KRTOS/inc" -I../Inc -I"C:/RTOS/STM32Cube/RTOS/Inc/CMSIS/Include" -I"C:/RTOS/STM32Cube/RTOS/Inc/CMSIS/Device/ST/STM32F1xx/Include" -O0 -ffunction-sections -fdata-sections -Wall -fstack-usage -fcyclomatic-complexity -MMD -MP -MF"KRTOS/src/osKernel.d" -MT"KRTOS/src/osKernel.o" --specs=nano.specs -mfloat-abi=soft -mthumb -o "KRTOS/src/osKernel.o"
../Src/main.c: In function 'main':
../Src/main.c:33:9: error: unknown type name 'TCB_t'
   33 |         TCB_t Thread1;
      |         ^~~~~
../Src/main.c:34:16: error: request for member 'callback_function' in something not a structure or union
   34 |         Thread1.callback_function = Task1;
      |                ^
../Src/main.c:41:9: warning: implicit declaration of function 'osKernel_ThreadCreate' [-Wimplicit-function-declaration]
   41 |         osKernel_ThreadCreate(Thread1);
      |         ^~~~~~~~~~~~~~~~~~~~~
../Src/main.c:42:9: warning: implicit declaration of function 'osKernel_init' [-Wimplicit-function-declaration]
   42 |         osKernel_init(100);
      |         ^~~~~~~~~~~~~
../KRTOS/src/osKernel.c: In function 'osKernel_ThreadCreate':
../KRTOS/src/osKernel.c:36:56: warning: implicit declaration of function 'malloc' [-Wimplicit-function-declaration]
   36 |                 tcbs[Tasks_number].stack = (uint32_t *)malloc(task_stackSize);
      |                                                        ^~~~~~
../KRTOS/src/osKernel.c:10:1: note: include '<stdlib.h>' or provide a declaration of 'malloc'
    9 | #include "osKernel.h"
  +++ |+#include <stdlib.h>
   10 | 
../KRTOS/src/osKernel.c:36:56: warning: incompatible implicit declaration of built-in function 'malloc' [-Wbuiltin-declaration-mismatch]
   36 |                 tcbs[Tasks_number].stack = (uint32_t *)malloc(task_stackSize);
      |                                                        ^~~~~~
../KRTOS/src/osKernel.c:36:56: note: include '<stdlib.h>' or provide a declaration of 'malloc'
../KRTOS/src/osKernel.c: In function 'osKernelStack_Init':
../KRTOS/src/osKernel.c:52:55: warning: assignment to 'uint32_t' {aka 'long unsigned int'} from 'callback_function_t' {aka 'void (*)(void)'} makes integer from pointer without a cast [-Wint-conversion]
   52 |         tcbs[index].stack[tcbs[index].stack_size - 2] = tcbs[index].callback_function;
      |                                                       ^
../KRTOS/src/osKernel.c:61:29: warning: assignment to 'uint32_t *' {aka 'long unsigned int *'} from 'uint32_t' {aka 'long unsigned int'} makes pointer from integer without a cast [-Wint-conversion]
   61 |         tcbs[index].stackpt = tcbs[index].stack[tcbs[index].stack_size - 16];
      |                             ^
make: *** [Src/subdir.mk:31: Src/main.o] Error 1
make: *** Waiting for unfinished jobs....
../KRTOS/src/osKernel.c: In function 'osKernel_init':
../KRTOS/src/osKernel.c:77:9: warning: implicit declaration of function 'SysTick_HandlerSet' [-Wimplicit-function-declaration]
   77 |         SysTick_HandlerSet(osKernel_Scheduler);
      |         ^~~~~~~~~~~~~~~~~~
../KRTOS/src/osKernel.c: In function 'osKernel_ThreadCreate':
../KRTOS/src/osKernel.c:44:1: warning: control reaches end of non-void function [-Wreturn-type]
   44 | }
      | ^
../KRTOS/src/osKernel.c: In function 'osKernel_init':
../KRTOS/src/osKernel.c:79:1: warning: control reaches end of non-void function [-Wreturn-type]
   79 | }
      | ^
"make -j8 all" terminated with exit code 2. Build might be incomplete.
18:45:35 **** Incremental Build of configuration Debug for project RTOS ****
make -j8 all 
arm-none-eabi-gcc "../Src/main.c" -mcpu=cortex-m3 -std=gnu11 -g3 -DDEBUG -DSTM32 -DSTM32F1 -DSTM32F103C8Tx -c -I"C:/RTOS/STM32Cube/RTOS/KRTOS/inc" -I../Inc -I"C:/RTOS/STM32Cube/RTOS/Inc/CMSIS/Include" -I"C:/RTOS/STM32Cube/RTOS/Inc/CMSIS/Device/ST/STM32F1xx/Include" -O0 -ffunction-sections -fdata-sections -Wall -fstack-usage -fcyclomatic-complexity -MMD -MP -MF"Src/main.d" -MT"Src/main.o" --specs=nano.specs -mfloat-abi=soft -mthumb -o "Src/main.o"
arm-none-eabi-gcc -o "RTOS.elf" @"objects.list"   -mcpu=cortex-m3 -T"C:\RTOS\STM32Cube\RTOS\STM32F103C8TX_FLASH.ld" --specs=nosys.specs -Wl,-Map="RTOS.map" -Wl,--gc-sections -static --specs=nano.specs -mfloat-abi=soft -mthumb -Wl,--start-group -lc -lm -Wl,--end-group
Finished building target: RTOS.elf
 
arm-none-eabi-size   RTOS.elf 
arm-none-eabi-objdump -h -S  RTOS.elf  > "RTOS.list"
   text	   data	    bss	    dec	    hex	filename
   2172	     88	   2008	   4268	   10ac	RTOS.elf
Finished building: default.size.stdout
 
Finished building: RTOS.list
 
18:45:56 **** Incremental Build of configuration Debug for project RTOS ****
make -j8 all 
arm-none-eabi-size   RTOS.elf 
   text	   data	    bss	    dec	    hex	filename
   2172	     88	   2008	   4268	   10ac	RTOS.elf
Finished building: default.size.stdout
 
18:48:52 **** Incremental Build of configuration Debug for project RTOS ****
make -j8 all 
arm-none-eabi-size   RTOS.elf 
   text	   data	    bss	    dec	    hex	filename
   2172	     88	   2008	   4268	   10ac	RTOS.elf
Finished building: default.size.stdout
 
18:56:27 **** Incremental Build of configuration Debug for project RTOS ****
make -j8 all 
arm-none-eabi-gcc "../Src/main.c" -mcpu=cortex-m3 -std=gnu11 -g3 -DDEBUG -DSTM32 -DSTM32F1 -DSTM32F103C8Tx -c -I"C:/RTOS/STM32Cube/RTOS/KRTOS/inc" -I../Inc -I"C:/RTOS/STM32Cube/RTOS/Inc/CMSIS/Include" -I"C:/RTOS/STM32Cube/RTOS/Inc/CMSIS/Device/ST/STM32F1xx/Include" -O0 -ffunction-sections -fdata-sections -Wall -fstack-usage -fcyclomatic-complexity -MMD -MP -MF"Src/main.d" -MT"Src/main.o" --specs=nano.specs -mfloat-abi=soft -mthumb -o "Src/main.o"
arm-none-eabi-gcc "../KRTOS/src/osKernel.c" -mcpu=cortex-m3 -std=gnu11 -g3 -DDEBUG -DSTM32 -DSTM32F1 -DSTM32F103C8Tx -c -I"C:/RTOS/STM32Cube/RTOS/KRTOS/inc" -I../Inc -I"C:/RTOS/STM32Cube/RTOS/Inc/CMSIS/Include" -I"C:/RTOS/STM32Cube/RTOS/Inc/CMSIS/Device/ST/STM32F1xx/Include" -O0 -ffunction-sections -fdata-sections -Wall -fstack-usage -fcyclomatic-complexity -MMD -MP -MF"KRTOS/src/osKernel.d" -MT"KRTOS/src/osKernel.o" --specs=nano.specs -mfloat-abi=soft -mthumb -o "KRTOS/src/osKernel.o"
../KRTOS/src/osKernel.c: In function 'osKernel_ThreadCreate':
../KRTOS/src/osKernel.c:36:56: warning: implicit declaration of function 'malloc' [-Wimplicit-function-declaration]
   36 |                 tcbs[Tasks_number].stack = (uint32_t *)malloc(task_stackSize);
      |                                                        ^~~~~~
../KRTOS/src/osKernel.c:10:1: note: include '<stdlib.h>' or provide a declaration of 'malloc'
    9 | #include "osKernel.h"
  +++ |+#include <stdlib.h>
   10 | 
../KRTOS/src/osKernel.c:36:56: warning: incompatible implicit declaration of built-in function 'malloc' [-Wbuiltin-declaration-mismatch]
   36 |                 tcbs[Tasks_number].stack = (uint32_t *)malloc(task_stackSize);
      |                                                        ^~~~~~
../KRTOS/src/osKernel.c:36:56: note: include '<stdlib.h>' or provide a declaration of 'malloc'
../KRTOS/src/osKernel.c: In function 'osKernelStack_Init':
../KRTOS/src/osKernel.c:52:55: warning: assignment to 'uint32_t' {aka 'long unsigned int'} from 'callback_function_t' {aka 'void (*)(void)'} makes integer from pointer without a cast [-Wint-conversion]
   52 |         tcbs[index].stack[tcbs[index].stack_size - 2] = tcbs[index].callback_function;
      |                                                       ^
../KRTOS/src/osKernel.c:61:29: warning: assignment to 'uint32_t *' {aka 'long unsigned int *'} from 'uint32_t' {aka 'long unsigned int'} makes pointer from integer without a cast [-Wint-conversion]
   61 |         tcbs[index].stackpt = tcbs[index].stack[tcbs[index].stack_size - 16];
      |                             ^
../KRTOS/src/osKernel.c: In function 'osKernel_init':
../KRTOS/src/osKernel.c:77:9: warning: implicit declaration of function 'SysTick_HandlerSet' [-Wimplicit-function-declaration]
   77 |         SysTick_HandlerSet(osKernel_Scheduler);
      |         ^~~~~~~~~~~~~~~~~~
../KRTOS/src/osKernel.c: In function 'osKernel_ThreadCreate':
../KRTOS/src/osKernel.c:44:1: warning: control reaches end of non-void function [-Wreturn-type]
   44 | }
      | ^
../KRTOS/src/osKernel.c: In function 'osKernel_init':
../KRTOS/src/osKernel.c:79:1: warning: control reaches end of non-void function [-Wreturn-type]
   79 | }
      | ^
arm-none-eabi-gcc -o "RTOS.elf" @"objects.list"   -mcpu=cortex-m3 -T"C:\RTOS\STM32Cube\RTOS\STM32F103C8TX_FLASH.ld" --specs=nosys.specs -Wl,-Map="RTOS.map" -Wl,--gc-sections -static --specs=nano.specs -mfloat-abi=soft -mthumb -Wl,--start-group -lc -lm -Wl,--end-group
Finished building target: RTOS.elf
 
arm-none-eabi-size   RTOS.elf 
arm-none-eabi-objdump -h -S  RTOS.elf  > "RTOS.list"
   text	   data	    bss	    dec	    hex	filename
   2204	     88	   2008	   4300	   10cc	RTOS.elf
Finished building: default.size.stdout
 
Finished building: RTOS.list
 
18:56:31 **** Incremental Build of configuration Debug for project RTOS ****
make -j8 all 
arm-none-eabi-size   RTOS.elf 
   text	   data	    bss	    dec	    hex	filename
   2204	     88	   2008	   4300	   10cc	RTOS.elf
Finished building: default.size.stdout
 
18:57:18 **** Incremental Build of configuration Debug for project RTOS ****
make -j8 all 
arm-none-eabi-size   RTOS.elf 
   text	   data	    bss	    dec	    hex	filename
   2204	     88	   2008	   4300	   10cc	RTOS.elf
Finished building: default.size.stdout
 
18:57:23 **** Incremental Build of configuration Debug for project RTOS ****
make -j8 all 
arm-none-eabi-size   RTOS.elf 
   text	   data	    bss	    dec	    hex	filename
   2204	     88	   2008	   4300	   10cc	RTOS.elf
Finished building: default.size.stdout
 
18:59:15 **** Incremental Build of configuration Debug for project RTOS ****
make -j8 all 
arm-none-eabi-gcc "../KRTOS/src/osKernel.c" -mcpu=cortex-m3 -std=gnu11 -g3 -DDEBUG -DSTM32 -DSTM32F1 -DSTM32F103C8Tx -c -I"C:/RTOS/STM32Cube/RTOS/KRTOS/inc" -I../Inc -I"C:/RTOS/STM32Cube/RTOS/Inc/CMSIS/Include" -I"C:/RTOS/STM32Cube/RTOS/Inc/CMSIS/Device/ST/STM32F1xx/Include" -O0 -ffunction-sections -fdata-sections -Wall -fstack-usage -fcyclomatic-complexity -MMD -MP -MF"KRTOS/src/osKernel.d" -MT"KRTOS/src/osKernel.o" --specs=nano.specs -mfloat-abi=soft -mthumb -o "KRTOS/src/osKernel.o"
../KRTOS/src/osKernel.c: In function 'osKernel_ThreadCreate':
../KRTOS/src/osKernel.c:32:46: error: invalid type argument of unary '*' (have 'uint32_t' {aka 'long unsigned int'})
   32 |                 tcbs[Tasks_number].ex_time = *task->ex_time;
      |                                              ^~~~~~~~~~~~~~
../KRTOS/src/osKernel.c:33:50: error: invalid type argument of unary '*' (have 'uint32_t' {aka 'long unsigned int'})
   33 |                 tcbs[Tasks_number].periodicity = *task->periodicity;
      |                                                  ^~~~~~~~~~~~~~~~~~
../KRTOS/src/osKernel.c:34:47: error: invalid type argument of unary '*' (have 'int')
   34 |                 tcbs[Tasks_number].priority = *task->priority;
      |                                               ^~~~~~~~~~~~~~~
../KRTOS/src/osKernel.c:35:49: error: invalid type argument of unary '*' (have 'uint32_t' {aka 'long unsigned int'})
   35 |                 tcbs[Tasks_number].stack_size = *task->stack_size;
      |                                                 ^~~~~~~~~~~~~~~~~
../KRTOS/src/osKernel.c:36:56: warning: implicit declaration of function 'malloc' [-Wimplicit-function-declaration]
   36 |                 tcbs[Tasks_number].stack = (uint32_t *)malloc(task_stackSize);
      |                                                        ^~~~~~
../KRTOS/src/osKernel.c:10:1: note: include '<stdlib.h>' or provide a declaration of 'malloc'
    9 | #include "osKernel.h"
  +++ |+#include <stdlib.h>
   10 | 
../KRTOS/src/osKernel.c:36:56: warning: incompatible implicit declaration of built-in function 'malloc' [-Wbuiltin-declaration-mismatch]
   36 |                 tcbs[Tasks_number].stack = (uint32_t *)malloc(task_stackSize);
      |                                                        ^~~~~~
../KRTOS/src/osKernel.c:36:56: note: include '<stdlib.h>' or provide a declaration of 'malloc'
../KRTOS/src/osKernel.c: In function 'osKernelStack_Init':
../KRTOS/src/osKernel.c:52:55: warning: assignment to 'uint32_t' {aka 'long unsigned int'} from 'callback_function_t' {aka 'void (*)(void)'} makes integer from pointer without a cast [-Wint-conversion]
   52 |         tcbs[index].stack[tcbs[index].stack_size - 2] = tcbs[index].callback_function;
      |                                                       ^
../KRTOS/src/osKernel.c:61:29: warning: assignment to 'uint32_t *' {aka 'long unsigned int *'} from 'uint32_t' {aka 'long unsigned int'} makes pointer from integer without a cast [-Wint-conversion]
   61 |         tcbs[index].stackpt = tcbs[index].stack[tcbs[index].stack_size - 16];
      |                             ^
../KRTOS/src/osKernel.c: In function 'osKernel_init':
../KRTOS/src/osKernel.c:77:9: warning: implicit declaration of function 'SysTick_HandlerSet' [-Wimplicit-function-declaration]
   77 |         SysTick_HandlerSet(osKernel_Scheduler);
      |         ^~~~~~~~~~~~~~~~~~
../KRTOS/src/osKernel.c: In function 'osKernel_ThreadCreate':
../KRTOS/src/osKernel.c:44:1: warning: control reaches end of non-void function [-Wreturn-type]
   44 | }
      | ^
../KRTOS/src/osKernel.c: In function 'osKernel_init':
../KRTOS/src/osKernel.c:79:1: warning: control reaches end of non-void function [-Wreturn-type]
   79 | }
      | ^
make: *** [KRTOS/src/subdir.mk:19: KRTOS/src/osKernel.o] Error 1
"make -j8 all" terminated with exit code 2. Build might be incomplete.
19:00:02 **** Incremental Build of configuration Debug for project RTOS ****
make -j8 all 
arm-none-eabi-gcc "../KRTOS/src/osKernel.c" -mcpu=cortex-m3 -std=gnu11 -g3 -DDEBUG -DSTM32 -DSTM32F1 -DSTM32F103C8Tx -c -I"C:/RTOS/STM32Cube/RTOS/KRTOS/inc" -I../Inc -I"C:/RTOS/STM32Cube/RTOS/Inc/CMSIS/Include" -I"C:/RTOS/STM32Cube/RTOS/Inc/CMSIS/Device/ST/STM32F1xx/Include" -O0 -ffunction-sections -fdata-sections -Wall -fstack-usage -fcyclomatic-complexity -MMD -MP -MF"KRTOS/src/osKernel.d" -MT"KRTOS/src/osKernel.o" --specs=nano.specs -mfloat-abi=soft -mthumb -o "KRTOS/src/osKernel.o"
../KRTOS/src/osKernel.c: In function 'osKernel_ThreadCreate':
../KRTOS/src/osKernel.c:29:43: error: invalid type argument of unary '*' (have 'uint32_t' {aka 'long unsigned int'})
   29 |                 uint32_t task_stackSize = *(task->stack_size) * sizeof(uint32_t);
      |                                           ^~~~~~~~~~~~~~~~~~~
../KRTOS/src/osKernel.c:32:46: error: invalid type argument of unary '*' (have 'uint32_t' {aka 'long unsigned int'})
   32 |                 tcbs[Tasks_number].ex_time = *(task->ex_time);
      |                                              ^~~~~~~~~~~~~~~~
../KRTOS/src/osKernel.c:33:50: error: invalid type argument of unary '*' (have 'uint32_t' {aka 'long unsigned int'})
   33 |                 tcbs[Tasks_number].periodicity = *(task->periodicity);
      |                                                  ^~~~~~~~~~~~~~~~~~~~
../KRTOS/src/osKernel.c:34:47: error: invalid type argument of unary '*' (have 'int')
   34 |                 tcbs[Tasks_number].priority = *(task->priority);
      |                                               ^~~~~~~~~~~~~~~~~
../KRTOS/src/osKernel.c:35:49: error: invalid type argument of unary '*' (have 'uint32_t' {aka 'long unsigned int'})
   35 |                 tcbs[Tasks_number].stack_size = *(task->stack_size);
      |                                                 ^~~~~~~~~~~~~~~~~~~
../KRTOS/src/osKernel.c:36:56: warning: implicit declaration of function 'malloc' [-Wimplicit-function-declaration]
   36 |                 tcbs[Tasks_number].stack = (uint32_t *)malloc(task_stackSize);
      |                                                        ^~~~~~
../KRTOS/src/osKernel.c:10:1: note: include '<stdlib.h>' or provide a declaration of 'malloc'
    9 | #include "osKernel.h"
  +++ |+#include <stdlib.h>
   10 | 
../KRTOS/src/osKernel.c:36:56: warning: incompatible implicit declaration of built-in function 'malloc' [-Wbuiltin-declaration-mismatch]
   36 |                 tcbs[Tasks_number].stack = (uint32_t *)malloc(task_stackSize);
      |                                                        ^~~~~~
../KRTOS/src/osKernel.c:36:56: note: include '<stdlib.h>' or provide a declaration of 'malloc'
../KRTOS/src/osKernel.c: In function 'osKernelStack_Init':
../KRTOS/src/osKernel.c:52:55: warning: assignment to 'uint32_t' {aka 'long unsigned int'} from 'callback_function_t' {aka 'void (*)(void)'} makes integer from pointer without a cast [-Wint-conversion]
   52 |         tcbs[index].stack[tcbs[index].stack_size - 2] = tcbs[index].callback_function;
      |                                                       ^
../KRTOS/src/osKernel.c:61:29: warning: assignment to 'uint32_t *' {aka 'long unsigned int *'} from 'uint32_t' {aka 'long unsigned int'} makes pointer from integer without a cast [-Wint-conversion]
   61 |         tcbs[index].stackpt = tcbs[index].stack[tcbs[index].stack_size - 16];
      |                             ^
../KRTOS/src/osKernel.c: In function 'osKernel_init':
../KRTOS/src/osKernel.c:77:9: warning: implicit declaration of function 'SysTick_HandlerSet' [-Wimplicit-function-declaration]
   77 |         SysTick_HandlerSet(osKernel_Scheduler);
      |         ^~~~~~~~~~~~~~~~~~
../KRTOS/src/osKernel.c: In function 'osKernel_ThreadCreate':
../KRTOS/src/osKernel.c:44:1: warning: control reaches end of non-void function [-Wreturn-type]
   44 | }
      | ^
../KRTOS/src/osKernel.c: In function 'osKernel_init':
../KRTOS/src/osKernel.c:79:1: warning: control reaches end of non-void function [-Wreturn-type]
   79 | }
      | ^
make: *** [KRTOS/src/subdir.mk:19: KRTOS/src/osKernel.o] Error 1
"make -j8 all" terminated with exit code 2. Build might be incomplete.
19:00:42 **** Incremental Build of configuration Debug for project RTOS ****
make -j8 all 
arm-none-eabi-gcc "../KRTOS/src/osKernel.c" -mcpu=cortex-m3 -std=gnu11 -g3 -DDEBUG -DSTM32 -DSTM32F1 -DSTM32F103C8Tx -c -I"C:/RTOS/STM32Cube/RTOS/KRTOS/inc" -I../Inc -I"C:/RTOS/STM32Cube/RTOS/Inc/CMSIS/Include" -I"C:/RTOS/STM32Cube/RTOS/Inc/CMSIS/Device/ST/STM32F1xx/Include" -O0 -ffunction-sections -fdata-sections -Wall -fstack-usage -fcyclomatic-complexity -MMD -MP -MF"KRTOS/src/osKernel.d" -MT"KRTOS/src/osKernel.o" --specs=nano.specs -mfloat-abi=soft -mthumb -o "KRTOS/src/osKernel.o"
../KRTOS/src/osKernel.c: In function 'osKernel_ThreadCreate':
../KRTOS/src/osKernel.c:36:56: warning: implicit declaration of function 'malloc' [-Wimplicit-function-declaration]
   36 |                 tcbs[Tasks_number].stack = (uint32_t *)malloc(task_stackSize);
      |                                                        ^~~~~~
../KRTOS/src/osKernel.c:10:1: note: include '<stdlib.h>' or provide a declaration of 'malloc'
    9 | #include "osKernel.h"
  +++ |+#include <stdlib.h>
   10 | 
../KRTOS/src/osKernel.c:36:56: warning: incompatible implicit declaration of built-in function 'malloc' [-Wbuiltin-declaration-mismatch]
   36 |                 tcbs[Tasks_number].stack = (uint32_t *)malloc(task_stackSize);
      |                                                        ^~~~~~
../KRTOS/src/osKernel.c:36:56: note: include '<stdlib.h>' or provide a declaration of 'malloc'
../KRTOS/src/osKernel.c: In function 'osKernelStack_Init':
../KRTOS/src/osKernel.c:52:55: warning: assignment to 'uint32_t' {aka 'long unsigned int'} from 'callback_function_t' {aka 'void (*)(void)'} makes integer from pointer without a cast [-Wint-conversion]
   52 |         tcbs[index].stack[tcbs[index].stack_size - 2] = tcbs[index].callback_function;
      |                                                       ^
../KRTOS/src/osKernel.c:61:29: warning: assignment to 'uint32_t *' {aka 'long unsigned int *'} from 'uint32_t' {aka 'long unsigned int'} makes pointer from integer without a cast [-Wint-conversion]
   61 |         tcbs[index].stackpt = tcbs[index].stack[tcbs[index].stack_size - 16];
      |                             ^
../KRTOS/src/osKernel.c: In function 'osKernel_init':
../KRTOS/src/osKernel.c:77:9: warning: implicit declaration of function 'SysTick_HandlerSet' [-Wimplicit-function-declaration]
   77 |         SysTick_HandlerSet(osKernel_Scheduler);
      |         ^~~~~~~~~~~~~~~~~~
../KRTOS/src/osKernel.c: In function 'osKernel_ThreadCreate':
../KRTOS/src/osKernel.c:44:1: warning: control reaches end of non-void function [-Wreturn-type]
   44 | }
      | ^
../KRTOS/src/osKernel.c: In function 'osKernel_init':
../KRTOS/src/osKernel.c:79:1: warning: control reaches end of non-void function [-Wreturn-type]
   79 | }
      | ^
arm-none-eabi-gcc -o "RTOS.elf" @"objects.list"   -mcpu=cortex-m3 -T"C:\RTOS\STM32Cube\RTOS\STM32F103C8TX_FLASH.ld" --specs=nosys.specs -Wl,-Map="RTOS.map" -Wl,--gc-sections -static --specs=nano.specs -mfloat-abi=soft -mthumb -Wl,--start-group -lc -lm -Wl,--end-group
Finished building target: RTOS.elf
 
arm-none-eabi-size   RTOS.elf 
arm-none-eabi-objdump -h -S  RTOS.elf  > "RTOS.list"
   text	   data	    bss	    dec	    hex	filename
   2204	     88	   2008	   4300	   10cc	RTOS.elf
Finished building: default.size.stdout
 
Finished building: RTOS.list
 
19:00:51 **** Incremental Build of configuration Debug for project RTOS ****
make -j8 all 
arm-none-eabi-size   RTOS.elf 
   text	   data	    bss	    dec	    hex	filename
   2204	     88	   2008	   4300	   10cc	RTOS.elf
Finished building: default.size.stdout
 
19:01:59 **** Incremental Build of configuration Debug for project RTOS ****
make -j8 all 
arm-none-eabi-gcc "../Src/main.c" -mcpu=cortex-m3 -std=gnu11 -g3 -DDEBUG -DSTM32 -DSTM32F1 -DSTM32F103C8Tx -c -I"C:/RTOS/STM32Cube/RTOS/KRTOS/inc" -I../Inc -I"C:/RTOS/STM32Cube/RTOS/Inc/CMSIS/Include" -I"C:/RTOS/STM32Cube/RTOS/Inc/CMSIS/Device/ST/STM32F1xx/Include" -O0 -ffunction-sections -fdata-sections -Wall -fstack-usage -fcyclomatic-complexity -MMD -MP -MF"Src/main.d" -MT"Src/main.o" --specs=nano.specs -mfloat-abi=soft -mthumb -o "Src/main.o"
arm-none-eabi-gcc -o "RTOS.elf" @"objects.list"   -mcpu=cortex-m3 -T"C:\RTOS\STM32Cube\RTOS\STM32F103C8TX_FLASH.ld" --specs=nosys.specs -Wl,-Map="RTOS.map" -Wl,--gc-sections -static --specs=nano.specs -mfloat-abi=soft -mthumb -Wl,--start-group -lc -lm -Wl,--end-group
Finished building target: RTOS.elf
 
arm-none-eabi-size   RTOS.elf 
arm-none-eabi-objdump -h -S  RTOS.elf  > "RTOS.list"
   text	   data	    bss	    dec	    hex	filename
   2192	     88	   2008	   4288	   10c0	RTOS.elf
Finished building: default.size.stdout
 
Finished building: RTOS.list
 
19:34:27 **** Incremental Build of configuration Debug for project RTOS ****
make -j8 all 
arm-none-eabi-gcc "../KRTOS/src/osKernel.c" -mcpu=cortex-m3 -std=gnu11 -g3 -DDEBUG -DSTM32 -DSTM32F1 -DSTM32F103C8Tx -c -I"C:/RTOS/STM32Cube/RTOS/KRTOS/inc" -I../Inc -I"C:/RTOS/STM32Cube/RTOS/Inc/CMSIS/Include" -I"C:/RTOS/STM32Cube/RTOS/Inc/CMSIS/Device/ST/STM32F1xx/Include" -O0 -ffunction-sections -fdata-sections -Wall -fstack-usage -fcyclomatic-complexity -MMD -MP -MF"KRTOS/src/osKernel.d" -MT"KRTOS/src/osKernel.o" --specs=nano.specs -mfloat-abi=soft -mthumb -o "KRTOS/src/osKernel.o"
../KRTOS/src/osKernel.c: In function 'osKernel_ThreadCreate':
../KRTOS/src/osKernel.c:36:56: warning: implicit declaration of function 'malloc' [-Wimplicit-function-declaration]
   36 |                 tcbs[Tasks_number].stack = (uint32_t *)malloc(task_stackSize);
      |                                                        ^~~~~~
../KRTOS/src/osKernel.c:10:1: note: include '<stdlib.h>' or provide a declaration of 'malloc'
    9 | #include "osKernel.h"
  +++ |+#include <stdlib.h>
   10 | 
../KRTOS/src/osKernel.c:36:56: warning: incompatible implicit declaration of built-in function 'malloc' [-Wbuiltin-declaration-mismatch]
   36 |                 tcbs[Tasks_number].stack = (uint32_t *)malloc(task_stackSize);
      |                                                        ^~~~~~
../KRTOS/src/osKernel.c:36:56: note: include '<stdlib.h>' or provide a declaration of 'malloc'
../KRTOS/src/osKernel.c: In function 'osKernelStack_Init':
../KRTOS/src/osKernel.c:52:55: warning: assignment to 'uint32_t' {aka 'long unsigned int'} from 'callback_function_t' {aka 'void (*)(void)'} makes integer from pointer without a cast [-Wint-conversion]
   52 |         tcbs[index].stack[tcbs[index].stack_size - 2] = tcbs[index].callback_function;
      |                                                       ^
../KRTOS/src/osKernel.c:61:29: warning: assignment to 'uint32_t *' {aka 'long unsigned int *'} from 'uint32_t' {aka 'long unsigned int'} makes pointer from integer without a cast [-Wint-conversion]
   61 |         tcbs[index].stackpt = tcbs[index].stack[tcbs[index].stack_size - 16];
      |                             ^
../KRTOS/src/osKernel.c: In function 'osKernel_init':
../KRTOS/src/osKernel.c:83:55: error: expected ';' before '}' token
   83 |                         tcbs[i].next_thread = &tcbs[0]
      |                                                       ^
      |                                                       ;
   84 |                 }
      |                 ~                                      
../KRTOS/src/osKernel.c:92:9: warning: implicit declaration of function 'SysTick_HandlerSet' [-Wimplicit-function-declaration]
   92 |         SysTick_HandlerSet(osKernel_Scheduler);
      |         ^~~~~~~~~~~~~~~~~~
../KRTOS/src/osKernel.c: In function 'osKernel_ThreadCreate':
../KRTOS/src/osKernel.c:44:1: warning: control reaches end of non-void function [-Wreturn-type]
   44 | }
      | ^
../KRTOS/src/osKernel.c: In function 'osKernel_init':
../KRTOS/src/osKernel.c:94:1: warning: control reaches end of non-void function [-Wreturn-type]
   94 | }
      | ^
make: *** [KRTOS/src/subdir.mk:19: KRTOS/src/osKernel.o] Error 1
"make -j8 all" terminated with exit code 2. Build might be incomplete.
19:34:47 **** Incremental Build of configuration Debug for project RTOS ****
make -j8 all 
arm-none-eabi-gcc "../KRTOS/src/osKernel.c" -mcpu=cortex-m3 -std=gnu11 -g3 -DDEBUG -DSTM32 -DSTM32F1 -DSTM32F103C8Tx -c -I"C:/RTOS/STM32Cube/RTOS/KRTOS/inc" -I../Inc -I"C:/RTOS/STM32Cube/RTOS/Inc/CMSIS/Include" -I"C:/RTOS/STM32Cube/RTOS/Inc/CMSIS/Device/ST/STM32F1xx/Include" -O0 -ffunction-sections -fdata-sections -Wall -fstack-usage -fcyclomatic-complexity -MMD -MP -MF"KRTOS/src/osKernel.d" -MT"KRTOS/src/osKernel.o" --specs=nano.specs -mfloat-abi=soft -mthumb -o "KRTOS/src/osKernel.o"
../KRTOS/src/osKernel.c: In function 'osKernel_ThreadCreate':
../KRTOS/src/osKernel.c:36:56: warning: implicit declaration of function 'malloc' [-Wimplicit-function-declaration]
   36 |                 tcbs[Tasks_number].stack = (uint32_t *)malloc(task_stackSize);
      |                                                        ^~~~~~
../KRTOS/src/osKernel.c:10:1: note: include '<stdlib.h>' or provide a declaration of 'malloc'
    9 | #include "osKernel.h"
  +++ |+#include <stdlib.h>
   10 | 
../KRTOS/src/osKernel.c:36:56: warning: incompatible implicit declaration of built-in function 'malloc' [-Wbuiltin-declaration-mismatch]
   36 |                 tcbs[Tasks_number].stack = (uint32_t *)malloc(task_stackSize);
      |                                                        ^~~~~~
../KRTOS/src/osKernel.c:36:56: note: include '<stdlib.h>' or provide a declaration of 'malloc'
../KRTOS/src/osKernel.c: In function 'osKernelStack_Init':
../KRTOS/src/osKernel.c:52:55: warning: assignment to 'uint32_t' {aka 'long unsigned int'} from 'callback_function_t' {aka 'void (*)(void)'} makes integer from pointer without a cast [-Wint-conversion]
   52 |         tcbs[index].stack[tcbs[index].stack_size - 2] = tcbs[index].callback_function;
      |                                                       ^
../KRTOS/src/osKernel.c:61:29: warning: assignment to 'uint32_t *' {aka 'long unsigned int *'} from 'uint32_t' {aka 'long unsigned int'} makes pointer from integer without a cast [-Wint-conversion]
   61 |         tcbs[index].stackpt = tcbs[index].stack[tcbs[index].stack_size - 16];
      |                             ^
../KRTOS/src/osKernel.c: In function 'osKernel_init':
../KRTOS/src/osKernel.c:92:9: warning: implicit declaration of function 'SysTick_HandlerSet' [-Wimplicit-function-declaration]
   92 |         SysTick_HandlerSet(osKernel_Scheduler);
      |         ^~~~~~~~~~~~~~~~~~
../KRTOS/src/osKernel.c: In function 'osKernel_ThreadCreate':
../KRTOS/src/osKernel.c:44:1: warning: control reaches end of non-void function [-Wreturn-type]
   44 | }
      | ^
../KRTOS/src/osKernel.c: In function 'osKernel_init':
../KRTOS/src/osKernel.c:94:1: warning: control reaches end of non-void function [-Wreturn-type]
   94 | }
      | ^
arm-none-eabi-gcc -o "RTOS.elf" @"objects.list"   -mcpu=cortex-m3 -T"C:\RTOS\STM32Cube\RTOS\STM32F103C8TX_FLASH.ld" --specs=nosys.specs -Wl,-Map="RTOS.map" -Wl,--gc-sections -static --specs=nano.specs -mfloat-abi=soft -mthumb -Wl,--start-group -lc -lm -Wl,--end-group
Finished building target: RTOS.elf
 
arm-none-eabi-size   RTOS.elf 
arm-none-eabi-objdump -h -S  RTOS.elf  > "RTOS.list"
   text	   data	    bss	    dec	    hex	filename
   2272	     88	   2008	   4368	   1110	RTOS.elf
Finished building: default.size.stdout
 
Finished building: RTOS.list
 
19:34:52 **** Incremental Build of configuration Debug for project RTOS ****
make -j8 all 
arm-none-eabi-size   RTOS.elf 
   text	   data	    bss	    dec	    hex	filename
   2272	     88	   2008	   4368	   1110	RTOS.elf
Finished building: default.size.stdout
 
19:36:20 **** Incremental Build of configuration Debug for project RTOS ****
make -j8 all 
arm-none-eabi-gcc "../Src/main.c" -mcpu=cortex-m3 -std=gnu11 -g3 -DDEBUG -DSTM32 -DSTM32F1 -DSTM32F103C8Tx -c -I"C:/RTOS/STM32Cube/RTOS/KRTOS/inc" -I../Inc -I"C:/RTOS/STM32Cube/RTOS/Inc/CMSIS/Include" -I"C:/RTOS/STM32Cube/RTOS/Inc/CMSIS/Device/ST/STM32F1xx/Include" -O0 -ffunction-sections -fdata-sections -Wall -fstack-usage -fcyclomatic-complexity -MMD -MP -MF"Src/main.d" -MT"Src/main.o" --specs=nano.specs -mfloat-abi=soft -mthumb -o "Src/main.o"
arm-none-eabi-gcc -o "RTOS.elf" @"objects.list"   -mcpu=cortex-m3 -T"C:\RTOS\STM32Cube\RTOS\STM32F103C8TX_FLASH.ld" --specs=nosys.specs -Wl,-Map="RTOS.map" -Wl,--gc-sections -static --specs=nano.specs -mfloat-abi=soft -mthumb -Wl,--start-group -lc -lm -Wl,--end-group
Finished building target: RTOS.elf
 
arm-none-eabi-size   RTOS.elf 
arm-none-eabi-objdump -h -S  RTOS.elf  > "RTOS.list"
   text	   data	    bss	    dec	    hex	filename
   2320	     88	   2008	   4416	   1140	RTOS.elf
Finished building: default.size.stdout
 
Finished building: RTOS.list
 
19:37:35 **** Incremental Build of configuration Debug for project RTOS ****
make -j8 all 
arm-none-eabi-gcc "../Src/KRTOS_cfg.c" -mcpu=cortex-m3 -std=gnu11 -g3 -DDEBUG -DSTM32 -DSTM32F1 -DSTM32F103C8Tx -c -I"C:/RTOS/STM32Cube/RTOS/KRTOS/inc" -I../Inc -I"C:/RTOS/STM32Cube/RTOS/Inc/CMSIS/Include" -I"C:/RTOS/STM32Cube/RTOS/Inc/CMSIS/Device/ST/STM32F1xx/Include" -O0 -ffunction-sections -fdata-sections -Wall -fstack-usage -fcyclomatic-complexity -MMD -MP -MF"Src/KRTOS_cfg.d" -MT"Src/KRTOS_cfg.o" --specs=nano.specs -mfloat-abi=soft -mthumb -o "Src/KRTOS_cfg.o"
arm-none-eabi-gcc -o "RTOS.elf" @"objects.list"   -mcpu=cortex-m3 -T"C:\RTOS\STM32Cube\RTOS\STM32F103C8TX_FLASH.ld" --specs=nosys.specs -Wl,-Map="RTOS.map" -Wl,--gc-sections -static --specs=nano.specs -mfloat-abi=soft -mthumb -Wl,--start-group -lc -lm -Wl,--end-group
Finished building target: RTOS.elf
 
arm-none-eabi-size   RTOS.elf 
arm-none-eabi-objdump -h -S  RTOS.elf  > "RTOS.list"
   text	   data	    bss	    dec	    hex	filename
   2320	     88	   2008	   4416	   1140	RTOS.elf
Finished building: default.size.stdout
 
Finished building: RTOS.list
 
19:59:46 **** Incremental Build of configuration Debug for project RTOS ****
make -j8 all 
arm-none-eabi-gcc "../KRTOS/src/osKernel.c" -mcpu=cortex-m3 -std=gnu11 -g3 -DDEBUG -DSTM32 -DSTM32F1 -DSTM32F103C8Tx -c -I"C:/RTOS/STM32Cube/RTOS/KRTOS/inc" -I../Inc -I"C:/RTOS/STM32Cube/RTOS/Inc/CMSIS/Include" -I"C:/RTOS/STM32Cube/RTOS/Inc/CMSIS/Device/ST/STM32F1xx/Include" -O0 -ffunction-sections -fdata-sections -Wall -fstack-usage -fcyclomatic-complexity -MMD -MP -MF"KRTOS/src/osKernel.d" -MT"KRTOS/src/osKernel.o" --specs=nano.specs -mfloat-abi=soft -mthumb -o "KRTOS/src/osKernel.o"
../KRTOS/src/osKernel.c: In function 'osKernel_ThreadCreate':
../KRTOS/src/osKernel.c:36:56: warning: implicit declaration of function 'malloc' [-Wimplicit-function-declaration]
   36 |                 tcbs[Tasks_number].stack = (uint32_t *)malloc(task_stackSize);
      |                                                        ^~~~~~
../KRTOS/src/osKernel.c:10:1: note: include '<stdlib.h>' or provide a declaration of 'malloc'
    9 | #include "osKernel.h"
  +++ |+#include <stdlib.h>
   10 | 
../KRTOS/src/osKernel.c:36:56: warning: incompatible implicit declaration of built-in function 'malloc' [-Wbuiltin-declaration-mismatch]
   36 |                 tcbs[Tasks_number].stack = (uint32_t *)malloc(task_stackSize);
      |                                                        ^~~~~~
../KRTOS/src/osKernel.c:36:56: note: include '<stdlib.h>' or provide a declaration of 'malloc'
../KRTOS/src/osKernel.c: In function 'osKernelStack_Init':
../KRTOS/src/osKernel.c:52:55: warning: assignment to 'uint32_t' {aka 'long unsigned int'} from 'callback_function_t' {aka 'void (*)(void)'} makes integer from pointer without a cast [-Wint-conversion]
   52 |         tcbs[index].stack[tcbs[index].stack_size - 2] = tcbs[index].callback_function;
      |                                                       ^
../KRTOS/src/osKernel.c:61:29: warning: assignment to 'uint32_t *' {aka 'long unsigned int *'} from 'uint32_t' {aka 'long unsigned int'} makes pointer from integer without a cast [-Wint-conversion]
   61 |         tcbs[index].stackpt = tcbs[index].stack[tcbs[index].stack_size - 16];
      |                             ^
../KRTOS/src/osKernel.c: In function 'osKernel_init':
../KRTOS/src/osKernel.c:92:9: warning: implicit declaration of function 'SysTick_HandlerSet' [-Wimplicit-function-declaration]
   92 |         SysTick_HandlerSet(osKernel_Scheduler);
      |         ^~~~~~~~~~~~~~~~~~
../KRTOS/src/osKernel.c: In function 'osKernel_ThreadCreate':
../KRTOS/src/osKernel.c:44:1: warning: control reaches end of non-void function [-Wreturn-type]
   44 | }
      | ^
../KRTOS/src/osKernel.c: In function 'osKernel_init':
../KRTOS/src/osKernel.c:94:1: warning: control reaches end of non-void function [-Wreturn-type]
   94 | }
      | ^
arm-none-eabi-gcc -o "RTOS.elf" @"objects.list"   -mcpu=cortex-m3 -T"C:\RTOS\STM32Cube\RTOS\STM32F103C8TX_FLASH.ld" --specs=nosys.specs -Wl,-Map="RTOS.map" -Wl,--gc-sections -static --specs=nano.specs -mfloat-abi=soft -mthumb -Wl,--start-group -lc -lm -Wl,--end-group
Finished building target: RTOS.elf
 
arm-none-eabi-size   RTOS.elf 
arm-none-eabi-objdump -h -S  RTOS.elf  > "RTOS.list"
   text	   data	    bss	    dec	    hex	filename
   2320	     88	   2232	   4640	   1220	RTOS.elf
Finished building: default.size.stdout
 
Finished building: RTOS.list
 
20:01:48 **** Incremental Build of configuration Debug for project RTOS ****
make -j8 all 
arm-none-eabi-size   RTOS.elf 
   text	   data	    bss	    dec	    hex	filename
   2320	     88	   2232	   4640	   1220	RTOS.elf
Finished building: default.size.stdout
 
20:04:02 **** Incremental Build of configuration Debug for project RTOS ****
make -j8 all 
arm-none-eabi-gcc "../KRTOS/src/osKernel.c" -mcpu=cortex-m3 -std=gnu11 -g3 -DDEBUG -DSTM32 -DSTM32F1 -DSTM32F103C8Tx -c -I"C:/RTOS/STM32Cube/RTOS/KRTOS/inc" -I../Inc -I"C:/RTOS/STM32Cube/RTOS/Inc/CMSIS/Include" -I"C:/RTOS/STM32Cube/RTOS/Inc/CMSIS/Device/ST/STM32F1xx/Include" -O0 -ffunction-sections -fdata-sections -Wall -fstack-usage -fcyclomatic-complexity -MMD -MP -MF"KRTOS/src/osKernel.d" -MT"KRTOS/src/osKernel.o" --specs=nano.specs -mfloat-abi=soft -mthumb -o "KRTOS/src/osKernel.o"
../KRTOS/src/osKernel.c: In function 'osKernel_ThreadCreate':
../KRTOS/src/osKernel.c:36:56: warning: implicit declaration of function 'malloc' [-Wimplicit-function-declaration]
   36 |                 tcbs[Tasks_number].stack = (uint32_t *)malloc(task_stackSize);
      |                                                        ^~~~~~
../KRTOS/src/osKernel.c:10:1: note: include '<stdlib.h>' or provide a declaration of 'malloc'
    9 | #include "osKernel.h"
  +++ |+#include <stdlib.h>
   10 | 
../KRTOS/src/osKernel.c:36:56: warning: incompatible implicit declaration of built-in function 'malloc' [-Wbuiltin-declaration-mismatch]
   36 |                 tcbs[Tasks_number].stack = (uint32_t *)malloc(task_stackSize);
      |                                                        ^~~~~~
../KRTOS/src/osKernel.c:36:56: note: include '<stdlib.h>' or provide a declaration of 'malloc'
../KRTOS/src/osKernel.c: In function 'osKernelStack_Init':
../KRTOS/src/osKernel.c:52:55: warning: assignment to 'uint32_t' {aka 'long unsigned int'} from 'callback_function_t' {aka 'void (*)(void)'} makes integer from pointer without a cast [-Wint-conversion]
   52 |         tcbs[index].stack[tcbs[index].stack_size - 2] = tcbs[index].callback_function;
      |                                                       ^
../KRTOS/src/osKernel.c:55:67: error: expected ';' before 'tcbs'
   55 |         tcbs[index].stack[tcbs[index].stack_size - 4] = 0xAAAAAAAA  /*R12*/
      |                                                                   ^
      |                                                                   ;
   56 |         tcbs[index].stack[tcbs[index].stack_size - 5] = 0xAAAAAAAA;  /*R3*/
      |         ~~~~                                                       
../KRTOS/src/osKernel.c:61:29: warning: assignment to 'uint32_t *' {aka 'long unsigned int *'} from 'uint32_t' {aka 'long unsigned int'} makes pointer from integer without a cast [-Wint-conversion]
   61 |         tcbs[index].stackpt = tcbs[index].stack[tcbs[index].stack_size - 16];
      |                             ^
../KRTOS/src/osKernel.c: In function 'osKernel_init':
../KRTOS/src/osKernel.c:92:9: warning: implicit declaration of function 'SysTick_HandlerSet' [-Wimplicit-function-declaration]
   92 |         SysTick_HandlerSet(osKernel_Scheduler);
      |         ^~~~~~~~~~~~~~~~~~
../KRTOS/src/osKernel.c: In function 'osKernel_ThreadCreate':
../KRTOS/src/osKernel.c:44:1: warning: control reaches end of non-void function [-Wreturn-type]
   44 | }
      | ^
../KRTOS/src/osKernel.c: In function 'osKernel_init':
../KRTOS/src/osKernel.c:94:1: warning: control reaches end of non-void function [-Wreturn-type]
   94 | }
      | ^
make: *** [KRTOS/src/subdir.mk:19: KRTOS/src/osKernel.o] Error 1
"make -j8 all" terminated with exit code 2. Build might be incomplete.
20:04:21 **** Incremental Build of configuration Debug for project RTOS ****
make -j8 all 
arm-none-eabi-gcc "../KRTOS/src/osKernel.c" -mcpu=cortex-m3 -std=gnu11 -g3 -DDEBUG -DSTM32 -DSTM32F1 -DSTM32F103C8Tx -c -I"C:/RTOS/STM32Cube/RTOS/KRTOS/inc" -I../Inc -I"C:/RTOS/STM32Cube/RTOS/Inc/CMSIS/Include" -I"C:/RTOS/STM32Cube/RTOS/Inc/CMSIS/Device/ST/STM32F1xx/Include" -O0 -ffunction-sections -fdata-sections -Wall -fstack-usage -fcyclomatic-complexity -MMD -MP -MF"KRTOS/src/osKernel.d" -MT"KRTOS/src/osKernel.o" --specs=nano.specs -mfloat-abi=soft -mthumb -o "KRTOS/src/osKernel.o"
../KRTOS/src/osKernel.c: In function 'osKernel_ThreadCreate':
../KRTOS/src/osKernel.c:36:56: warning: implicit declaration of function 'malloc' [-Wimplicit-function-declaration]
   36 |                 tcbs[Tasks_number].stack = (uint32_t *)malloc(task_stackSize);
      |                                                        ^~~~~~
../KRTOS/src/osKernel.c:10:1: note: include '<stdlib.h>' or provide a declaration of 'malloc'
    9 | #include "osKernel.h"
  +++ |+#include <stdlib.h>
   10 | 
../KRTOS/src/osKernel.c:36:56: warning: incompatible implicit declaration of built-in function 'malloc' [-Wbuiltin-declaration-mismatch]
   36 |                 tcbs[Tasks_number].stack = (uint32_t *)malloc(task_stackSize);
      |                                                        ^~~~~~
../KRTOS/src/osKernel.c:36:56: note: include '<stdlib.h>' or provide a declaration of 'malloc'
../KRTOS/src/osKernel.c: In function 'osKernelStack_Init':
../KRTOS/src/osKernel.c:52:55: warning: assignment to 'uint32_t' {aka 'long unsigned int'} from 'callback_function_t' {aka 'void (*)(void)'} makes integer from pointer without a cast [-Wint-conversion]
   52 |         tcbs[index].stack[tcbs[index].stack_size - 2] = tcbs[index].callback_function;
      |                                                       ^
../KRTOS/src/osKernel.c:61:29: warning: assignment to 'uint32_t *' {aka 'long unsigned int *'} from 'uint32_t' {aka 'long unsigned int'} makes pointer from integer without a cast [-Wint-conversion]
   61 |         tcbs[index].stackpt = tcbs[index].stack[tcbs[index].stack_size - 16];
      |                             ^
../KRTOS/src/osKernel.c: In function 'osKernel_init':
../KRTOS/src/osKernel.c:92:9: warning: implicit declaration of function 'SysTick_HandlerSet' [-Wimplicit-function-declaration]
   92 |         SysTick_HandlerSet(osKernel_Scheduler);
      |         ^~~~~~~~~~~~~~~~~~
../KRTOS/src/osKernel.c: In function 'osKernel_ThreadCreate':
../KRTOS/src/osKernel.c:44:1: warning: control reaches end of non-void function [-Wreturn-type]
   44 | }
      | ^
../KRTOS/src/osKernel.c: In function 'osKernel_init':
../KRTOS/src/osKernel.c:94:1: warning: control reaches end of non-void function [-Wreturn-type]
   94 | }
      | ^
arm-none-eabi-gcc -o "RTOS.elf" @"objects.list"   -mcpu=cortex-m3 -T"C:\RTOS\STM32Cube\RTOS\STM32F103C8TX_FLASH.ld" --specs=nosys.specs -Wl,-Map="RTOS.map" -Wl,--gc-sections -static --specs=nano.specs -mfloat-abi=soft -mthumb -Wl,--start-group -lc -lm -Wl,--end-group
Finished building target: RTOS.elf
 
arm-none-eabi-size   RTOS.elf 
arm-none-eabi-objdump -h -S  RTOS.elf  > "RTOS.list"
   text	   data	    bss	    dec	    hex	filename
   2320	     88	   2232	   4640	   1220	RTOS.elf
Finished building: default.size.stdout
 
Finished building: RTOS.list
 
11:34:03 **** Incremental Build of configuration Debug for project RTOS ****
make -j8 all 
arm-none-eabi-gcc "../KRTOS/src/osKernel.c" -mcpu=cortex-m3 -std=gnu11 -g3 -DDEBUG -DSTM32 -DSTM32F1 -DSTM32F103C8Tx -c -I"C:/RTOS/STM32Cube/RTOS/KRTOS/inc" -I../Inc -I"C:/RTOS/STM32Cube/RTOS/Inc/CMSIS/Include" -I"C:/RTOS/STM32Cube/RTOS/Inc/CMSIS/Device/ST/STM32F1xx/Include" -O0 -ffunction-sections -fdata-sections -Wall -fstack-usage -fcyclomatic-complexity -MMD -MP -MF"KRTOS/src/osKernel.d" -MT"KRTOS/src/osKernel.o" --specs=nano.specs -mfloat-abi=soft -mthumb -o "KRTOS/src/osKernel.o"
../KRTOS/src/osKernel.c: In function 'osKernelStack_Init':
../KRTOS/src/osKernel.c:52:55: warning: assignment to 'uint32_t' {aka 'long unsigned int'} from 'callback_function_t' {aka 'void (*)(void)'} makes integer from pointer without a cast [-Wint-conversion]
   52 |         tcbs[index].stack[tcbs[index].stack_size - 2] = tcbs[index].callback_function;
      |                                                       ^
../KRTOS/src/osKernel.c:61:29: warning: assignment to 'uint32_t *' {aka 'long unsigned int *'} from 'uint32_t' {aka 'long unsigned int'} makes pointer from integer without a cast [-Wint-conversion]
   61 |         tcbs[index].stackpt = tcbs[index].stack[tcbs[index].stack_size - 16];
      |                             ^
../KRTOS/src/osKernel.c: In function 'osKernel_init':
../KRTOS/src/osKernel.c:92:9: warning: implicit declaration of function 'SysTick_HandlerSet' [-Wimplicit-function-declaration]
   92 |         SysTick_HandlerSet(osKernel_Scheduler);
      |         ^~~~~~~~~~~~~~~~~~
../KRTOS/src/osKernel.c: In function 'osKernel_ThreadCreate':
../KRTOS/src/osKernel.c:44:1: warning: control reaches end of non-void function [-Wreturn-type]
   44 | }
      | ^
../KRTOS/src/osKernel.c: In function 'osKernel_init':
../KRTOS/src/osKernel.c:94:1: warning: control reaches end of non-void function [-Wreturn-type]
   94 | }
      | ^
arm-none-eabi-gcc -o "RTOS.elf" @"objects.list"   -mcpu=cortex-m3 -T"C:\RTOS\STM32Cube\RTOS\STM32F103C8TX_FLASH.ld" --specs=nosys.specs -Wl,-Map="RTOS.map" -Wl,--gc-sections -static --specs=nano.specs -mfloat-abi=soft -mthumb -Wl,--start-group -lc -lm -Wl,--end-group
Finished building target: RTOS.elf
 
arm-none-eabi-size   RTOS.elf 
arm-none-eabi-objdump -h -S  RTOS.elf  > "RTOS.list"
   text	   data	    bss	    dec	    hex	filename
   2320	     88	   2232	   4640	   1220	RTOS.elf
Finished building: default.size.stdout
 
Finished building: RTOS.list
 
11:43:10 **** Incremental Build of configuration Debug for project RTOS ****
make -j8 all 
arm-none-eabi-gcc "../KRTOS/src/osKernel.c" -mcpu=cortex-m3 -std=gnu11 -g3 -DDEBUG -DSTM32 -DSTM32F1 -DSTM32F103C8Tx -c -I"C:/RTOS/STM32Cube/RTOS/KRTOS/inc" -I../Inc -I"C:/RTOS/STM32Cube/RTOS/Inc/CMSIS/Include" -I"C:/RTOS/STM32Cube/RTOS/Inc/CMSIS/Device/ST/STM32F1xx/Include" -O0 -ffunction-sections -fdata-sections -Wall -fstack-usage -fcyclomatic-complexity -MMD -MP -MF"KRTOS/src/osKernel.d" -MT"KRTOS/src/osKernel.o" --specs=nano.specs -mfloat-abi=soft -mthumb -o "KRTOS/src/osKernel.o"
../KRTOS/src/osKernel.c: In function 'osKernel_ThreadCreate':
../KRTOS/src/osKernel.c:34:68: error: 'index' undeclared (first use in this function)
   34 |                 tcbs[Tasks_number].stack = (uint32_t *)calloc(tcbs[index].stack_size, sizeof(uint32_t));
      |                                                                    ^~~~~
../KRTOS/src/osKernel.c:34:68: note: each undeclared identifier is reported only once for each function it appears in
../KRTOS/src/osKernel.c: In function 'osKernelStack_Init':
../KRTOS/src/osKernel.c:50:55: warning: assignment to 'uint32_t' {aka 'long unsigned int'} from 'callback_function_t' {aka 'void (*)(void)'} makes integer from pointer without a cast [-Wint-conversion]
   50 |         tcbs[index].stack[tcbs[index].stack_size - 2] = tcbs[index].callback_function;
      |                                                       ^
../KRTOS/src/osKernel.c:59:29: warning: assignment to 'uint32_t *' {aka 'long unsigned int *'} from 'uint32_t' {aka 'long unsigned int'} makes pointer from integer without a cast [-Wint-conversion]
   59 |         tcbs[index].stackpt = tcbs[index].stack[tcbs[index].stack_size - 16];
      |                             ^
../KRTOS/src/osKernel.c: In function 'osKernel_init':
../KRTOS/src/osKernel.c:90:9: warning: implicit declaration of function 'SysTick_HandlerSet' [-Wimplicit-function-declaration]
   90 |         SysTick_HandlerSet(osKernel_Scheduler);
      |         ^~~~~~~~~~~~~~~~~~
../KRTOS/src/osKernel.c: In function 'osKernel_ThreadCreate':
../KRTOS/src/osKernel.c:42:1: warning: control reaches end of non-void function [-Wreturn-type]
   42 | }
      | ^
../KRTOS/src/osKernel.c: In function 'osKernel_init':
../KRTOS/src/osKernel.c:91:1: warning: control reaches end of non-void function [-Wreturn-type]
   91 | }
      | ^
make: *** [KRTOS/src/subdir.mk:19: KRTOS/src/osKernel.o] Error 1
"make -j8 all" terminated with exit code 2. Build might be incomplete.
11:43:44 **** Incremental Build of configuration Debug for project RTOS ****
make -j8 all 
arm-none-eabi-gcc "../KRTOS/src/osKernel.c" -mcpu=cortex-m3 -std=gnu11 -g3 -DDEBUG -DSTM32 -DSTM32F1 -DSTM32F103C8Tx -c -I"C:/RTOS/STM32Cube/RTOS/KRTOS/inc" -I../Inc -I"C:/RTOS/STM32Cube/RTOS/Inc/CMSIS/Include" -I"C:/RTOS/STM32Cube/RTOS/Inc/CMSIS/Device/ST/STM32F1xx/Include" -O0 -ffunction-sections -fdata-sections -Wall -fstack-usage -fcyclomatic-complexity -MMD -MP -MF"KRTOS/src/osKernel.d" -MT"KRTOS/src/osKernel.o" --specs=nano.specs -mfloat-abi=soft -mthumb -o "KRTOS/src/osKernel.o"
../KRTOS/src/osKernel.c: In function 'osKernelStack_Init':
../KRTOS/src/osKernel.c:50:55: warning: assignment to 'uint32_t' {aka 'long unsigned int'} from 'callback_function_t' {aka 'void (*)(void)'} makes integer from pointer without a cast [-Wint-conversion]
   50 |         tcbs[index].stack[tcbs[index].stack_size - 2] = tcbs[index].callback_function;
      |                                                       ^
../KRTOS/src/osKernel.c:59:29: warning: assignment to 'uint32_t *' {aka 'long unsigned int *'} from 'uint32_t' {aka 'long unsigned int'} makes pointer from integer without a cast [-Wint-conversion]
   59 |         tcbs[index].stackpt = tcbs[index].stack[tcbs[index].stack_size - 16];
      |                             ^
../KRTOS/src/osKernel.c: In function 'osKernel_init':
../KRTOS/src/osKernel.c:90:9: warning: implicit declaration of function 'SysTick_HandlerSet' [-Wimplicit-function-declaration]
   90 |         SysTick_HandlerSet(osKernel_Scheduler);
      |         ^~~~~~~~~~~~~~~~~~
../KRTOS/src/osKernel.c: In function 'osKernel_ThreadCreate':
../KRTOS/src/osKernel.c:42:1: warning: control reaches end of non-void function [-Wreturn-type]
   42 | }
      | ^
../KRTOS/src/osKernel.c: In function 'osKernel_init':
../KRTOS/src/osKernel.c:91:1: warning: control reaches end of non-void function [-Wreturn-type]
   91 | }
      | ^
arm-none-eabi-gcc -o "RTOS.elf" @"objects.list"   -mcpu=cortex-m3 -T"C:\RTOS\STM32Cube\RTOS\STM32F103C8TX_FLASH.ld" --specs=nosys.specs -Wl,-Map="RTOS.map" -Wl,--gc-sections -static --specs=nano.specs -mfloat-abi=soft -mthumb -Wl,--start-group -lc -lm -Wl,--end-group
Finished building target: RTOS.elf
 
arm-none-eabi-size   RTOS.elf 
arm-none-eabi-objdump -h -S  RTOS.elf  > "RTOS.list"
   text	   data	    bss	    dec	    hex	filename
   2368	     88	   2232	   4688	   1250	RTOS.elf
Finished building: default.size.stdout
 
Finished building: RTOS.list
 
17:00:18 **** Incremental Build of configuration Debug for project RTOS ****
make -j8 all 
arm-none-eabi-gcc "../Src/Time_Base.c" -mcpu=cortex-m3 -std=gnu11 -g3 -DDEBUG -DSTM32 -DSTM32F1 -DSTM32F103C8Tx -c -I"C:/RTOS/STM32Cube/RTOS/KRTOS/inc" -I../Inc -I"C:/RTOS/STM32Cube/RTOS/Inc/CMSIS/Include" -I"C:/RTOS/STM32Cube/RTOS/Inc/CMSIS/Device/ST/STM32F1xx/Include" -O0 -ffunction-sections -fdata-sections -Wall -fstack-usage -fcyclomatic-complexity -MMD -MP -MF"Src/Time_Base.d" -MT"Src/Time_Base.o" --specs=nano.specs -mfloat-abi=soft -mthumb -o "Src/Time_Base.o"
arm-none-eabi-gcc "../KRTOS/src/osKernel.c" -mcpu=cortex-m3 -std=gnu11 -g3 -DDEBUG -DSTM32 -DSTM32F1 -DSTM32F103C8Tx -c -I"C:/RTOS/STM32Cube/RTOS/KRTOS/inc" -I../Inc -I"C:/RTOS/STM32Cube/RTOS/Inc/CMSIS/Include" -I"C:/RTOS/STM32Cube/RTOS/Inc/CMSIS/Device/ST/STM32F1xx/Include" -O0 -ffunction-sections -fdata-sections -Wall -fstack-usage -fcyclomatic-complexity -MMD -MP -MF"KRTOS/src/osKernel.d" -MT"KRTOS/src/osKernel.o" --specs=nano.specs -mfloat-abi=soft -mthumb -o "KRTOS/src/osKernel.o"
../KRTOS/src/osKernel.c: In function 'osKernelStack_Init':
../KRTOS/src/osKernel.c:50:55: warning: assignment to 'uint32_t' {aka 'long unsigned int'} from 'callback_function_t' {aka 'void (*)(void)'} makes integer from pointer without a cast [-Wint-conversion]
   50 |         tcbs[index].stack[tcbs[index].stack_size - 2] = tcbs[index].callback_function;
      |                                                       ^
../KRTOS/src/osKernel.c:59:29: warning: assignment to 'uint32_t *' {aka 'long unsigned int *'} from 'uint32_t' {aka 'long unsigned int'} makes pointer from integer without a cast [-Wint-conversion]
   59 |         tcbs[index].stackpt = tcbs[index].stack[tcbs[index].stack_size - 16];
      |                             ^
../KRTOS/src/osKernel.c: In function 'osKernel_init':
../KRTOS/src/osKernel.c:129:9: warning: implicit declaration of function 'SysTick_HandlerSet' [-Wimplicit-function-declaration]
  129 |         SysTick_HandlerSet(osKernel_Scheduler);
      |         ^~~~~~~~~~~~~~~~~~
../KRTOS/src/osKernel.c: In function 'osKernel_ThreadCreate':
../KRTOS/src/osKernel.c:42:1: warning: control reaches end of non-void function [-Wreturn-type]
   42 | }
      | ^
../KRTOS/src/osKernel.c: In function 'osKernel_init':
../KRTOS/src/osKernel.c:130:1: warning: control reaches end of non-void function [-Wreturn-type]
  130 | }
      | ^
C:\Users\e0162112\AppData\Local\Temp\ccHVs12H.s: Assembler messages:
C:\Users\e0162112\AppData\Local\Temp\ccHVs12H.s:597: Error: bad arguments to instruction -- `ldr R0=current_thread'
make: *** [KRTOS/src/subdir.mk:19: KRTOS/src/osKernel.o] Error 1
"make -j8 all" terminated with exit code 2. Build might be incomplete.
17:00:54 **** Incremental Build of configuration Debug for project RTOS ****
make -j8 all 
arm-none-eabi-gcc "../KRTOS/src/osKernel.c" -mcpu=cortex-m3 -std=gnu11 -g3 -DDEBUG -DSTM32 -DSTM32F1 -DSTM32F103C8Tx -c -I"C:/RTOS/STM32Cube/RTOS/KRTOS/inc" -I../Inc -I"C:/RTOS/STM32Cube/RTOS/Inc/CMSIS/Include" -I"C:/RTOS/STM32Cube/RTOS/Inc/CMSIS/Device/ST/STM32F1xx/Include" -O0 -ffunction-sections -fdata-sections -Wall -fstack-usage -fcyclomatic-complexity -MMD -MP -MF"KRTOS/src/osKernel.d" -MT"KRTOS/src/osKernel.o" --specs=nano.specs -mfloat-abi=soft -mthumb -o "KRTOS/src/osKernel.o"
../KRTOS/src/osKernel.c: In function 'osKernelStack_Init':
../KRTOS/src/osKernel.c:50:55: warning: assignment to 'uint32_t' {aka 'long unsigned int'} from 'callback_function_t' {aka 'void (*)(void)'} makes integer from pointer without a cast [-Wint-conversion]
   50 |         tcbs[index].stack[tcbs[index].stack_size - 2] = tcbs[index].callback_function;
      |                                                       ^
../KRTOS/src/osKernel.c:59:29: warning: assignment to 'uint32_t *' {aka 'long unsigned int *'} from 'uint32_t' {aka 'long unsigned int'} makes pointer from integer without a cast [-Wint-conversion]
   59 |         tcbs[index].stackpt = tcbs[index].stack[tcbs[index].stack_size - 16];
      |                             ^
../KRTOS/src/osKernel.c: In function 'osKernel_init':
../KRTOS/src/osKernel.c:129:9: warning: implicit declaration of function 'SysTick_HandlerSet' [-Wimplicit-function-declaration]
  129 |         SysTick_HandlerSet(osKernel_Scheduler);
      |         ^~~~~~~~~~~~~~~~~~
../KRTOS/src/osKernel.c: In function 'osKernel_ThreadCreate':
../KRTOS/src/osKernel.c:42:1: warning: control reaches end of non-void function [-Wreturn-type]
   42 | }
      | ^
../KRTOS/src/osKernel.c: In function 'osKernel_init':
../KRTOS/src/osKernel.c:130:1: warning: control reaches end of non-void function [-Wreturn-type]
  130 | }
      | ^
C:\Users\e0162112\AppData\Local\Temp\ccQYuJz5.s: Assembler messages:
C:\Users\e0162112\AppData\Local\Temp\ccQYuJz5.s:597: Error: cannot represent T32_OFFSET_IMM relocation in this object file format
make: *** [KRTOS/src/subdir.mk:19: KRTOS/src/osKernel.o] Error 1
"make -j8 all" terminated with exit code 2. Build might be incomplete.
17:02:14 **** Incremental Build of configuration Debug for project RTOS ****
make -j8 all 
arm-none-eabi-gcc "../KRTOS/src/osKernel.c" -mcpu=cortex-m3 -std=gnu11 -g3 -DDEBUG -DSTM32 -DSTM32F1 -DSTM32F103C8Tx -c -I"C:/RTOS/STM32Cube/RTOS/KRTOS/inc" -I../Inc -I"C:/RTOS/STM32Cube/RTOS/Inc/CMSIS/Include" -I"C:/RTOS/STM32Cube/RTOS/Inc/CMSIS/Device/ST/STM32F1xx/Include" -O0 -ffunction-sections -fdata-sections -Wall -fstack-usage -fcyclomatic-complexity -MMD -MP -MF"KRTOS/src/osKernel.d" -MT"KRTOS/src/osKernel.o" --specs=nano.specs -mfloat-abi=soft -mthumb -o "KRTOS/src/osKernel.o"
../KRTOS/src/osKernel.c: In function 'osKernelStack_Init':
../KRTOS/src/osKernel.c:50:55: warning: assignment to 'uint32_t' {aka 'long unsigned int'} from 'callback_function_t' {aka 'void (*)(void)'} makes integer from pointer without a cast [-Wint-conversion]
   50 |         tcbs[index].stack[tcbs[index].stack_size - 2] = tcbs[index].callback_function;
      |                                                       ^
../KRTOS/src/osKernel.c:59:29: warning: assignment to 'uint32_t *' {aka 'long unsigned int *'} from 'uint32_t' {aka 'long unsigned int'} makes pointer from integer without a cast [-Wint-conversion]
   59 |         tcbs[index].stackpt = tcbs[index].stack[tcbs[index].stack_size - 16];
      |                             ^
../KRTOS/src/osKernel.c: In function 'osKernel_init':
../KRTOS/src/osKernel.c:129:9: warning: implicit declaration of function 'SysTick_HandlerSet' [-Wimplicit-function-declaration]
  129 |         SysTick_HandlerSet(osKernel_Scheduler);
      |         ^~~~~~~~~~~~~~~~~~
../KRTOS/src/osKernel.c: In function 'osKernel_ThreadCreate':
../KRTOS/src/osKernel.c:42:1: warning: control reaches end of non-void function [-Wreturn-type]
   42 | }
      | ^
../KRTOS/src/osKernel.c: In function 'osKernel_init':
../KRTOS/src/osKernel.c:130:1: warning: control reaches end of non-void function [-Wreturn-type]
  130 | }
      | ^
arm-none-eabi-gcc -o "RTOS.elf" @"objects.list"   -mcpu=cortex-m3 -T"C:\RTOS\STM32Cube\RTOS\STM32F103C8TX_FLASH.ld" --specs=nosys.specs -Wl,-Map="RTOS.map" -Wl,--gc-sections -static --specs=nano.specs -mfloat-abi=soft -mthumb -Wl,--start-group -lc -lm -Wl,--end-group
Finished building target: RTOS.elf
 
arm-none-eabi-size   RTOS.elf 
arm-none-eabi-objdump -h -S  RTOS.elf  > "RTOS.list"
   text	   data	    bss	    dec	    hex	filename
   2400	     88	   2232	   4720	   1270	RTOS.elf
Finished building: default.size.stdout
 
Finished building: RTOS.list
 
17:02:31 **** Incremental Build of configuration Debug for project RTOS ****
make -j8 all 
arm-none-eabi-size   RTOS.elf 
   text	   data	    bss	    dec	    hex	filename
   2400	     88	   2232	   4720	   1270	RTOS.elf
Finished building: default.size.stdout
 
17:03:30 **** Incremental Build of configuration Debug for project RTOS ****
make -j8 all 
arm-none-eabi-size   RTOS.elf 
   text	   data	    bss	    dec	    hex	filename
   2400	     88	   2232	   4720	   1270	RTOS.elf
Finished building: default.size.stdout
 
17:03:57 **** Incremental Build of configuration Debug for project RTOS ****
make -j8 all 
arm-none-eabi-gcc "../KRTOS/src/osKernel.c" -mcpu=cortex-m3 -std=gnu11 -g3 -DDEBUG -DSTM32 -DSTM32F1 -DSTM32F103C8Tx -c -I"C:/RTOS/STM32Cube/RTOS/KRTOS/inc" -I../Inc -I"C:/RTOS/STM32Cube/RTOS/Inc/CMSIS/Include" -I"C:/RTOS/STM32Cube/RTOS/Inc/CMSIS/Device/ST/STM32F1xx/Include" -O0 -ffunction-sections -fdata-sections -Wall -fstack-usage -fcyclomatic-complexity -MMD -MP -MF"KRTOS/src/osKernel.d" -MT"KRTOS/src/osKernel.o" --specs=nano.specs -mfloat-abi=soft -mthumb -o "KRTOS/src/osKernel.o"
../KRTOS/src/osKernel.c: In function 'osKernelStack_Init':
../KRTOS/src/osKernel.c:50:55: warning: assignment to 'uint32_t' {aka 'long unsigned int'} from 'callback_function_t' {aka 'void (*)(void)'} makes integer from pointer without a cast [-Wint-conversion]
   50 |         tcbs[index].stack[tcbs[index].stack_size - 2] = tcbs[index].callback_function;
      |                                                       ^
../KRTOS/src/osKernel.c:59:29: warning: assignment to 'uint32_t *' {aka 'long unsigned int *'} from 'uint32_t' {aka 'long unsigned int'} makes pointer from integer without a cast [-Wint-conversion]
   59 |         tcbs[index].stackpt = tcbs[index].stack[tcbs[index].stack_size - 16];
      |                             ^
../KRTOS/src/osKernel.c: In function 'osKernel_init':
../KRTOS/src/osKernel.c:129:9: warning: implicit declaration of function 'SysTick_HandlerSet' [-Wimplicit-function-declaration]
  129 |         SysTick_HandlerSet(osKernel_Scheduler);
      |         ^~~~~~~~~~~~~~~~~~
../KRTOS/src/osKernel.c: In function 'osKernel_ThreadCreate':
../KRTOS/src/osKernel.c:42:1: warning: control reaches end of non-void function [-Wreturn-type]
   42 | }
      | ^
../KRTOS/src/osKernel.c: In function 'osKernel_init':
../KRTOS/src/osKernel.c:130:1: warning: control reaches end of non-void function [-Wreturn-type]
  130 | }
      | ^
arm-none-eabi-gcc -o "RTOS.elf" @"objects.list"   -mcpu=cortex-m3 -T"C:\RTOS\STM32Cube\RTOS\STM32F103C8TX_FLASH.ld" --specs=nosys.specs -Wl,-Map="RTOS.map" -Wl,--gc-sections -static --specs=nano.specs -mfloat-abi=soft -mthumb -Wl,--start-group -lc -lm -Wl,--end-group
Finished building target: RTOS.elf
 
arm-none-eabi-size   RTOS.elf 
arm-none-eabi-objdump -h -S  RTOS.elf  > "RTOS.list"
   text	   data	    bss	    dec	    hex	filename
   2368	     88	   2232	   4688	   1250	RTOS.elf
Finished building: default.size.stdout
 
Finished building: RTOS.list
 
17:04:00 **** Incremental Build of configuration Debug for project RTOS ****
make -j8 all 
arm-none-eabi-size   RTOS.elf 
   text	   data	    bss	    dec	    hex	filename
   2368	     88	   2232	   4688	   1250	RTOS.elf
Finished building: default.size.stdout
 
17:04:42 **** Incremental Build of configuration Debug for project RTOS ****
make -j8 all 
arm-none-eabi-gcc "../Src/Time_Base.c" -mcpu=cortex-m3 -std=gnu11 -g3 -DDEBUG -DSTM32 -DSTM32F1 -DSTM32F103C8Tx -c -I"C:/RTOS/STM32Cube/RTOS/KRTOS/inc" -I../Inc -I"C:/RTOS/STM32Cube/RTOS/Inc/CMSIS/Include" -I"C:/RTOS/STM32Cube/RTOS/Inc/CMSIS/Device/ST/STM32F1xx/Include" -O0 -ffunction-sections -fdata-sections -Wall -fstack-usage -fcyclomatic-complexity -MMD -MP -MF"Src/Time_Base.d" -MT"Src/Time_Base.o" --specs=nano.specs -mfloat-abi=soft -mthumb -o "Src/Time_Base.o"
arm-none-eabi-gcc "../KRTOS/src/osKernel.c" -mcpu=cortex-m3 -std=gnu11 -g3 -DDEBUG -DSTM32 -DSTM32F1 -DSTM32F103C8Tx -c -I"C:/RTOS/STM32Cube/RTOS/KRTOS/inc" -I../Inc -I"C:/RTOS/STM32Cube/RTOS/Inc/CMSIS/Include" -I"C:/RTOS/STM32Cube/RTOS/Inc/CMSIS/Device/ST/STM32F1xx/Include" -O0 -ffunction-sections -fdata-sections -Wall -fstack-usage -fcyclomatic-complexity -MMD -MP -MF"KRTOS/src/osKernel.d" -MT"KRTOS/src/osKernel.o" --specs=nano.specs -mfloat-abi=soft -mthumb -o "KRTOS/src/osKernel.o"
../KRTOS/src/osKernel.c: In function 'osKernelStack_Init':
../KRTOS/src/osKernel.c:50:55: warning: assignment to 'uint32_t' {aka 'long unsigned int'} from 'callback_function_t' {aka 'void (*)(void)'} makes integer from pointer without a cast [-Wint-conversion]
   50 |         tcbs[index].stack[tcbs[index].stack_size - 2] = tcbs[index].callback_function;
      |                                                       ^
../KRTOS/src/osKernel.c:59:29: warning: assignment to 'uint32_t *' {aka 'long unsigned int *'} from 'uint32_t' {aka 'long unsigned int'} makes pointer from integer without a cast [-Wint-conversion]
   59 |         tcbs[index].stackpt = tcbs[index].stack[tcbs[index].stack_size - 16];
      |                             ^
../KRTOS/src/osKernel.c: In function 'osKernel_init':
../KRTOS/src/osKernel.c:129:9: warning: implicit declaration of function 'SysTick_HandlerSet' [-Wimplicit-function-declaration]
  129 |         SysTick_HandlerSet(osKernel_Scheduler);
      |         ^~~~~~~~~~~~~~~~~~
../KRTOS/src/osKernel.c: In function 'osKernel_ThreadCreate':
../KRTOS/src/osKernel.c:42:1: warning: control reaches end of non-void function [-Wreturn-type]
   42 | }
      | ^
../KRTOS/src/osKernel.c: In function 'osKernel_init':
../KRTOS/src/osKernel.c:130:1: warning: control reaches end of non-void function [-Wreturn-type]
  130 | }
      | ^
arm-none-eabi-gcc -o "RTOS.elf" @"objects.list"   -mcpu=cortex-m3 -T"C:\RTOS\STM32Cube\RTOS\STM32F103C8TX_FLASH.ld" --specs=nosys.specs -Wl,-Map="RTOS.map" -Wl,--gc-sections -static --specs=nano.specs -mfloat-abi=soft -mthumb -Wl,--start-group -lc -lm -Wl,--end-group
Finished building target: RTOS.elf
 
arm-none-eabi-size   RTOS.elf 
arm-none-eabi-objdump -h -S  RTOS.elf  > "RTOS.list"
   text	   data	    bss	    dec	    hex	filename
   2408	     88	   2232	   4728	   1278	RTOS.elf
Finished building: default.size.stdout
 
Finished building: RTOS.list
 
17:04:50 **** Incremental Build of configuration Debug for project RTOS ****
make -j8 all 
arm-none-eabi-size   RTOS.elf 
   text	   data	    bss	    dec	    hex	filename
   2408	     88	   2232	   4728	   1278	RTOS.elf
Finished building: default.size.stdout
 
17:05:09 **** Incremental Build of configuration Debug for project RTOS ****
make -j8 all 
arm-none-eabi-size   RTOS.elf 
   text	   data	    bss	    dec	    hex	filename
   2408	     88	   2232	   4728	   1278	RTOS.elf
Finished building: default.size.stdout
 
17:05:17 **** Incremental Build of configuration Debug for project RTOS ****
make -j8 all 
arm-none-eabi-size   RTOS.elf 
   text	   data	    bss	    dec	    hex	filename
   2408	     88	   2232	   4728	   1278	RTOS.elf
Finished building: default.size.stdout
 
17:05:22 **** Incremental Build of configuration Debug for project RTOS ****
make -j8 all 
arm-none-eabi-size   RTOS.elf 
   text	   data	    bss	    dec	    hex	filename
   2408	     88	   2232	   4728	   1278	RTOS.elf
Finished building: default.size.stdout
 
17:06:36 **** Incremental Build of configuration Debug for project RTOS ****
make -j8 all 
arm-none-eabi-gcc "../Src/Time_Base.c" -mcpu=cortex-m3 -std=gnu11 -g3 -DDEBUG -DSTM32 -DSTM32F1 -DSTM32F103C8Tx -c -I"C:/RTOS/STM32Cube/RTOS/KRTOS/inc" -I../Inc -I"C:/RTOS/STM32Cube/RTOS/Inc/CMSIS/Include" -I"C:/RTOS/STM32Cube/RTOS/Inc/CMSIS/Device/ST/STM32F1xx/Include" -O0 -ffunction-sections -fdata-sections -Wall -fstack-usage -fcyclomatic-complexity -MMD -MP -MF"Src/Time_Base.d" -MT"Src/Time_Base.o" --specs=nano.specs -mfloat-abi=soft -mthumb -o "Src/Time_Base.o"
arm-none-eabi-gcc -o "RTOS.elf" @"objects.list"   -mcpu=cortex-m3 -T"C:\RTOS\STM32Cube\RTOS\STM32F103C8TX_FLASH.ld" --specs=nosys.specs -Wl,-Map="RTOS.map" -Wl,--gc-sections -static --specs=nano.specs -mfloat-abi=soft -mthumb -Wl,--start-group -lc -lm -Wl,--end-group
Finished building target: RTOS.elf
 
arm-none-eabi-size   RTOS.elf 
arm-none-eabi-objdump -h -S  RTOS.elf  > "RTOS.list"
   text	   data	    bss	    dec	    hex	filename
   2400	     88	   2232	   4720	   1270	RTOS.elf
Finished building: default.size.stdout
 
Finished building: RTOS.list
 
17:06:46 **** Incremental Build of configuration Debug for project RTOS ****
make -j8 all 
arm-none-eabi-size   RTOS.elf 
   text	   data	    bss	    dec	    hex	filename
   2400	     88	   2232	   4720	   1270	RTOS.elf
Finished building: default.size.stdout
 
17:56:17 **** Incremental Build of configuration Debug for project RTOS ****
make -j8 all 
arm-none-eabi-gcc "../KRTOS/src/osKernel.c" -mcpu=cortex-m3 -std=gnu11 -g3 -DDEBUG -DSTM32 -DSTM32F1 -DSTM32F103C8Tx -c -I"C:/RTOS/STM32Cube/RTOS/KRTOS/inc" -I../Inc -I"C:/RTOS/STM32Cube/RTOS/Inc/CMSIS/Include" -I"C:/RTOS/STM32Cube/RTOS/Inc/CMSIS/Device/ST/STM32F1xx/Include" -O0 -ffunction-sections -fdata-sections -Wall -fstack-usage -fcyclomatic-complexity -MMD -MP -MF"KRTOS/src/osKernel.d" -MT"KRTOS/src/osKernel.o" --specs=nano.specs -mfloat-abi=soft -mthumb -o "KRTOS/src/osKernel.o"
../KRTOS/src/osKernel.c: In function 'osKernelStack_Init':
../KRTOS/src/osKernel.c:51:55: warning: assignment to 'uint32_t' {aka 'long unsigned int'} from 'callback_function_t' {aka 'void (*)(void)'} makes integer from pointer without a cast [-Wint-conversion]
   51 |         tcbs[index].stack[tcbs[index].stack_size - 2] = tcbs[index].callback_function;
      |                                                       ^
../KRTOS/src/osKernel.c:60:29: warning: assignment to 'uint32_t *' {aka 'long unsigned int *'} from 'uint32_t' {aka 'long unsigned int'} makes pointer from integer without a cast [-Wint-conversion]
   60 |         tcbs[index].stackpt = tcbs[index].stack[tcbs[index].stack_size - 16];
      |                             ^
../KRTOS/src/osKernel.c: In function 'osKernel_init':
../KRTOS/src/osKernel.c:130:9: warning: implicit declaration of function 'SysTick_HandlerSet' [-Wimplicit-function-declaration]
  130 |         SysTick_HandlerSet(osKernel_Scheduler);
      |         ^~~~~~~~~~~~~~~~~~
../KRTOS/src/osKernel.c: In function 'osKernel_ThreadCreate':
../KRTOS/src/osKernel.c:43:1: warning: control reaches end of non-void function [-Wreturn-type]
   43 | }
      | ^
../KRTOS/src/osKernel.c: In function 'osKernel_init':
../KRTOS/src/osKernel.c:133:1: warning: control reaches end of non-void function [-Wreturn-type]
  133 | }
      | ^
C:\Users\e0162112\AppData\Local\Temp\ccp7VxLN.s: Assembler messages:
C:\Users\e0162112\AppData\Local\Temp\ccp7VxLN.s:811: Error: expression too complex -- `pop LR'
make: *** [KRTOS/src/subdir.mk:19: KRTOS/src/osKernel.o] Error 1
"make -j8 all" terminated with exit code 2. Build might be incomplete.
18:02:41 **** Incremental Build of configuration Debug for project RTOS ****
make -j8 all 
arm-none-eabi-gcc "../Src/main.c" -mcpu=cortex-m3 -std=gnu11 -g3 -DDEBUG -DSTM32 -DSTM32F1 -DSTM32F103C8Tx -c -I"C:/RTOS/STM32Cube/RTOS/KRTOS/inc" -I../Inc -I"C:/RTOS/STM32Cube/RTOS/Inc/CMSIS/Include" -I"C:/RTOS/STM32Cube/RTOS/Inc/CMSIS/Device/ST/STM32F1xx/Include" -O0 -ffunction-sections -fdata-sections -Wall -fstack-usage -fcyclomatic-complexity -MMD -MP -MF"Src/main.d" -MT"Src/main.o" --specs=nano.specs -mfloat-abi=soft -mthumb -o "Src/main.o"
arm-none-eabi-gcc "../KRTOS/src/osKernel.c" -mcpu=cortex-m3 -std=gnu11 -g3 -DDEBUG -DSTM32 -DSTM32F1 -DSTM32F103C8Tx -c -I"C:/RTOS/STM32Cube/RTOS/KRTOS/inc" -I../Inc -I"C:/RTOS/STM32Cube/RTOS/Inc/CMSIS/Include" -I"C:/RTOS/STM32Cube/RTOS/Inc/CMSIS/Device/ST/STM32F1xx/Include" -O0 -ffunction-sections -fdata-sections -Wall -fstack-usage -fcyclomatic-complexity -MMD -MP -MF"KRTOS/src/osKernel.d" -MT"KRTOS/src/osKernel.o" --specs=nano.specs -mfloat-abi=soft -mthumb -o "KRTOS/src/osKernel.o"
../Src/main.c: In function 'main':
../Src/main.c:38:37: error: 'Task0' undeclared (first use in this function); did you mean 'Task3'?
   38 |         Thread1.callback_function = Task0;
      |                                     ^~~~~
[...]
Finished building target: RTOS.elf
 
arm-none-eabi-size   RTOS.elf 
arm-none-eabi-objdump -h -S  RTOS.elf  > "RTOS.list"
   text	   data	    bss	    dec	    hex	filename
   2444	     88	   2240	   4772	   12a4	RTOS.elf
Finished building: default.size.stdout
 
Finished building: RTOS.list
 
18:39:52 **** Incremental Build of configuration Debug for project RTOS ****
make -j8 all 
arm-none-eabi-size   RTOS.elf 
   text	   data	    bss	    dec	    hex	filename
   2444	     88	   2240	   4772	   12a4	RTOS.elf
Finished building: default.size.stdout
 
18:49:39 **** Incremental Build of configuration Debug for project RTOS ****
make -j8 all 
arm-none-eabi-gcc "../Src/KRTOS_cfg.c" -mcpu=cortex-m3 -std=gnu11 -g3 -DDEBUG -DSTM32 -DSTM32F1 -DSTM32F103C8Tx -c -I"C:/RTOS/STM32Cube/RTOS/KRTOS/inc" -I../Inc -I"C:/RTOS/STM32Cube/RTOS/Inc/CMSIS/Include" -I"C:/RTOS/STM32Cube/RTOS/Inc/CMSIS/Device/ST/STM32F1xx/Include" -O0 -ffunction-sections -fdata-sections -Wall -fstack-usage -fcyclomatic-complexity -MMD -MP -MF"Src/KRTOS_cfg.d" -MT"Src/KRTOS_cfg.o" --specs=nano.specs -mfloat-abi=soft -mthumb -o "Src/KRTOS_cfg.o"
arm-none-eabi-gcc "../Src/main.c" -mcpu=cortex-m3 -std=gnu11 -g3 -DDEBUG -DSTM32 -DSTM32F1 -DSTM32F103C8Tx -c -I"C:/RTOS/STM32Cube/RTOS/KRTOS/inc" -I../Inc -I"C:/RTOS/STM32Cube/RTOS/Inc/CMSIS/Include" -I"C:/RTOS/STM32Cube/RTOS/Inc/CMSIS/Device/ST/STM32F1xx/Include" -O0 -ffunction-sections -fdata-sections -Wall -fstack-usage -fcyclomatic-complexity -MMD -MP -MF"Src/main.d" -MT"Src/main.o" --specs=nano.specs -mfloat-abi=soft -mthumb -o "Src/main.o"
arm-none-eabi-gcc "../KRTOS/src/osKernel.c" -mcpu=cortex-m3 -std=gnu11 -g3 -DDEBUG -DSTM32 -DSTM32F1 -DSTM32F103C8Tx -c -I"C:/RTOS/STM32Cube/RTOS/KRTOS/inc" -I../Inc -I"C:/RTOS/STM32Cube/RTOS/Inc/CMSIS/Include" -I"C:/RTOS/STM32Cube/RTOS/Inc/CMSIS/Device/ST/STM32F1xx/Include" -O0 -ffunction-sections -fdata-sections -Wall -fstack-usage -fcyclomatic-complexity -MMD -MP -MF"KRTOS/src/osKernel.d" -MT"KRTOS/src/osKernel.o" --specs=nano.specs -mfloat-abi=soft -mthumb -o "KRTOS/src/osKernel.o"
../KRTOS/src/osKernel.c: In function 'osKernel_ThreadCreate':
../KRTOS/src/osKernel.c:35:42: warning: pointer targets in assignment from 'int32_t *' {aka 'long int *'} to 'uint32_t *' {aka 'long unsigned int *'} differ in signedness [-Wpointer-sign]
   35 |                 tcbs[Tasks_number].stack = (int32_t *)calloc(tcbs[Tasks_number].stack_size, sizeof(uint32_t));
      |                                          ^
../KRTOS/src/osKernel.c: In function 'osKernelStack_Init':
../KRTOS/src/osKernel.c:50:29: warning: pointer targets in assignment from 'uint32_t *' {aka 'long unsigned int *'} to 'int32_t *' {aka 'long int *'} differ in signedness [-Wpointer-sign]
   50 |         tcbs[index].stackpt = &tcbs[index].stack[stack_size - 16];
      |                             ^
../KRTOS/src/osKernel.c:55:55: warning: assignment to 'uint32_t' {aka 'long unsigned int'} from 'callback_function_t' {aka 'void (*)(void)'} makes integer from pointer without a cast [-Wint-conversion]
   55 |         tcbs[index].stack[tcbs[index].stack_size - 2] = tcbs[index].callback_function;
      |                                                       ^
../KRTOS/src/osKernel.c: In function 'osKernel_ThreadCreate':
../KRTOS/src/osKernel.c:43:1: warning: control reaches end of non-void function [-Wreturn-type]
   43 | }
      | ^
../KRTOS/src/osKernel.c: In function 'osKernel_init':
../KRTOS/src/osKernel.c:89:1: warning: control reaches end of non-void function [-Wreturn-type]
   89 | }
      | ^
arm-none-eabi-gcc -o "RTOS.elf" @"objects.list"   -mcpu=cortex-m3 -T"C:\RTOS\STM32Cube\RTOS\STM32F103C8TX_FLASH.ld" --specs=nosys.specs -Wl,-Map="RTOS.map" -Wl,--gc-sections -static --specs=nano.specs -mfloat-abi=soft -mthumb -Wl,--start-group -lc -lm -Wl,--end-group
Finished building target: RTOS.elf
 
arm-none-eabi-size   RTOS.elf 
arm-none-eabi-objdump -h -S  RTOS.elf  > "RTOS.list"
   text	   data	    bss	    dec	    hex	filename
   2444	     88	   2240	   4772	   12a4	RTOS.elf
Finished building: default.size.stdout
 
Finished building: RTOS.list
 
18:49:45 **** Incremental Build of configuration Debug for project RTOS ****
make -j8 all 
arm-none-eabi-size   RTOS.elf 
   text	   data	    bss	    dec	    hex	filename
   2444	     88	   2240	   4772	   12a4	RTOS.elf
Finished building: default.size.stdout
 
18:51:30 **** Incremental Build of configuration Debug for project RTOS ****
make -j8 all 
arm-none-eabi-gcc "../KRTOS/src/osKernel.c" -mcpu=cortex-m3 -std=gnu11 -g3 -DDEBUG -DSTM32 -DSTM32F1 -DSTM32F103C8Tx -c -I"C:/RTOS/STM32Cube/RTOS/KRTOS/inc" -I../Inc -I"C:/RTOS/STM32Cube/RTOS/Inc/CMSIS/Include" -I"C:/RTOS/STM32Cube/RTOS/Inc/CMSIS/Device/ST/STM32F1xx/Include" -O0 -ffunction-sections -fdata-sections -Wall -fstack-usage -fcyclomatic-complexity -MMD -MP -MF"KRTOS/src/osKernel.d" -MT"KRTOS/src/osKernel.o" --specs=nano.specs -mfloat-abi=soft -mthumb -o "KRTOS/src/osKernel.o"
../KRTOS/src/osKernel.c: In function 'osKernel_ThreadCreate':
../KRTOS/src/osKernel.c:35:42: warning: pointer targets in assignment from 'int32_t *' {aka 'long int *'} to 'uint32_t *' {aka 'long unsigned int *'} differ in signedness [-Wpointer-sign]
   35 |                 tcbs[Tasks_number].stack = (int32_t *)calloc(tcbs[Tasks_number].stack_size, sizeof(uint32_t));
      |                                          ^
../KRTOS/src/osKernel.c: In function 'osKernelStack_Init':
../KRTOS/src/osKernel.c:50:29: warning: pointer targets in assignment from 'uint32_t *' {aka 'long unsigned int *'} to 'int32_t *' {aka 'long int *'} differ in signedness [-Wpointer-sign]
   50 |         tcbs[index].stackpt = &tcbs[index].stack[stack_size - 16];
      |                             ^
../KRTOS/src/osKernel.c:55:43: warning: assignment to 'uint32_t' {aka 'long unsigned int'} from 'callback_function_t' {aka 'void (*)(void)'} makes integer from pointer without a cast [-Wint-conversion]
   55 |         tcbs[index].stack[stack_size - 2] = tcbs[index].callback_function;
      |                                           ^
../KRTOS/src/osKernel.c: In function 'osKernel_ThreadCreate':
../KRTOS/src/osKernel.c:43:1: warning: control reaches end of non-void function [-Wreturn-type]
   43 | }
      | ^
../KRTOS/src/osKernel.c: In function 'osKernel_init':
../KRTOS/src/osKernel.c:89:1: warning: control reaches end of non-void function [-Wreturn-type]
   89 | }
      | ^
arm-none-eabi-gcc -o "RTOS.elf" @"objects.list"   -mcpu=cortex-m3 -T"C:\RTOS\STM32Cube\RTOS\STM32F103C8TX_FLASH.ld" --specs=nosys.specs -Wl,-Map="RTOS.map" -Wl,--gc-sections -static --specs=nano.specs -mfloat-abi=soft -mthumb -Wl,--start-group -lc -lm -Wl,--end-group
Finished building target: RTOS.elf
 
arm-none-eabi-size   RTOS.elf 
arm-none-eabi-objdump -h -S  RTOS.elf  > "RTOS.list"
   text	   data	    bss	    dec	    hex	filename
   2364	     88	   2240	   4692	   1254	RTOS.elf
Finished building: default.size.stdout
 
Finished building: RTOS.list
 
18:51:46 **** Incremental Build of configuration Debug for project RTOS ****
make -j8 all 
arm-none-eabi-size   RTOS.elf 
   text	   data	    bss	    dec	    hex	filename
   2364	     88	   2240	   4692	   1254	RTOS.elf
Finished building: default.size.stdout
 
18:53:03 **** Incremental Build of configuration Debug for project RTOS ****
make -j8 all 
arm-none-eabi-gcc "../KRTOS/src/osKernel.c" -mcpu=cortex-m3 -std=gnu11 -g3 -DDEBUG -DSTM32 -DSTM32F1 -DSTM32F103C8Tx -c -I"C:/RTOS/STM32Cube/RTOS/KRTOS/inc" -I../Inc -I"C:/RTOS/STM32Cube/RTOS/Inc/CMSIS/Include" -I"C:/RTOS/STM32Cube/RTOS/Inc/CMSIS/Device/ST/STM32F1xx/Include" -O0 -ffunction-sections -fdata-sections -Wall -fstack-usage -fcyclomatic-complexity -MMD -MP -MF"KRTOS/src/osKernel.d" -MT"KRTOS/src/osKernel.o" --specs=nano.specs -mfloat-abi=soft -mthumb -o "KRTOS/src/osKernel.o"
../KRTOS/src/osKernel.c: In function 'osKernel_ThreadCreate':
../KRTOS/src/osKernel.c:35:42: warning: pointer targets in assignment from 'int32_t *' {aka 'long int *'} to 'uint32_t *' {aka 'long unsigned int *'} differ in signedness [-Wpointer-sign]
   35 |                 tcbs[Tasks_number].stack = (int32_t *)calloc(tcbs[Tasks_number].stack_size, sizeof(uint32_t));
      |                                          ^
../KRTOS/src/osKernel.c: In function 'osKernelStack_Init':
../KRTOS/src/osKernel.c:50:13: error: '(TCB_t *)&tcbs' is a pointer; did you mean to use '->'?
   50 |         tcbs.stack[stack_size - 16] = 155;
      |             ^
      |             ->
../KRTOS/src/osKernel.c:51:29: warning: pointer targets in assignment from 'uint32_t *' {aka 'long unsigned int *'} to 'int32_t *' {aka 'long int *'} differ in signedness [-Wpointer-sign]
   51 |         tcbs[index].stackpt = &tcbs[index].stack[stack_size - 16];
      |                             ^
../KRTOS/src/osKernel.c:56:43: warning: assignment to 'uint32_t' {aka 'long unsigned int'} from 'callback_function_t' {aka 'void (*)(void)'} makes integer from pointer without a cast [-Wint-conversion]
   56 |         tcbs[index].stack[stack_size - 2] = tcbs[index].callback_function;
      |                                           ^
../KRTOS/src/osKernel.c: In function 'osKernel_ThreadCreate':
../KRTOS/src/osKernel.c:43:1: warning: control reaches end of non-void function [-Wreturn-type]
   43 | }
      | ^
../KRTOS/src/osKernel.c: In function 'osKernel_init':
../KRTOS/src/osKernel.c:90:1: warning: control reaches end of non-void function [-Wreturn-type]
   90 | }
      | ^
make: *** [KRTOS/src/subdir.mk:19: KRTOS/src/osKernel.o] Error 1
"make -j8 all" terminated with exit code 2. Build might be incomplete.
18:53:19 **** Incremental Build of configuration Debug for project RTOS ****
make -j8 all 
arm-none-eabi-gcc "../KRTOS/src/osKernel.c" -mcpu=cortex-m3 -std=gnu11 -g3 -DDEBUG -DSTM32 -DSTM32F1 -DSTM32F103C8Tx -c -I"C:/RTOS/STM32Cube/RTOS/KRTOS/inc" -I../Inc -I"C:/RTOS/STM32Cube/RTOS/Inc/CMSIS/Include" -I"C:/RTOS/STM32Cube/RTOS/Inc/CMSIS/Device/ST/STM32F1xx/Include" -O0 -ffunction-sections -fdata-sections -Wall -fstack-usage -fcyclomatic-complexity -MMD -MP -MF"KRTOS/src/osKernel.d" -MT"KRTOS/src/osKernel.o" --specs=nano.specs -mfloat-abi=soft -mthumb -o "KRTOS/src/osKernel.o"
../KRTOS/src/osKernel.c: In function 'osKernel_ThreadCreate':
../KRTOS/src/osKernel.c:35:42: warning: pointer targets in assignment from 'int32_t *' {aka 'long int *'} to 'uint32_t *' {aka 'long unsigned int *'} differ in signedness [-Wpointer-sign]
   35 |                 tcbs[Tasks_number].stack = (int32_t *)calloc(tcbs[Tasks_number].stack_size, sizeof(uint32_t));
      |                                          ^
../KRTOS/src/osKernel.c: In function 'osKernelStack_Init':
../KRTOS/src/osKernel.c:51:29: warning: pointer targets in assignment from 'uint32_t *' {aka 'long unsigned int *'} to 'int32_t *' {aka 'long int *'} differ in signedness [-Wpointer-sign]
   51 |         tcbs[index].stackpt = &tcbs[index].stack[stack_size - 16];
      |                             ^
../KRTOS/src/osKernel.c:56:43: warning: assignment to 'uint32_t' {aka 'long unsigned int'} from 'callback_function_t' {aka 'void (*)(void)'} makes integer from pointer without a cast [-Wint-conversion]
   56 |         tcbs[index].stack[stack_size - 2] = tcbs[index].callback_function;
      |                                           ^
../KRTOS/src/osKernel.c: In function 'osKernel_ThreadCreate':
../KRTOS/src/osKernel.c:43:1: warning: control reaches end of non-void function [-Wreturn-type]
   43 | }
      | ^
../KRTOS/src/osKernel.c: In function 'osKernel_init':
../KRTOS/src/osKernel.c:90:1: warning: control reaches end of non-void function [-Wreturn-type]
   90 | }
      | ^
arm-none-eabi-gcc -o "RTOS.elf" @"objects.list"   -mcpu=cortex-m3 -T"C:\RTOS\STM32Cube\RTOS\STM32F103C8TX_FLASH.ld" --specs=nosys.specs -Wl,-Map="RTOS.map" -Wl,--gc-sections -static --specs=nano.specs -mfloat-abi=soft -mthumb -Wl,--start-group -lc -lm -Wl,--end-group
Finished building target: RTOS.elf
 
arm-none-eabi-size   RTOS.elf 
arm-none-eabi-objdump -h -S  RTOS.elf  > "RTOS.list"
   text	   data	    bss	    dec	    hex	filename
   2392	     88	   2240	   4720	   1270	RTOS.elf
Finished building: default.size.stdout
 
Finished building: RTOS.list
 
18:55:01 **** Incremental Build of configuration Debug for project RTOS ****
make -j8 all 
arm-none-eabi-gcc "../KRTOS/src/osKernel.c" -mcpu=cortex-m3 -std=gnu11 -g3 -DDEBUG -DSTM32 -DSTM32F1 -DSTM32F103C8Tx -c -I"C:/RTOS/STM32Cube/RTOS/KRTOS/inc" -I../Inc -I"C:/RTOS/STM32Cube/RTOS/Inc/CMSIS/Include" -I"C:/RTOS/STM32Cube/RTOS/Inc/CMSIS/Device/ST/STM32F1xx/Include" -O0 -ffunction-sections -fdata-sections -Wall -fstack-usage -fcyclomatic-complexity -MMD -MP -MF"KRTOS/src/osKernel.d" -MT"KRTOS/src/osKernel.o" --specs=nano.specs -mfloat-abi=soft -mthumb -o "KRTOS/src/osKernel.o"
../KRTOS/src/osKernel.c: In function 'osKernel_ThreadCreate':
../KRTOS/src/osKernel.c:35:42: warning: pointer targets in assignment from 'int32_t *' {aka 'long int *'} to 'uint32_t *' {aka 'long unsigned int *'} differ in signedness [-Wpointer-sign]
   35 |                 tcbs[Tasks_number].stack = (int32_t *)calloc(tcbs[Tasks_number].stack_size, sizeof(uint32_t));
      |                                          ^
../KRTOS/src/osKernel.c: In function 'osKernelStack_Init':
../KRTOS/src/osKernel.c:50:29: warning: pointer targets in assignment from 'uint32_t *' {aka 'long unsigned int *'} to 'int32_t *' {aka 'long int *'} differ in signedness [-Wpointer-sign]
   50 |         tcbs[index].stackpt = &tcbs[index].stack[stack_size - 16];
      |                             ^
../KRTOS/src/osKernel.c:55:43: warning: assignment to 'uint32_t' {aka 'long unsigned int'} from 'callback_function_t' {aka 'void (*)(void)'} makes integer from pointer without a cast [-Wint-conversion]
   55 |         tcbs[index].stack[stack_size - 2] = tcbs[index].callback_function;
      |                                           ^
../KRTOS/src/osKernel.c: In function 'osKernel_ThreadCreate':
../KRTOS/src/osKernel.c:43:1: warning: control reaches end of non-void function [-Wreturn-type]
   43 | }
      | ^
../KRTOS/src/osKernel.c: In function 'osKernel_init':
../KRTOS/src/osKernel.c:89:1: warning: control reaches end of non-void function [-Wreturn-type]
   89 | }
      | ^
arm-none-eabi-gcc -o "RTOS.elf" @"objects.list"   -mcpu=cortex-m3 -T"C:\RTOS\STM32Cube\RTOS\STM32F103C8TX_FLASH.ld" --specs=nosys.specs -Wl,-Map="RTOS.map" -Wl,--gc-sections -static --specs=nano.specs -mfloat-abi=soft -mthumb -Wl,--start-group -lc -lm -Wl,--end-group
Finished building target: RTOS.elf
 
arm-none-eabi-size   RTOS.elf 
arm-none-eabi-objdump -h -S  RTOS.elf  > "RTOS.list"
   text	   data	    bss	    dec	    hex	filename
   2364	     88	   2240	   4692	   1254	RTOS.elf
Finished building: default.size.stdout
 
Finished building: RTOS.list
 
18:56:45 **** Incremental Build of configuration Debug for project RTOS ****
make -j8 all 
arm-none-eabi-gcc "../KRTOS/src/osKernel.c" -mcpu=cortex-m3 -std=gnu11 -g3 -DDEBUG -DSTM32 -DSTM32F1 -DSTM32F103C8Tx -c -I"C:/RTOS/STM32Cube/RTOS/KRTOS/inc" -I../Inc -I"C:/RTOS/STM32Cube/RTOS/Inc/CMSIS/Include" -I"C:/RTOS/STM32Cube/RTOS/Inc/CMSIS/Device/ST/STM32F1xx/Include" -O0 -ffunction-sections -fdata-sections -Wall -fstack-usage -fcyclomatic-complexity -MMD -MP -MF"KRTOS/src/osKernel.d" -MT"KRTOS/src/osKernel.o" --specs=nano.specs -mfloat-abi=soft -mthumb -o "KRTOS/src/osKernel.o"
../KRTOS/src/osKernel.c: In function 'osKernel_ThreadCreate':
../KRTOS/src/osKernel.c:35:42: warning: pointer targets in assignment from 'int32_t *' {aka 'long int *'} to 'uint32_t *' {aka 'long unsigned int *'} differ in signedness [-Wpointer-sign]
   35 |                 tcbs[Tasks_number].stack = (int32_t *)calloc(tcbs[Tasks_number].stack_size, sizeof(uint32_t));
      |                                          ^
../KRTOS/src/osKernel.c: In function 'osKernelStack_Init':
../KRTOS/src/osKernel.c:50:29: warning: pointer targets in assignment from 'uint32_t *' {aka 'long unsigned int *'} to 'int32_t *' {aka 'long int *'} differ in signedness [-Wpointer-sign]
   50 |         tcbs[index].stackpt = &tcbs[index].stack[stack_size - 16];
      |                             ^
../KRTOS/src/osKernel.c: In function 'osKernel_ThreadCreate':
../KRTOS/src/osKernel.c:43:1: warning: control reaches end of non-void function [-Wreturn-type]
   43 | }
      | ^
../KRTOS/src/osKernel.c: In function 'osKernel_init':
../KRTOS/src/osKernel.c:89:1: warning: control reaches end of non-void function [-Wreturn-type]
   89 | }
      | ^
arm-none-eabi-gcc -o "RTOS.elf" @"objects.list"   -mcpu=cortex-m3 -T"C:\RTOS\STM32Cube\RTOS\STM32F103C8TX_FLASH.ld" --specs=nosys.specs -Wl,-Map="RTOS.map" -Wl,--gc-sections -static --specs=nano.specs -mfloat-abi=soft -mthumb -Wl,--start-group -lc -lm -Wl,--end-group
Finished building target: RTOS.elf
 
arm-none-eabi-size   RTOS.elf 
arm-none-eabi-objdump -h -S  RTOS.elf  > "RTOS.list"
   text	   data	    bss	    dec	    hex	filename
   2364	     88	   2240	   4692	   1254	RTOS.elf
Finished building: default.size.stdout
 
Finished building: RTOS.list
 
18:56:50 **** Incremental Build of configuration Debug for project RTOS ****
make -j8 all 
arm-none-eabi-size   RTOS.elf 
   text	   data	    bss	    dec	    hex	filename
   2364	     88	   2240	   4692	   1254	RTOS.elf
Finished building: default.size.stdout
 
19:12:47 **** Incremental Build of configuration Debug for project RTOS ****
make -j8 all 
arm-none-eabi-gcc "../KRTOS/src/osKernel.c" -mcpu=cortex-m3 -std=gnu11 -g3 -DDEBUG -DSTM32 -DSTM32F1 -DSTM32F103C8Tx -c -I"C:/RTOS/STM32Cube/RTOS/KRTOS/inc" -I../Inc -I"C:/RTOS/STM32Cube/RTOS/Inc/CMSIS/Include" -I"C:/RTOS/STM32Cube/RTOS/Inc/CMSIS/Device/ST/STM32F1xx/Include" -O0 -ffunction-sections -fdata-sections -Wall -fstack-usage -fcyclomatic-complexity -MMD -MP -MF"KRTOS/src/osKernel.d" -MT"KRTOS/src/osKernel.o" --specs=nano.specs -mfloat-abi=soft -mthumb -o "KRTOS/src/osKernel.o"
../KRTOS/src/osKernel.c: In function 'osKernel_ThreadCreate':
../KRTOS/src/osKernel.c:35:42: warning: pointer targets in assignment from 'int32_t *' {aka 'long int *'} to 'uint32_t *' {aka 'long unsigned int *'} differ in signedness [-Wpointer-sign]
   35 |                 tcbs[Tasks_number].stack = (int32_t *)calloc(tcbs[Tasks_number].stack_size, sizeof(uint32_t));
      |                                          ^
../KRTOS/src/osKernel.c: In function 'osKernelStack_Init':
../KRTOS/src/osKernel.c:50:29: warning: pointer targets in assignment from 'uint32_t *' {aka 'long unsigned int *'} to 'int32_t *' {aka 'long int *'} differ in signedness [-Wpointer-sign]
   50 |         tcbs[index].stackpt = &tcbs[index].stack[stack_size - 16];
      |                             ^
../KRTOS/src/osKernel.c: In function 'osKernel_ThreadCreate':
../KRTOS/src/osKernel.c:43:1: warning: control reaches end of non-void function [-Wreturn-type]
   43 | }
      | ^
../KRTOS/src/osKernel.c: In function 'osKernel_init':
../KRTOS/src/osKernel.c:89:1: warning: control reaches end of non-void function [-Wreturn-type]
   89 | }
      | ^
At top level:
../KRTOS/src/osKernel.c:91:13: warning: 'osSchedular_Launch' defined but not used [-Wunused-function]
   91 | static void osSchedular_Launch(void)
      |             ^~~~~~~~~~~~~~~~~~
arm-none-eabi-gcc -o "RTOS.elf" @"objects.list"   -mcpu=cortex-m3 -T"C:\RTOS\STM32Cube\RTOS\STM32F103C8TX_FLASH.ld" --specs=nosys.specs -Wl,-Map="RTOS.map" -Wl,--gc-sections -static --specs=nano.specs -mfloat-abi=soft -mthumb -Wl,--start-group -lc -lm -Wl,--end-group
Finished building target: RTOS.elf
 
arm-none-eabi-size   RTOS.elf 
arm-none-eabi-objdump -h -S  RTOS.elf  > "RTOS.list"
   text	   data	    bss	    dec	    hex	filename
   2312	     88	   2240	   4640	   1220	RTOS.elf
Finished building: default.size.stdout
 
Finished building: RTOS.list
 
